UTC: 2026-10-09T22:47:15.795067+00:00
CWD: <HOME>/Desktop/arcora-perp/repo
$ env TMPDIR=<HOME>/Desktop/arcora-perp/repo/target/cpu-gates-20261010/tmp cargo test --locked --offline -p dark-perp-attestation --test handshake_orchestration -- --nocapture
   Compiling sec1 v0.7.3
   Compiling ring v0.17.14
   Compiling parity-scale-codec v3.7.5
   Compiling js-sys v0.3.103
   Compiling spki v0.7.3
   Compiling tiny-keccak v2.0.2
   Compiling serde_json v1.0.150
   Compiling serde-human-bytes v0.1.3
   Compiling chrono v0.4.45
   Compiling log v0.4.33
   Compiling elliptic-curve v0.13.8
   Compiling x509-cert v0.2.5
   Compiling asn1_der v0.7.7
   Compiling urlencoding v2.1.3
   Compiling byteorder v1.5.0
   Compiling x25519-dalek v2.0.1
   Compiling ecdsa v0.16.9
   Compiling k256 v0.13.4
   Compiling perp-core v0.0.1 (<HOME>/Desktop/arcora-perp/repo/crates/perp-core)
   Compiling scale-info v2.11.6
   Compiling wasm-bindgen-futures v0.4.76
   Compiling dcap-qvl-webpki v0.103.4+dcap.1 (<HOME>/Desktop/arcora-perp/repo/vendor/dcap-qvl-webpki)
   Compiling dcap-qvl v0.5.2
   Compiling dark-perp-attestation v0.0.1 (<HOME>/Desktop/arcora-perp/repo/crates/attestation)
    Finished `test` profile [unoptimized + debuginfo] target(s) in 7.01s
     Running tests/handshake_orchestration.rs (target/debug/deps/handshake_orchestration-05afe39333a1739e)

running 7 tests
test a_tampered_peer_bundle_fails_closed ... ok
test a_mismatched_eph_pub_fails_closed ... ok
test a_wrong_peer_measurement_fails_closed ... ok

thread 'both_directions_reject_expired_sessions' (10827844) panicked at crates/attestation/tests/handshake_orchestration.rs:339:9:
minted expired sessions: gateway=true prover=true
note: run with `RUST_BACKTRACE=1` environment variable to display a backtrace
test both_directions_reject_expired_sessions ... FAILED
synthetic fixture secret=aec05f965c995ab2b23360f1a49901cda11dbc2a2186b100c09d0f0dc6c7ecab token=0x88c8e06f048162a492c491b8caa5c2b168afb80477d3738c3cfeff53cee3c48d
test both_sides_derive_the_identical_secret_and_token ... ok

thread 'gateway_rejects_attested_low_order_peer_keys' (10827846) panicked at crates/attestation/tests/handshake_orchestration.rs:310:5:
minted sessions for low-order peers: ["0000000000000000000000000000000000000000000000000000000000000000", "0000000000000000000000000000000000000000000000000000000000000080", "0100000000000000000000000000000000000000000000000000000000000000", "0100000000000000000000000000000000000000000000000000000000000080", "e0eb7a7c3b41b8ae1656e3faf19fc46ada098deb9c32b1fd866205165f49b800", "e0eb7a7c3b41b8ae1656e3faf19fc46ada098deb9c32b1fd866205165f49b880", "5f9c95bca3508c24b1d0b1559c83ef5b04445cc4581c8e86d8224eddd09f1157", "5f9c95bca3508c24b1d0b1559c83ef5b04445cc4581c8e86d8224eddd09f11d7", "ecffffffffffffffffffffffffffffffffffffffffffffffffffffffffffff7f", "ecffffffffffffffffffffffffffffffffffffffffffffffffffffffffffffff", "edffffffffffffffffffffffffffffffffffffffffffffffffffffffffffff7f", "edffffffffffffffffffffffffffffffffffffffffffffffffffffffffffffff", "eeffffffffffffffffffffffffffffffffffffffffffffffffffffffffffff7f", "eeffffffffffffffffffffffffffffffffffffffffffffffffffffffffffffff"]
test gateway_rejects_attested_low_order_peer_keys ... FAILED

thread 'prover_rejects_attested_low_order_peer_keys' (10827847) panicked at crates/attestation/tests/handshake_orchestration.rs:325:5:
minted sessions for low-order peers: ["0000000000000000000000000000000000000000000000000000000000000000", "0000000000000000000000000000000000000000000000000000000000000080", "0100000000000000000000000000000000000000000000000000000000000000", "0100000000000000000000000000000000000000000000000000000000000080", "e0eb7a7c3b41b8ae1656e3faf19fc46ada098deb9c32b1fd866205165f49b800", "e0eb7a7c3b41b8ae1656e3faf19fc46ada098deb9c32b1fd866205165f49b880", "5f9c95bca3508c24b1d0b1559c83ef5b04445cc4581c8e86d8224eddd09f1157", "5f9c95bca3508c24b1d0b1559c83ef5b04445cc4581c8e86d8224eddd09f11d7", "ecffffffffffffffffffffffffffffffffffffffffffffffffffffffffffff7f", "ecffffffffffffffffffffffffffffffffffffffffffffffffffffffffffffff", "edffffffffffffffffffffffffffffffffffffffffffffffffffffffffffff7f", "edffffffffffffffffffffffffffffffffffffffffffffffffffffffffffffff", "eeffffffffffffffffffffffffffffffffffffffffffffffffffffffffffff7f", "eeffffffffffffffffffffffffffffffffffffffffffffffffffffffffffffff"]
test prover_rejects_attested_low_order_peer_keys ... FAILED

failures:

failures:
    both_directions_reject_expired_sessions
    gateway_rejects_attested_low_order_peer_keys
    prover_rejects_attested_low_order_peer_keys

test result: FAILED. 4 passed; 3 failed; 0 ignored; 0 measured; 0 filtered out; finished in 0.02s

error: test failed, to rerun pass `-p dark-perp-attestation --test handshake_orchestration`

EXIT_CODE=101
ELAPSED_SECONDS=7.379
