   Compiling prover-service v0.0.0 (<HOME>/Desktop/arcora-perp/repo/crates/prover-service)
warning: use of deprecated method `sha2::digest::generic_array::GenericArray::<T, N>::as_slice`: please upgrade to generic-array 1.x
   --> <HOME>/Desktop/arcora-perp/repo/crates/attestation/src/vtpm.rs:239:32
    |
239 |     if Sha256::digest(runtime).as_slice() != &td.report_data[..32] {
    |                                ^^^^^^^^
    |
    = note: `#[warn(deprecated)]` on by default

warning: use of deprecated method `sha2::digest::generic_array::GenericArray::<T, N>::as_slice`: please upgrade to generic-array 1.x
   --> <HOME>/Desktop/arcora-perp/repo/crates/attestation/src/vtpm.rs:270:21
    |
270 |     if h.finalize().as_slice() != q.pcr_digest {
    |                     ^^^^^^^^

warning: `dark-perp-attestation` (lib) generated 2 warnings
warning: prover-service@0.0.0: Build skipped for perp-core-guest at 2026-10-10 01:54:47 due to SP1_SKIP_PROGRAM_BUILD flag
error: call to `std::mem::drop` with a value that does not implement `Drop`. Dropping such a type only extends its contained lifetimes
   --> src/main.rs:416:5
    |
416 |     drop(pv_sk);
    |     ^^^^^^^^^^^
    |
note: argument has type `dark_perp_attestation::StaticSecret`
   --> src/main.rs:416:10
    |
416 |     drop(pv_sk);
    |          ^^^^^
    = help: for further information visit https://rust-lang.github.io/rust-clippy/rust-1.99.0/index.html#drop_non_drop
    = note: `-D clippy::drop-non-drop` implied by `-D warnings`
    = help: to override `-D warnings` add `#[allow(clippy::drop_non_drop)]`

warning: prover-service@0.0.0: Build skipped for perp-core-guest at 2026-10-10 01:54:47 due to SP1_SKIP_PROGRAM_BUILD flag
error: could not compile `prover-service` (bin "prover-service") due to 1 previous error
warning: build failed, waiting for other jobs to finish...
warning: prover-service@0.0.0: Build skipped for perp-core-guest at 2026-10-10 01:54:47 due to SP1_SKIP_PROGRAM_BUILD flag
error: could not compile `prover-service` (bin "prover-service" test) due to 1 previous error
