    Checking once_cell v1.21.4
    Checking base16ct v0.2.0
    Checking libc v0.2.186
    Checking stable_deref_trait v1.2.1
    Checking byteorder v1.5.0
   Compiling synstructure v0.13.2
    Checking spki v0.7.3
   Compiling thiserror-impl v2.0.18
    Checking rustls-pki-types v1.14.1
   Compiling zerovec-derive v0.11.3
    Checking memchr v2.8.2
    Checking sec1 v0.7.3
    Checking pkcs8 v0.10.2
   Compiling displaydoc v0.2.6
    Checking hash32 v0.2.1
    Checking futures-core v0.3.32
    Checking smallvec v1.15.2
    Checking writeable v0.6.3
    Checking heapless v0.7.17
    Checking litemap v0.8.2
    Checking serde_json v1.0.150
    Checking inout v0.1.4
    Checking utf8_iter v1.0.4
    Checking getrandom v0.2.17
    Checking cpufeatures v0.2.17
    Checking cipher v0.4.4
   Compiling zerofrom-derive v0.1.7
    Checking rand_core v0.6.4
   Compiling yoke-derive v0.8.2
    Checking sha2 v0.10.9
    Checking ring v0.17.14
    Checking keccak v0.1.6
    Checking ff v0.13.1
    Checking crypto-bigint v0.5.5
    Checking group v0.13.0
    Checking signature v2.2.0
    Checking sha3 v0.10.9
    Checking icu_properties_data v2.2.0
    Checking icu_normalizer_data v2.2.0
    Checking percent-encoding v2.3.2
    Checking x25519-dalek v2.0.1
   Compiling futures-macro v0.3.32
    Checking form_urlencoded v1.2.2
    Checking futures-sink v0.3.32
    Checking webpki-roots v1.0.8
    Checking universal-hash v0.5.1
    Checking thiserror v2.0.18
    Checking opaque-debug v0.3.1
    Checking webpki-roots v0.26.11
    Checking chacha20 v0.9.1
    Checking poly1305 v0.8.0
    Checking aead v0.5.2
    Checking wasm-bindgen v0.2.126
    Checking hkdf v0.12.4
    Checking bytes v1.12.0
    Checking chacha20poly1305 v0.10.1
    Checking x509-cert v0.2.5
    Checking sealed-box v0.0.1 (<HOME>/Desktop/arcora-perp/repo/crates/sealed-box)
    Checking zerocopy v0.8.52
    Checking zerofrom v0.1.8
    Checking errno v0.3.14
    Checking signal-hook-registry v1.4.8
    Checking futures-util v0.3.32
    Checking cobs v0.3.0
    Checking http v1.4.2
    Checking mio v1.2.1
    Checking elliptic-curve v0.13.8
    Checking postcard v1.1.3
    Checking rustls-webpki v0.103.15
    Checking dcap-qvl-webpki v0.103.4+dcap.1 (<HOME>/Desktop/arcora-perp/repo/vendor/dcap-qvl-webpki)
    Checking socket2 v0.6.4
    Checking ecdsa v0.16.9
   Compiling tokio-macros v2.7.0
    Checking httparse v1.10.1
    Checking yoke v0.8.3
    Checking rustls v0.23.45
   Compiling thiserror-impl v1.0.69
    Checking tower-service v0.3.3
    Checking http-body v1.0.1
    Checking tracing-core v0.1.36
    Checking k256 v0.13.4
    Checking tower-layer v0.3.3
    Checking http-body-util v0.1.3
    Checking sha1 v0.10.6
    Checking futures-channel v0.3.32
    Checking utf-8 v0.7.6
    Checking tracing v0.1.44
    Checking tokio v1.52.3
    Checking perp-core v0.0.1 (<HOME>/Desktop/arcora-perp/repo/crates/perp-core)
    Checking atomic-waker v1.1.2
    Checking httpdate v1.0.3
    Checking data-encoding v2.11.0
    Checking sync_wrapper v1.0.2
    Checking salsa20 v0.10.2
    Checking pbkdf2 v0.11.0
    Checking zerovec v0.11.6
    Checking zerotrie v0.2.4
   Compiling async-trait v0.1.89
    Checking mime v0.3.17
    Checking ryu v1.0.23
    Checking thiserror v1.0.69
    Checking serde_urlencoded v0.7.1
    Checking scrypt v0.10.0
    Checking ctr v0.9.2
    Checking aes v0.8.4
    Checking uuid v0.8.2
    Checking matcher v0.0.1 (<HOME>/Desktop/arcora-perp/repo/crates/matcher)
    Checking prover v0.0.1 (<HOME>/Desktop/arcora-perp/repo/crates/prover)
    Checking note-archive v0.0.1 (<HOME>/Desktop/arcora-perp/repo/crates/note-archive)
    Checking js-sys v0.3.103
    Checking sequencer v0.0.1 (<HOME>/Desktop/arcora-perp/repo/crates/sequencer)
    Checking axum-core v0.4.5
    Checking committee v0.0.1 (<HOME>/Desktop/arcora-perp/repo/crates/committee)
    Checking ppv-lite86 v0.2.21
    Checking bridge v0.0.1 (<HOME>/Desktop/arcora-perp/repo/crates/bridge)
    Checking serde_path_to_error v0.1.20
    Checking rand_chacha v0.3.1
    Checking e2e v0.0.1 (<HOME>/Desktop/arcora-perp/repo/crates/e2e)
    Checking matchit v0.7.3
    Checking tinystr v0.8.3
    Checking potential_utf v0.1.5
    Checking rand v0.8.6
    Checking icu_locale_core v2.2.0
    Checking icu_collections v2.2.0
    Checking bitflags v2.13.0
    Checking demo v0.0.1 (<HOME>/Desktop/arcora-perp/repo/crates/demo)
    Checking tower-http v0.5.2
    Checking tungstenite v0.24.0
    Checking eth-keystore v0.5.0
    Checking loadbot v0.0.1 (<HOME>/Desktop/arcora-perp/repo/crates/loadbot)
    Checking icu_provider v2.2.0
    Checking icu_normalizer v2.2.0
    Checking icu_properties v2.2.0
    Checking idna_adapter v1.2.2
    Checking idna v1.1.0
    Checking hyper v1.10.1
    Checking tower v0.5.3
    Checking tokio-tungstenite v0.24.0
    Checking url v2.5.8
    Checking ureq v2.12.1
    Checking hyper-util v0.1.20
    Checking axum v0.7.9
    Checking oracle-feed v0.0.1 (<HOME>/Desktop/arcora-perp/repo/crates/oracle-feed)
    Checking node v0.0.1 (<HOME>/Desktop/arcora-perp/repo/crates/node)
    Checking wasm-bindgen-futures v0.4.76
    Checking dcap-qvl v0.5.2
    Checking dark-perp-attestation v0.0.1 (<HOME>/Desktop/arcora-perp/repo/crates/attestation)
    Checking gateway v0.0.1 (<HOME>/Desktop/arcora-perp/repo/crates/gateway)
    Finished `dev` profile [unoptimized + debuginfo] target(s) in 10.83s
