    Finished `test` profile [unoptimized + debuginfo] target(s) in 0.19s
     Running unittests src/main.rs (/tmp/arcora-gateway-target/debug/deps/gateway-af1323d2b67b45c0)

running 403 tests
test account_recovery::snapshot_s3_tests::s3_recovery_error_preserves_existing_state ... ok
test account_recovery::snapshot_s3_tests::s3_recovery_legacy_absence_cannot_downgrade_existing_generation ... ok
test account_recovery::snapshot_s3_tests::s3_execution_error_preserves_existing_state ... ok
test bootstrap::tests::the_floor_rejects_a_dust_bootstrap_and_accepts_exactly_the_floor ... ok
test bootstrap::tests::the_record_round_trips_through_postcard_in_every_state ... ok
test candles::tests::backfill_prepends_history_without_rewriting_live_bars ... ok
test candles::tests::record_folds_ohlc_and_rolls_buckets ... ok
test candles::tests::ring_is_capped_and_out_of_order_stamps_are_ignored ... ok
test candles::tests::unknown_market_or_timeframe_is_none ... ok
test account_recovery::tests::a07_rotation_preserves_pending_routes_and_other_accounts ... ok
test account_recovery::snapshot_s3_tests::s3_marker_inside_execution_payload_is_not_a_delimiter ... ok
test account_recovery::tests::local_rebind_nonce_exhaustion_rejects_before_any_mutation ... ok
test account_recovery::tests::a07_rotation_preserves_ingested_receipts_prefix_and_proof_replay ... ok
test deposit_ingestion::receipt_tests::a01_receipt_read_after_a_later_poll_cannot_claim_undurable_credit ... ok
test deposit_ingestion::receipt_tests::a01_receipt_read_does_not_reroute_a_durable_credit ... ok
test deposit_ingestion::receipt_tests::a01_receipt_read_after_ack_returns_the_original_credit_without_reapplying ... ok
test account_recovery::snapshot_s3_tests::s3_file_limits_and_failed_write_preserve_durable_target ... ok
test deposit_ingestion::receipt_tests::a01_receipt_read_rechecks_reorg_and_restart_barriers ... ok
test deposit_ingestion::tests::a01_atomic_second_funding_failure_preserves_every_account_and_replay_op ... ok
test deposit_ingestion::tests::a01_actual_frozen_v5_fixture_migrates_losslessly_with_pending_permit ... ok
test deposit_ingestion::tests::a01_bootstrap_then_customer_prefix_and_rollback_proof_replay_agree ... ok
test deposit_ingestion::tests::a01_counter_overflow_and_duplicate_commit_leave_no_partial_credit ... ok
test deposit_ingestion::tests::a01_corrupt_receipt_prefix_or_snapshot_version_refuses_restore ... ok
test deposit_ingestion::tests::a01_auto_and_manual_race_wait_for_durable_ack_then_credit_once ... ok
test deposit_ingestion::tests::a01_explicit_legacy_adoption_is_owned_and_immutable ... ok
test deposit_ingestion::tests::a01_legacy_permits_are_preserved_without_automatic_routing ... ok
test deposit_ingestion::tests::a01_offline_customers_and_same_transaction_credit_once_in_l1_order ... ok
test deposit_ingestion::tests::a01_insurance_is_never_user_collateral ... ok
test deposit_ingestion::tests::a01_cancellation_at_ack_keeps_barrier_and_retry_never_recredits ... ok
test deposit_rpc::tests::a01_missing_finalized_header_is_not_an_empty_page ... ok
test deposit_rpc::tests::a01_native_cast_hash_pinned_jsonrpc_roundtrip ... ignored, requires the real cast binary; explicitly exercised by A01 verification
test deposit_rpc::tests::a01_rpc_domain_prefix_and_credited_anchor_reorg_are_durable_halts ... ok
test deposit_ingestion::tests::a01_legacy_bootstrap_half_transfer_resumes_without_minting_or_user_credit ... ok
test deposit_rpc::tests::a01_rpc_legacy_midblock_prefix_resumes_without_skipping_or_recrediting ... ok
test deposit_ingestion::tests::a01_disk_failure_retries_persistence_before_rpc_and_restart_is_exactly_once ... ok
test deposit_rpc::tests::a01_rpc_malformed_removed_forked_or_conflicting_logs_fail_closed ... ok
test deposit_rpc::tests::a01_rpc_missing_log_and_reordered_ids_do_not_advance_prefix ... ok
test deposit_rpc::tests::a01_rpc_failure_at_each_read_never_becomes_an_empty_success ... ok
test deposit_rpc::tests::a01_rpc_wrong_historical_header_number_is_rejected ... ok
test deposit_rpc::tests::a01_rpc_pages_whole_blocks_in_canonical_order_deduplicates_and_catches_up ... ok
test enclave_epoch::tests::old_epoch_secret_retained_for_grace ... ok
test execution::arithmetic_tests::exact_vwap_keeps_fractional_remainders_across_many_fills ... ok
test execution::arithmetic_tests::excess_fill_fails_closed_as_unavailable_metadata ... ok
test execution::arithmetic_tests::maximum_positive_i128_size_and_price_do_not_overflow_metadata ... ok
test enclave_epoch::tests::epoch_key_is_seed_scoped_and_stable ... ok
test l1::tests::a06_proven_phase_routes_only_to_its_l1_entrypoint ... ok
test l1::tests::a_pinned_read_names_its_block_and_an_unpinned_one_cannot_be_confused_for_it ... ok
test l1::tests::bridge_cross_checks_declared_chain_against_the_rpc ... ok
test l1::tests::close_only_parses_strictly_and_never_defaults_to_the_permissive_answer ... ok
test l1::tests::deposit_topic0_matches_event_signature ... ok
test l1::tests::journal_recovery_observation_pins_every_term_to_one_finalized_hash ... ok
test l1::tests::journal_recovery_observation_refuses_failure_at_every_read ... ok
test l1::tests::journal_recovery_observation_refuses_malformed_overflow_and_forked_data ... ok
test l1::tests::l1_hex_parsers_reject_non_ascii_without_panic ... ok
test l1::tests::mock_proof_bridge_allows_testnets_and_refuses_real_chains ... ok
test l1::tests::post_bond_send_has_an_explicit_gas_limit_and_plain_sends_are_unchanged ... ok
test deposit_ingestion::tests::a01_snapshot_v6_roundtrip_preserves_routing_and_consumption ... ok
test l1::tests::settle_batch_signature_matches_solidity ... ok
test l1::tests::settle_proved_argument_order_matches_solidity ... ok
test l1::tests::the_pinned_argv_is_exactly_call_addr_sig_block ... ok
test l1::tests::verify_deposit_tx_extracts_from_ownercommit_amount_id ... ok
test listen_config::tests::existing_deployment_default_is_preserved ... ok
test listen_config::tests::invalid_configuration_never_falls_back_to_a_public_listener ... ok
test listen_config::tests::local_listener_is_explicitly_loopback ... ok
test order_log::tests::append_chains_and_is_tamper_evident ... ok
test enclave_epoch::tests::published_epoch_sig_recovers_to_enclave_identity ... ok
test prover_client::prove_curl_tests::args_carry_the_transport_hardening_flags_in_pairs ... ok
test prover_client::prove_curl_tests::bearer_is_attached_when_present ... ok
test order_log::tests::chain_link_is_domain_tagged ... ok
test prover_client::prove_curl_tests::no_bearer_header_when_token_absent ... ok
test prover_client::prove_curl_tests::split_status_separates_body_and_code ... ok
test prover_client::prove_curl_tests::status_is_captured_via_write_out ... ok
test prover_client::reauth_tests::no_rehandshake_means_401_is_terminal ... ok
test prover_client::reauth_tests::re_handshakes_once_and_retries_on_401 ... ok
test prover_client::reauth_tests::second_401_is_terminal ... ok
test prover_client::reauth_tests::success_does_not_rehandshake ... ok
test prover_client::seal_nonce_tests::nonce_is_deterministic_for_same_root_and_plaintext ... ok
test prover_client::seal_nonce_tests::nonce_is_not_the_public_plaintext_hash ... ok
test prover_client::reauth_tests::rehandshake_refreshes_the_stored_secret_not_only_the_token ... ok
test prover_client::seal_nonce_tests::nonce_varies_with_plaintext_and_with_root ... ok
test order_log::tests::entries_are_sealed_not_plaintext_and_open_only_with_log_secret ... ok
test deposit_ingestion::tests::a01_rpc_failure_preserves_cursor_and_finalized_reorg_halt_survives_restart ... ok
test deposit_ingestion::tests::a05_a01_v6_migration_preserves_credits_routes_secrets_and_replay_bytes ... ok
test account_recovery::tests::local_recovery_authority_and_domain_matrix_preserves_rejected_state ... ok
test prover_client::tests::a_disagreeing_prover_is_refused ... ok
test prover_client::tests::parses_a_response_with_deposits_root ... ok
test prover_client::tests::parses_a_response_without_deposits_root ... ok
test prover_client::tests::rejects_a_present_but_malformed_root ... ok
test prover_client::tests::rejects_a_response_missing_the_commitment ... ok
test prover_client::tests::a_window_that_enters_close_only_reports_a_non_normal_post_state ... ok
test prover_client::tests::a_disagreeing_prover_names_the_differing_root ... ok
test prover_client::tests::local_derivation_matches_the_mock_prover_on_all_seven_roots ... ok
test prover_client::tests::an_empty_proof_is_refused_before_broadcast ... ok
test rollback_journal::tests::journal_missing_is_none ... ok
test prover_client::tests::the_outcome_carries_the_proven_post_state_terms_the_gate_judges ... ok
test rollback_journal::tests::journal_with_a_stale_magic_is_refused ... ok
test prover_client::tests::zero_deposit_window_submits_the_prestate_count ... ok
test rollback_journal::tests::recovery_action_full_matrix ... ok
test prover_client::tests::new_deposit_count_is_cumulative_not_per_window ... ok
test rollback_journal::tests::journal_batch_id_mismatch_fails_closed ... ok
test rollback_journal::tests::journal_seal_round_trip ... ok
test rollback_journal::tests::journal_wrong_seed_fails_closed ... ok
test s1_recovery_ws_tests::direct_idle_revocation_requires_transport_closure_not_silence ... ok
test prover_client::tests::the_insurance_term_is_the_post_state_not_the_pre_state ... ok
test account_recovery::snapshot_s3_tests::s3_historical_writers_preserve_state_authority_and_replay ... ok
test s1_recovery_ws_tests::direct_other_account_delivers_while_recovery_waits_for_disk ... ok
test s1_recovery_ws_tests::local_http_body_and_registration_limits_are_bounded ... ok
test s1_recovery_ws_tests::direct_no_snapshot_request_before_mutation_and_real_restore ... ok
test s1_recovery_ws_tests::recovery_closed_queue_is_preflight_503_and_state_unchanged ... ok
test s1_recovery_ws_tests::local_tcp_auth_ok_queued_behind_rotation_never_discloses_stale_success ... ok
test account_recovery::snapshot_s3_tests::s3_envelope_mutations_wrong_seed_and_versions_are_rejected ... ok
test s1_recovery_ws_tests::recovery_dropped_ack_then_fresh_challenge_succeeds ... ok
test s1_recovery_ws_tests::recovery_confirmed_via_real_snapshot_write_and_restore ... ok
test s1_recovery_ws_tests::local_real_rebind_before_recovery_rechecks_current_authorizer ... ok
test s1_recovery_ws_tests::recovery_full_queue_is_preflight_503_and_state_unchanged ... ok
test s1_recovery_ws_tests::recovery_false_ack_then_fresh_challenge_succeeds ... ok
test s1_recovery_ws_tests::local_same_nonce_race_has_one_winner_and_no_secret_for_loser ... ok
test s1_recovery_ws_tests::recovery_rejections_and_nonce_overflow ... ok
test s1_recovery_ws_tests::recovery_racing_sequential_nonces_and_stale_retry_is_rejected ... ok
test s1_recovery_ws_tests::recovery_wedged_writer_times_out_then_fresh_challenge_succeeds ... ok
test s1_recovery_ws_tests::recovery_restart_drops_pending_retry_and_rejects_old_authorization ... ok
test s1_recovery_ws_tests::recovery_dropped_request_then_fresh_challenge_succeeds ... ok
test s1_recovery_ws_tests::recovery_without_writer_is_503_and_state_unchanged ... ok
test s1_recovery_ws_tests::s1f_idle_authenticated_socket_closes_without_traffic ... ok
test s1_recovery_ws_tests::s1f_full_and_closed_snapshot_queues_do_not_disclose_credentials ... ok
test s1_recovery_ws_tests::s1f_post_ack_authorizer_change_is_conflict_without_secret ... ok
test s1_recovery_ws_tests::s1f_queued_private_event_cannot_cross_rotation ... ok
test s1_recovery_ws_tests::s1f_stalled_send_releases_lease_on_deadline ... ok
test s1_recovery_ws_tests::recovery_rotations_serialize_against_inflight_ack ... ok
test s1_recovery_ws_tests::ws_non_auth_command_frames_do_not_mutate_state ... ok
test service_policy::tests::disallowed_origin_is_rejected_before_handler_and_cors_is_exact ... ok
test service_policy::tests::loopback_upgrade_caps_connections_messages_and_releases_on_close ... ok
test service_policy::tests::message_budget_is_per_connection_and_refills_after_one_second ... ok
test service_policy::tests::origin_policy_is_explicit_and_configuration_is_fail_closed ... ok
test s1_recovery_ws_tests::s1f_actual_snapshot_restore_after_cancelled_response_allows_fresh_recovery ... ok
test s1_recovery_ws_tests::ws_revocation_race_slow_consumer_and_no_lock_across_send ... ok
test service_policy_integration_tests::actual_registration_rejects_bad_origin_before_body_and_mutation ... ok
test service_policy_integration_tests::actual_ws_routes_share_capacity_and_release_on_disconnect_and_message_limit ... ok
test s1_recovery_ws_tests::ws_session_revoked_after_key_rotation ... ok
test service_shutdown_tests::shutdown_is_sticky_and_prevents_even_ready_next_tick ... ok
test settle_health::tests::alert_message_names_count_error_and_remedy ... ok
test settle_health::tests::backoff_never_exceeds_cap ... ok
test settle_health::tests::first_failure_degraded_base_backoff ... ok
test settle_health::tests::healthy_initially ... ok
test settle_health::tests::journal_recovery_hold_is_immediate_and_cleared_only_by_success ... ok
test settle_health::tests::second_failure_exponential ... ok
test settle_health::tests::success_resets_and_rearms_alert ... ok
test settle_health::tests::third_failure_enters_held_alerts_once ... ok
test settle_health::tests::threshold_floor_is_one ... ok
test snapshot::crash_tests::atomic_write_crash_worker ... ignored, private subprocess worker; invoked by SIGKILL parent tests only
test service_shutdown_tests::shutdown_closes_both_socket_streams_and_joins_upgraded_tasks ... ok
test s1_recovery_ws_tests::s1f_concurrent_rotation_is_serialized_through_ack ... ok
test s1_recovery_ws_tests::ws_unrelated_sessions_unaffected_by_rotation ... ok
test service_shutdown_tests::shutdown_drains_admitted_mutation_but_refuses_new_body_and_capacity ... ok
test snapshot::tests::a_stale_snapshot_magic_is_refused ... ok
test snapshot::tests::distinct_nonces_no_keystream_reuse ... ok
test snapshot::tests::seal_hides_plaintext ... ok
test snapshot::tests::seal_open_round_trip ... ok
test snapshot::tests::tampered_ciphertext_rejected ... ok
test snapshot::tests::truncated_or_wrong_magic_rejected ... ok
test service_shutdown_tests::shutdown_http_body_deadline_and_size_leave_no_mutation_and_return_capacity ... ok
test snapshot::tests::wrong_seed_rejected ... ok
test snapshot::tests::write_atomic_tmp_names_distinct_per_target ... ok
test s1_recovery_ws_tests::s1f_send_lease_fences_rotation_without_holding_gw ... ok
test tests::a_below_floor_bootstrap_is_refused_before_either_leg_applies ... ok
test tests::a_first_leg_refusal_leaves_the_bootstrap_record_untouched ... ok
test tests::a_correct_rebind_digest_signed_by_the_wrong_key_is_rejected ... ok
test tests::a_fund_above_the_floor_alone_does_not_complete_the_bootstrap ... ok
test tests::a_production_lp_transfer_is_refused ... ok
test tests::a_production_genesis_window_submits_the_zero_prefix ... ok
test tests::a_production_simulate_adl_is_refused ... ok
test tests::a_manifest_only_window_still_settles ... ok
test tests::a_resume_from_deposit_applied_applies_only_the_second_leg ... ok
test tests::a_rebind_authorization_cannot_be_replayed_after_returning_to_the_old_address ... ok
test tests::a_second_leg_failure_records_deposit_applied_with_the_minted_notes_identity ... ok
test tests::a_testnet_may_still_use_the_mock_prover ... ok
test tests::a_rejected_only_window_still_settles ... ok
test tests::a_successful_bootstrap_raises_insurance_without_raising_external_in_twice ... ok
test tests::a_wind_down_shaped_commit_does_not_open_the_gate ... ok
test tests::a_truly_empty_window_still_returns_none ... ok
test tests::accepted_order_appends_to_encrypted_order_log ... ok
test tests::account_snapshot_round_trips_with_withdraw_nonce ... ok
test tests::account_cancel_cannot_reach_another_accounts_order ... ok
test tests::admin_key_check_is_fail_closed_and_constant_shape ... ok
test tests::an_inconclusive_observation_leaves_the_gate_unresolved_rather_than_closed ... ok
test tests::account_lp_withdraw_requires_its_own_signature ... ok
test tests::account_withdraw_records_window_withdrawal ... ok
test tests::an_undercapitalized_deployment_does_not_open_on_a_clean_settle ... ok
test tests::audit_cancellation::cancellation_only_window_is_not_skipped_and_original_inclusion_is_preferred ... ok
test tests::audit_cancellation::failed_write_is_not_reported_as_success_and_does_not_restore_the_quote ... ok
test tests::audit_cancellation::cancelled_snapshot_restores_without_resurrecting_depth_or_ingress ... ok
test tests::audit_cancellation::full_snapshot_queue_times_out_without_success ... ok
test tests::audit_cancellation::identical_order_ids_remain_account_scoped_after_sealing ... ok
test tests::audit_cancellation::pending_cancel_is_committed_instead_of_silently_dropping_a_receipted_order ... ok
test snapshot::crash_tests::sigkill_snapshot_atomic_boundaries_restore_exact_old_or_new_state ... ok
test tests::audit_cancellation::partial_cancel_reads_the_matcher_not_the_legacy_fabricated_fill_field ... ok
test tests::audit_cancellation::production_success_waits_for_durable_cancellation ... ok
test tests::audit_cancellation::production_without_persistence_refuses_before_cancelling ... ok
test tests::audit_remediation::a_full_queue_is_inside_the_snapshot_deadline ... ok
test tests::audit_remediation::atomic_writer_never_follows_a_preexisting_tmp_symlink ... ok
test tests::audit_cancellation::sealed_resting_order_cancels_and_appears_in_the_window_manifest ... ok
test tests::audit_remediation::authorization_without_persistence_releases_no_signature ... ok
test tests::audit_remediation::every_production_book_surface_explicitly_withholds_depth ... ok
test tests::audit_remediation::failed_atomic_rename_retains_the_existing_target_and_cleans_only_its_tmp ... ok
test tests::audit_remediation::failed_disk_ack_releases_no_signature_and_drops_the_unsigned_permit ... ok
test tests::audit_remediation::authorization_waits_for_disk_before_signature_and_restores_creditably ... ok
test tests::audit_remediation::oversized_deposit_is_rejected_before_creating_an_authorization ... ok
test tests::audit_remediation::pending_deposit_permits_prevent_a_rebind_from_stranding_the_queue ... ok
test tests::audit_remediation::order_post_and_list_both_deliver_the_same_acceptance_signature ... ok
test tests::audit_remediation::public_oracle_time_is_observation_time_not_request_time ... ok
test tests::audit_remediation::receipt_cache_is_bounded_metadata_bound_and_not_persisted ... ok
test tests::auth_digests_match_known_answer_vectors ... ok
test tests::audit_cancellation::settled_partial_maker_survives_history_pruning_and_remains_cancellable ... ok
test tests::begin_window_settle_none_when_unchanged ... ok
test tests::begin_window_settle_errors_on_desync_without_mutating ... ok
test snapshot::crash_tests::sigkill_initial_journal_publication_retains_preseal_state ... ok
test tests::audit_remediation::served_receipt_reproduces_original_signature_and_survives_restore ... ok
test tests::audit_remediation::snapshot_serialization_precedes_state_capture ... ok
test tests::boot_funds_user_to_15k ... ok
test tests::begin_window_settle_seals_and_takes_withdrawals ... ok
test tests::build_challenge_answer_produces_a_verifying_proof ... ok
test tests::caller_signed_account_cannot_withdraw_without_a_signature ... ok
test tests::boot_recovery_rollback_restores_reseal ... ok
test tests::caller_signed_orders_bind_reduce_only ... ok
test tests::boot_recovery_roll_forward_commits ... ok
test snapshot::crash_tests::sigkill_journal_atomic_boundaries_preserve_valid_stage_and_ambiguity ... ok
test tests::cap_history_evicts_oldest_terminal_only ... ok
test tests::challenge_scan_start_rewinds_past_the_window ... ok
test tests::client_ip_trusts_proxy_only_from_loopback ... ok
test tests::caller_signed_orders_require_a_valid_signature ... ok
test tests::candles_endpoint_serves_recorded_history ... ok
test tests::complete_plaintext_order_still_succeeds_in_demo ... ok
test tests::cancellation_durability_tests::cancellation_waits_for_ack_retries_safely_and_uses_only_private_stream ... ok
test tests::cancellation_durability_tests::no_persistence_refuses_without_cancelling_a_live_order ... ok
test tests::commit_window_settle_accumulates_and_advances ... ok
test tests::boot_recovery_persists_before_journal_delete ... ok
test tests::confirm_deposit_absent_or_mismatched_blind_is_refused ... ok
test tests::continuity_comparator_rejects_a_mismatch ... ok
test tests::continuity_comparison_ignores_hex_case ... ok
test tests::decode_hex_rejects_non_ascii_without_panic ... ok
test tests::completion_requires_the_window_carrying_the_second_leg ... ok
test tests::completion_requires_the_floor_not_just_the_window_id ... ok
test tests::confirm_deposit_duplicate_commitment_is_clean_err_and_retriable ... ok
test tests::deployment_identity_env_vars_fall_back_only_when_unset ... ok
test tests::commit_window_settle_extends_proofs_across_windows ... ok
test tests::demo_deposit_same_amount_sixty_ticks_apart_succeeds ... ok
test tests::deposit_posture_accepts_a_backed_count_and_matching_tip ... ok
test tests::deposit_posture_accepts_a_gateway_behind_the_vault ... ok
test tests::deposit_posture_accepts_the_honest_genesis ... ok
test tests::deposit_posture_refuses_a_tip_mismatch_at_an_equal_count ... ok
test tests::deposit_posture_refuses_an_unbacked_count ... ok
test tests::empty_configured_admin_key_is_disabled_not_authorizing ... ok
test tests::enclave_seed_validation_and_demo_detection ... ok
test tests::demo_genesis_is_still_funded ... ok
test tests::confirm_deposit_matching_blind_advances_tip_to_vault_fold ... ok
test tests::every_ingress_path_refuses_while_the_gate_is_closed ... ok
test tests::demo_withdraw_same_amount_sixty_ticks_apart_succeeds ... ok
test tests::deposit_address_bind_requires_ownership_proof ... ok
test tests::deposit_address_bind_accepts_eip191_personal_sign_forms ... ok
test tests::execution_regressions::a05_reported_fills_match_successful_replay_ops_and_bad_attribution_is_unavailable ... ok
test tests::execution_regressions::a05_v7_cannot_silently_drop_execution_extension ... ok
test tests::execution_regressions::a05_duplicate_tick_notification_is_idempotent_before_and_after_restart ... ok
test tests::execution_regressions::changing_v8_to_a_legacy_header_does_not_bypass_authentication ... ok
test tests::execution_regressions::a07_authenticated_v7_envelope_remains_readable ... ok
test tests::execution_regressions::cancel_before_seal_retains_original_receipt_and_is_idempotent ... ok
test tests::execution_regressions::challenge_prefers_earlier_ordered_evidence_over_later_cancellation ... ok
test tests::execution_regressions::a07_v8_preserves_generation_and_rejects_truncation_or_downgrade ... ok
test tests::execution_regressions::corrupt_execution_trailer_is_not_silently_ignored ... ok
test tests::execution_regressions::a07_v7_migration_preserves_partial_execution_and_replay ... ok
test tests::execution_regressions::full_fill_cannot_be_cancelled_and_foreign_key_cannot_cancel ... ok
test tests::execution_regressions::ioc_partial_cancels_only_unfilled_remainder ... ok
test tests::execution_regressions::legacy_maker_finishing_remainder_is_not_actionable_or_fabricated ... ok
test l1::tests::keystore_roundtrips_the_sequencer_key ... ok
test tests::execution_regressions::multi_level_taker_uses_execution_vwap_not_limit_or_zero ... ok
test tests::execution_regressions::failed_window_retains_cancel_and_rebinds_intervening_fills ... ok
test tests::execution_regressions::rejected_orders_have_zero_fills_and_specific_reason ... ok
test tests::execution_regressions::self_trade_removal_is_visible_without_fake_execution ... ok
test tests::execution_regressions::sealed_maker_cancel_removes_remainder_and_commits_manifest ... ok
test tests::fixed_len_hex_parsers_reject_non_ascii_without_panic ... ok
test tests::execution_regressions::partial_maker_reports_actual_size_and_emits_fill_once ... ok
test tests::execution_regressions::later_partial_after_settle_keeps_finality_and_tracks_new_unsettled_size ... ok
test tests::gateway_signature_round_trips_and_matches_solidity_digest ... ok
test tests::execution_regressions::snapshot_envelope_has_one_way_v8_guard_and_accepts_v5 ... ok
test tests::failed_withdrawal_does_not_burn_its_nonce ... ok
test tests::gateway_oracle_path_produces_a_validatable_signed_transcript ... ok
test snapshot::crash_tests::sigkill_prepared_journal_commit_snapshot_gaps_recover_without_double_commit ... ok
test tests::journal_ambiguous_hold_surfaces_health_and_refuses_admin_retry ... ok
test tests::ioc_taker_cannot_open_a_short_above_the_oracle_mark ... ok
test tests::ioc_taker_cannot_open_a_position_below_the_oracle_mark ... ok
test tests::l1_enabled_implies_production_mode ... ok
test tests::l1_without_a_prover_must_not_simulate_settled ... ok
test tests::execution_regressions::snapshot_roundtrip_preserves_partial_vwap_and_cancelled_remainder ... ok
test tests::execution_regressions::v5_migration_preserves_accounts_but_marks_fabricated_history_unavailable ... ok
test tests::journal_seal_and_snapshot_capture_share_the_state_lock ... ok
test tests::journal_stage1_failure_rolls_back_before_snapshot_can_capture ... ok
test tests::legacy_deposit_is_refused_in_production ... ok
test tests::journal_window_counter_exhaustion_refuses_before_any_mutation ... ok
test tests::legacy_lp_withdraw_primitive_still_works_for_the_demo_wallet ... ok
test tests::leaked_api_key_alone_cannot_rebind_deposit_address ... ok
test tests::journal_shutdown_snapshot_holds_mutations_until_exit_guard_drops ... ok
test tests::lp_deposit_debits_the_depositor_no_free_mint ... ok
test tests::journal_late_transaction_keeps_original_until_matching_landed_root ... ok
test tests::openapi_advertises_lp_only_in_demo ... ok
test tests::lp_withdraw_with_no_signer_and_no_bound_address_is_refused ... ok
test tests::order_terms_layout_is_stable_and_51_bytes ... ok
test tests::parse_prove_resp_decodes_all_fields ... ok
test tests::parse_prove_resp_rejects_malformed ... ok
test tests::mock_prover_client_matches_derive_roots ... ok
test tests::market_order_fills_even_when_the_mark_moves_after_accept ... ok
test tests::plaintext_order_missing_side_is_rejected ... ok
test tests::pre_upgrade_account_encoding_behaviour_is_pinned ... ok
test tests::lp_routes_are_absent_in_production ... ok
test tests::market_order_still_fills_at_the_mark ... ok
test tests::lp_routes_are_present_in_demo ... ok
test tests::plaintext_order_with_empty_or_unknown_tif_is_rejected ... ok
test tests::plaintext_order_with_unknown_side_is_rejected ... ok
test tests::prod_unbound_account_cannot_be_credited_by_either_path ... ok
test tests::production_genesis_leaves_no_staged_ops ... ok
test tests::prod_posture_rejects_unsealed_plaintext_order ... ok
test tests::production_pins_the_expected_measurement ... ok
test tests::production_requires_a_real_vault_binding ... ok
test tests::production_requires_a_secret_enclave_seed ... ok
test tests::production_requires_a_secret_oracle_signer ... ok
test tests::production_requires_verified_attestation ... ok
test tests::production_genesis_mints_nothing ... ok
test tests::production_genesis_matches_a_fresh_vault_prefix ... ok
test tests::production_mode_refuses_self_service_deposit ... ok
test tests::prover_from_str_selects_path ... ok
test tests::prod_snapshot_omits_mm_hedge ... ok
test tests::rebind_auth_digest_binds_both_addresses_in_order ... ok
test tests::prove_and_prepare_rejects_commitment_mismatch ... ok
test tests::prove_and_prepare_rejects_wroot_mismatch ... ok
test tests::production_mode_drops_legacy_unauthenticated_api_mutations ... ok
test tests::rebinding_the_same_address_is_a_no_op_and_burns_no_generation ... ok
test tests::recover_does_not_leak_another_accounts_notes ... ok
test tests::legacy_mode_settles_after_ticks_unchanged ... ok
test tests::prune_claimed_withdrawals_removes_only_claimed ... ok
test tests::prove_and_prepare_withdrawal_tree_byte_matches_circuit ... ok
test tests::resume_sets_force_flag_when_authorized ... ok
test tests::same_address_short_circuit_still_requires_the_control_proof ... ok
test tests::rollback_window_withdrawals_prepends ... ok
test tests::rejected_lp_withdrawal_does_not_burn_its_nonce ... ok
test tests::registered_signer_takes_precedence_over_bound_address ... ok
test tests::seal_witness_is_well_formed_and_addressed ... ok
test tests::sealed_only_wire_body_parses_and_places_the_order ... ok
test tests::self_service_deposit_is_still_refused_in_production ... ok
test tests::settle_failure_action_decides_by_batch_count ... ok
test tests::sealed_order_non_ascii_wire_is_cleanly_rejected ... ok
test tests::order_opens_position_and_advances_finality ... ok
test tests::sealed_order_wrong_or_expired_epoch_is_rejected ... ok
test tests::settle_breaker_recovered_clears_held_state ... ok
test tests::server_custody_withdrawal_requires_bound_address_signature_and_destination ... ok
test tests::sealed_order_decrypts_and_opens_position ... ok
test tests::sealed_order_replay_of_same_body_is_rejected ... ok
test tests::snapshot_now_reports_the_writers_verdict_and_refuses_when_unconfigured ... ok
test tests::snapshot_now_times_out_instead_of_hanging_when_the_writer_never_replies ... ok
test tests::settle_journal_guard_stage1_fs_failure_never_reaches_prove_callback ... ok
test tests::strict_prod_refuses_a_proverless_settle_path ... ok
test tests::snapshot_exposes_settlement_health ... ok
test tests::settle_journal_guard_unconfigured_dev_path_keeps_existing_behavior ... ok
test tests::snapshot_wrong_enclave_seed_fails_closed ... ok
test tests::snapshot_restart_round_trip_preserves_state ... ok
test tests::settle_journal_guard_stage2_fs_failure_keeps_original_and_never_broadcasts ... ok
test tests::the_gate_does_not_re_close_when_the_fund_is_later_drained ... ok
test tests::the_bootstrap_driver_refuses_a_non_operator_payer ... ok
test tests::tampering_with_a_signed_withdrawal_invalidates_it ... ok
test tests::the_pinned_gate_readers_all_route_through_the_one_choke_point ... ok
test tests::the_bootstrap_record_survives_a_snapshot_round_trip ... ok
test tests::the_one_shot_reopens_only_when_the_fund_falls_below_the_floor ... ok
test tests::settle_journal_guard_success_persists_each_stage_before_callback ... ok
test tests::settle_loop_journal_lifecycle ... ok
test tests::the_boot_roll_forward_arm_carries_the_gate_observation_both_ways ... ok
test tests::unset_prover_url_outside_strict_prod_yields_no_client ... ok
test tests::the_tx_dedup_guard_refuses_a_replayed_hash_on_its_own ... ok
test tests::unbacked_funding_has_exactly_the_known_call_sites ... ok
test tests::the_trading_gate_survives_a_snapshot_round_trip ... ok
test tests::unbacked_funding_is_refused_in_production ... ok
test tests::unbacked_insurance_seeding_is_refused_in_production ... ok
test tests::v1_withdrawals_json_serves_root_and_proof ... ok
test tests::validated_deposit_checks_without_mutating_and_bookkeeping_is_separable ... ok
test tests::withdraw_auth_digest_binds_every_field ... ok
test tests::v1_orders_carry_the_acceptance_receipt ... ok
test tests::withdrawal_digests_are_domain_separated_from_each_other_and_from_bind ... ok
test tests::v1_account_exposes_withdrawal_authorization_state ... ok
test tests::v1_batch_json_reconciles_tick_to_window ... ok
test trading_gate::tests::a_close_only_chain_never_opens_the_gate_even_on_a_perfect_match ... ok
test trading_gate::tests::a_lagging_read_is_inconclusive_and_a_diverged_one_is_not ... ok
test trading_gate::tests::the_predicate_needs_every_term_and_a_dust_fund_does_not_pass ... ok
test withdrawals::tests::challenge_leaves_match_solidity ... ok
test withdrawals::tests::empty_tree_is_zero_root ... ok
test withdrawals::tests::leaf_matches_solidity_abi_encode_packed ... ok
test withdrawals::tests::n_leaf_proofs_all_verify ... ok
test withdrawals::tests::single_leaf_root_is_the_leaf_with_empty_proof ... ok
test withdrawals::tests::two_leaf_round_trip ... ok
test tests::v1_accounts_are_isolated_and_trade ... ok
test tests::the_house_mm_injector_stages_no_counter_order_while_the_gate_is_closed ... ok
test tests::withdrawal_signature_does_not_replay_across_accounts ... ok
test tests::the_v1_account_injector_stages_no_counter_order_while_the_gate_is_closed ... ok
test tests::withdrawal_signature_does_not_replay_across_deployments ... ok
test tests::withdrawal_accepts_all_three_prehash_shapes ... ok
test tests::window_mode_defers_settled_until_commit ... ok
test s1_recovery_ws_tests::local_tcp_backpressure_has_bounded_send_and_other_account_progress ... ok
test account_recovery::snapshot_s3_tests::s3_authenticated_parser_mutation_budget ... ok

test result: ok. 401 passed; 0 failed; 2 ignored; 0 measured; 0 filtered out; finished in 17.41s

