warning: use of deprecated method `sha2::digest::generic_array::GenericArray::<T, N>::as_slice`: please upgrade to generic-array 1.x
   --> <repo>/crates/attestation/src/vtpm.rs:202:32
    |
202 |     if Sha256::digest(runtime).as_slice() != &td.report_data[..32] {
    |                                ^^^^^^^^
    |
    = note: `#[warn(deprecated)]` on by default

warning: use of deprecated method `sha2::digest::generic_array::GenericArray::<T, N>::as_slice`: please upgrade to generic-array 1.x
   --> <repo>/crates/attestation/src/vtpm.rs:238:21
    |
238 |     if h.finalize().as_slice() != q.pcr_digest {
    |                     ^^^^^^^^

warning: prover-service@0.0.0: rustc +succinct --version: "rustc 1.93.0-dev\n"
warning: prover-service@0.0.0: perp-core-guest built at 2026-09-28 09:31:43
warning: `dark-perp-attestation` (lib) generated 2 warnings
   Compiling prover-service v0.0.0 (<repo>/crates/prover-service)
    Finished `release` profile [optimized] target(s) in 2.22s
     Running unittests src/main.rs (/tmp/arcora-prover-service-target/release/deps/prover_service-05b6d6b18b4df6e9)

running 3 tests
test shutdown_tests::owned_shutdown_child ... ignored, owned subprocess fixture; launched by the SIGTERM parent tests

thread 'shutdown_tests::sigterm_after_http_cancellation_keeps_owned_worker_until_completion' (1754169) panicked at src/shutdown_tests.rs:215:17:
child failed: 
running 1 test
test shutdown_tests::owned_shutdown_child ... 
thread 'tokio-rt-worker' (1754179) panicked at <cargo-home>/registry/src/index.crates.io-1949cf8c6b5b557f/tokio-1.53.1/src/runtime/time/entry.rs:539:9:
A Tokio 1.x context was found, but it is being shutdown.
note: run with `RUST_BACKTRACE=1` environment variable to display a backtrace

thread 'shutdown_tests::owned_shutdown_child' (1754173) panicked at src/shutdown_tests.rs:149:5:
runtime exited before work completed
FAILED

failures:

failures:
    shutdown_tests::owned_shutdown_child

test result: FAILED. 0 passed; 1 failed; 0 ignored; 0 measured; 7 filtered out; finished in 0.13s


note: run with `RUST_BACKTRACE=1` environment variable to display a backtrace
test shutdown_tests::sigterm_after_http_cancellation_keeps_owned_worker_until_completion ... FAILED
PROVER_PROCESS_DRAIN {"cancelledHttpClient":false,"handlerCancelledBeforeWorkerRelease":false,"signal":"SIGTERM","listenerClosedBeforeWorkerRelease":true,"slotRetainedAfterClientDisconnect":false,"admissionClosed":true,"postDrainAdmissionStatus":503,"workerCompletedBeforeExit":true,"processExit":0,"elapsedAfterSignalMs":135,"realProof":false}
test shutdown_tests::sigterm_drains_accepted_request_before_owned_process_exit ... ok

failures:

failures:
    shutdown_tests::sigterm_after_http_cancellation_keeps_owned_worker_until_completion

test result: FAILED. 1 passed; 1 failed; 1 ignored; 0 measured; 5 filtered out; finished in 0.16s

error: test failed, to rerun pass `--bin prover-service`
