[WARN] The "pnpm" field in package.json is no longer read by pnpm. The following keys were ignored: "pnpm.onlyBuiltDependencies". See https://pnpm.io/settings for the new home of each setting.
[2m[WebServer] [22m(node:48601) Warning: The 'NO_COLOR' env is ignored due to the 'FORCE_COLOR' env being set.
[2m[WebServer] [22m(Use `node --trace-warnings ...` to show where the warning was created)
[2m[WebServer] [22m[43m[33m[[39m[49m[43m[30mWARN[39m[49m[43m[33m][39m[49m The "pnpm" field in package.json is no longer read by pnpm. The following keys were ignored: "pnpm.onlyBuiltDependencies". See https://pnpm.io/settings for the new home of each setting.
[2m[WebServer] [22m(node:48604) Warning: The 'NO_COLOR' env is ignored due to the 'FORCE_COLOR' env being set.
[2m[WebServer] [22m(Use `node --trace-warnings ...` to show where the warning was created)
[2m[WebServer] [22m(node:48624) Warning: The 'NO_COLOR' env is ignored due to the 'FORCE_COLOR' env being set.
[2m[WebServer] [22m(Use `node --trace-warnings ...` to show where the warning was created)

Running 72 tests using 1 worker

(node:48625) Warning: The 'NO_COLOR' env is ignored due to the 'FORCE_COLOR' env being set.
(Use `node --trace-warnings ...` to show where the warning was created)
(node:48625) Warning: The 'NO_COLOR' env is ignored due to the 'FORCE_COLOR' env being set.
(Use `node --trace-warnings ...` to show where the warning was created)
  ✓   1 [chromium] › tests/browser/deposit.spec.ts:80:1 › DP-01 full synthetic wallet pipeline retains exact calldata and scoped HTTP intent (456ms)
  ✓   2 [chromium] › tests/browser/deposit.spec.ts:93:66 › DP-02 market changes during mint prompt stop all subsequent mutation (317ms)
  ✓   3 [chromium] › tests/browser/deposit.spec.ts:93:66 › DP-02 market changes during approve prompt stop all subsequent mutation (286ms)
  ✓   4 [chromium] › tests/browser/deposit.spec.ts:93:66 › DP-02 market changes during signature prompt stop all subsequent mutation (317ms)
  ✓   5 [chromium] › tests/browser/deposit.spec.ts:93:66 › DP-02 market changes during deposit prompt stop all subsequent mutation (328ms)
  ✓   6 [chromium] › tests/browser/deposit.spec.ts:105:1 › DP-03 native two-tab lock and credential propagation stop pending bind signature (684ms)
  ✓   7 [chromium] › tests/browser/deposit.spec.ts:119:50 › DP-04 delayed authorize reply cannot succeed after credential rotation (673ms)
  ✓   8 [chromium] › tests/browser/deposit.spec.ts:119:50 › DP-04 delayed onchain reply cannot succeed after credential rotation (689ms)
  ✓   9 [chromium] › tests/browser/deposit.spec.ts:130:1 › DP-05 unknown wallet send survives reload and refuses duplicate transfer (365ms)
  ✓  10 [chromium] › tests/browser/deposit.spec.ts:144:1 › DP-06 unknown credit response resumes recorded transaction after reload (479ms)
  ✓  11 [chromium] › tests/browser/deposit.spec.ts:158:66 › DP-07 missing credit receipt retains journal and retries only original transaction (413ms)
  ✓  12 [chromium] › tests/browser/deposit.spec.ts:158:66 › DP-07 unknown credit receipt retains journal and retries only original transaction (426ms)
  ✓  13 [chromium] › tests/browser/deposit.spec.ts:158:66 › DP-07 zero credit receipt retains journal and retries only original transaction (436ms)
  ✓  14 [chromium] › tests/browser/deposit.spec.ts:158:66 › DP-07 wrongAmount credit receipt retains journal and retries only original transaction (460ms)
  ✓  15 [chromium] › tests/browser/deposit.spec.ts:178:1 › DP-08 status-only reconciliation after same-owner credential rotation retains the original hash (730ms)
  ✓  16 [chromium] › tests/browser/deposit.spec.ts:197:1 › DP-09 original market must be restored before checking the recorded deposit (548ms)
  ✓  17 [chromium] › tests/browser/deposit.spec.ts:212:1 › DP-10 pending and reverted status checks preserve the original operation without sends (602ms)
  ✓  18 [chromium] › tests/browser/local.spec.ts:87:1 › BR-01 real same-origin tabs serialize recovery and adopt storage generation (553ms)
  ✓  19 [chromium] › tests/browser/local.spec.ts:104:1 › BR-01 closing tab holding native Web Lock releases recovery for sibling (484ms)
  ✓  20 [chromium] › tests/browser/local.spec.ts:112:1 › BR-04 wallet rejection and absent Web Locks both fail before POST (282ms)
  ✓  21 [chromium] › tests/browser/local.spec.ts:120:1 › BR-05 storage quota failure retains new key in memory and warns after confirmed rotation (325ms)
  ✓  22 [chromium] › tests/browser/local.spec.ts:132:64 › BR-06 legacy record never transmits old key or registers replacement (111ms)
  ✓  23 [chromium] › tests/browser/local.spec.ts:132:64 › BR-06 mismatch record never transmits old key or registers replacement (98ms)
  ✓  24 [chromium] › tests/browser/local.spec.ts:132:64 › BR-06 corrupt record never transmits old key or registers replacement (105ms)
  ✓  25 [chromium] › tests/browser/local.spec.ts:143:1 › BR-08 withdrawal retains signed market when selection changes during wallet prompt (219ms)
  ✓  26 [chromium] › tests/browser/local.spec.ts:152:1 › BR-07 cancel response after recovery cannot emit success into new credential context (361ms)
  ✓  27 [chromium] › tests/browser/local.spec.ts:161:1 › S2-04 CSP blocks inline script and external connect; errors render only text (336ms)
  ✓  28 [chromium] › tests/browser/local.spec.ts:179:1 › BR-03 real HTTP body stall is bounded and preserves saved credential (46.2s)
  ✓  29 [chromium] › tests/browser/local.spec.ts:188:1 › BR-08 cross-tab rotation while withdrawal signature waits aborts old mutation (497ms)
  ✓  30 [chromium] › tests/browser/local.spec.ts:199:1 › BR-07 stale withdrawal proof response is discarded after rotation (349ms)
  ✓  31 [chromium] › tests/browser/local.spec.ts:207:1 › BR-01 metadata and storage-write barriers retain one recovery lock across tabs (799ms)
  ✓  32 [chromium] › tests/browser/local.spec.ts:222:1 › BR-02 obsolete socket callbacks cannot close current native browser socket (261ms)
  ✓  33 [chromium] › tests/browser/local.spec.ts:239:1 › BR-07 old refresh held across rotation cannot install stale balance (363ms)
  ✓  34 [chromium] › tests/browser/local.spec.ts:256:1 › BR-05 session-only warning survives leaving and returning to recovery panel (304ms)
  ✓  35 [chromium] › tests/browser/local.spec.ts:265:1 › S2-02 disabled storage does not crash application shell (162ms)
  ✓  36 [chromium] › tests/browser/local.spec.ts:272:1 › BR-05 session-only warning remains during and after rejected second recovery (476ms)
(node:49326) Warning: The 'NO_COLOR' env is ignored due to the 'FORCE_COLOR' env being set.
(Use `node --trace-warnings ...` to show where the warning was created)
(node:49326) Warning: The 'NO_COLOR' env is ignored due to the 'FORCE_COLOR' env being set.
(Use `node --trace-warnings ...` to show where the warning was created)
  ✓  37 [webkit] › tests/browser/deposit.spec.ts:80:1 › DP-01 full synthetic wallet pipeline retains exact calldata and scoped HTTP intent (652ms)
  ✓  38 [webkit] › tests/browser/deposit.spec.ts:93:66 › DP-02 market changes during mint prompt stop all subsequent mutation (265ms)
  ✓  39 [webkit] › tests/browser/deposit.spec.ts:93:66 › DP-02 market changes during approve prompt stop all subsequent mutation (257ms)
  ✓  40 [webkit] › tests/browser/deposit.spec.ts:93:66 › DP-02 market changes during signature prompt stop all subsequent mutation (231ms)
  ✓  41 [webkit] › tests/browser/deposit.spec.ts:93:66 › DP-02 market changes during deposit prompt stop all subsequent mutation (356ms)
  ✓  42 [webkit] › tests/browser/deposit.spec.ts:105:1 › DP-03 native two-tab lock and credential propagation stop pending bind signature (484ms)
  ✓  43 [webkit] › tests/browser/deposit.spec.ts:119:50 › DP-04 delayed authorize reply cannot succeed after credential rotation (556ms)
  ✓  44 [webkit] › tests/browser/deposit.spec.ts:119:50 › DP-04 delayed onchain reply cannot succeed after credential rotation (564ms)
  ✓  45 [webkit] › tests/browser/deposit.spec.ts:130:1 › DP-05 unknown wallet send survives reload and refuses duplicate transfer (495ms)
  ✓  46 [webkit] › tests/browser/deposit.spec.ts:144:1 › DP-06 unknown credit response resumes recorded transaction after reload (550ms)
  ✓  47 [webkit] › tests/browser/deposit.spec.ts:158:66 › DP-07 missing credit receipt retains journal and retries only original transaction (481ms)
  ✓  48 [webkit] › tests/browser/deposit.spec.ts:158:66 › DP-07 unknown credit receipt retains journal and retries only original transaction (480ms)
  ✓  49 [webkit] › tests/browser/deposit.spec.ts:158:66 › DP-07 zero credit receipt retains journal and retries only original transaction (495ms)
  ✓  50 [webkit] › tests/browser/deposit.spec.ts:158:66 › DP-07 wrongAmount credit receipt retains journal and retries only original transaction (471ms)
  ✓  51 [webkit] › tests/browser/deposit.spec.ts:178:1 › DP-08 status-only reconciliation after same-owner credential rotation retains the original hash (698ms)
  ✓  52 [webkit] › tests/browser/deposit.spec.ts:197:1 › DP-09 original market must be restored before checking the recorded deposit (530ms)
  ✓  53 [webkit] › tests/browser/deposit.spec.ts:212:1 › DP-10 pending and reverted status checks preserve the original operation without sends (480ms)
  ✓  54 [webkit] › tests/browser/local.spec.ts:87:1 › BR-01 real same-origin tabs serialize recovery and adopt storage generation (704ms)
  ✓  55 [webkit] › tests/browser/local.spec.ts:104:1 › BR-01 closing tab holding native Web Lock releases recovery for sibling (634ms)
  ✓  56 [webkit] › tests/browser/local.spec.ts:112:1 › BR-04 wallet rejection and absent Web Locks both fail before POST (360ms)
  ✓  57 [webkit] › tests/browser/local.spec.ts:120:1 › BR-05 storage quota failure retains new key in memory and warns after confirmed rotation (386ms)
  ✓  58 [webkit] › tests/browser/local.spec.ts:132:64 › BR-06 legacy record never transmits old key or registers replacement (167ms)
  ✓  59 [webkit] › tests/browser/local.spec.ts:132:64 › BR-06 mismatch record never transmits old key or registers replacement (162ms)
  ✓  60 [webkit] › tests/browser/local.spec.ts:132:64 › BR-06 corrupt record never transmits old key or registers replacement (169ms)
  ✓  61 [webkit] › tests/browser/local.spec.ts:143:1 › BR-08 withdrawal retains signed market when selection changes during wallet prompt (287ms)
  ✓  62 [webkit] › tests/browser/local.spec.ts:152:1 › BR-07 cancel response after recovery cannot emit success into new credential context (416ms)
  ✓  63 [webkit] › tests/browser/local.spec.ts:161:1 › S2-04 CSP blocks inline script and external connect; errors render only text (366ms)
  ✓  64 [webkit] › tests/browser/local.spec.ts:179:1 › BR-03 real HTTP body stall is bounded and preserves saved credential (45.3s)
  ✓  65 [webkit] › tests/browser/local.spec.ts:188:1 › BR-08 cross-tab rotation while withdrawal signature waits aborts old mutation (619ms)
  ✓  66 [webkit] › tests/browser/local.spec.ts:199:1 › BR-07 stale withdrawal proof response is discarded after rotation (325ms)
  ✓  67 [webkit] › tests/browser/local.spec.ts:207:1 › BR-01 metadata and storage-write barriers retain one recovery lock across tabs (669ms)
  ✓  68 [webkit] › tests/browser/local.spec.ts:222:1 › BR-02 obsolete socket callbacks cannot close current native browser socket (328ms)
  ✓  69 [webkit] › tests/browser/local.spec.ts:239:1 › BR-07 old refresh held across rotation cannot install stale balance (420ms)
  ✓  70 [webkit] › tests/browser/local.spec.ts:256:1 › BR-05 session-only warning survives leaving and returning to recovery panel (384ms)
  ✓  71 [webkit] › tests/browser/local.spec.ts:265:1 › S2-02 disabled storage does not crash application shell (232ms)
  ✓  72 [webkit] › tests/browser/local.spec.ts:272:1 › BR-05 session-only warning remains during and after rejected second recovery (578ms)

  72 passed (2.1m)
