   Compiling unicode-ident v1.0.24
   Compiling proc-macro2 v1.0.106
   Compiling quote v1.0.46
   Compiling zeroize v1.9.0
   Compiling libc v0.2.186
   Compiling syn v2.0.118
   Compiling version_check v0.9.5
   Compiling generic-array v0.14.7
   Compiling typenum v1.20.1
   Compiling cfg-if v1.0.4
   Compiling crypto-common v0.1.7
   Compiling subtle v2.6.1
   Compiling const-oid v0.9.6
   Compiling getrandom v0.2.17
   Compiling block-buffer v0.10.4
   Compiling digest v0.10.7
   Compiling rand_core v0.6.4
   Compiling cpufeatures v0.2.17
   Compiling serde_core v1.0.228
   Compiling base64ct v1.8.3
   Compiling pem-rfc7468 v0.7.0
   Compiling der_derive v0.7.3
   Compiling flagset v0.4.7
   Compiling der v0.7.10
   Compiling serde v1.0.228
   Compiling serde_derive v1.0.228
   Compiling spki v0.7.3
   Compiling once_cell v1.21.4
   Compiling hmac v0.12.1
   Compiling synstructure v0.13.2
   Compiling itoa v1.0.18
   Compiling stable_deref_trait v1.2.1
   Compiling pkcs8 v0.10.2
   Compiling sha2 v0.10.9
   Compiling zerofrom-derive v0.1.7
   Compiling signature v2.2.0
   Compiling ff v0.13.1
   Compiling base16ct v0.2.0
   Compiling semver v1.0.28
   Compiling rustc_version v0.4.1
   Compiling sec1 v0.7.3
   Compiling group v0.13.0
   Compiling zerofrom v0.1.8
   Compiling yoke-derive v0.8.2
   Compiling crypto-bigint v0.5.5
   Compiling rustversion v1.0.22
   Compiling pin-project-lite v0.2.17
   Compiling elliptic-curve v0.13.8
   Compiling yoke v0.8.3
   Compiling hashbrown v0.17.1
   Compiling equivalent v1.0.2
   Compiling futures-core v0.3.32
   Compiling smallvec v1.15.2
   Compiling zerocopy v0.8.52
   Compiling indexmap v2.14.0
   Compiling rfc6979 v0.4.0
   Compiling zerovec-derive v0.11.3
   Compiling ecdsa v0.16.9
   Compiling zerovec v0.11.6
   Compiling displaydoc v0.2.6
   Compiling bytes v1.12.0
   Compiling libm v0.2.16
   Compiling autocfg v1.5.1
   Compiling ppv-lite86 v0.2.21
   Compiling log v0.4.33
   Compiling rand_chacha v0.3.1
   Compiling num-traits v0.2.19
   Compiling inout v0.1.4
   Compiling wasm-bindgen-shared v0.2.126
   Compiling crunchy v0.2.4
   Compiling cipher v0.4.4
   Compiling rand v0.8.6
   Compiling http v1.4.2
   Compiling tinystr v0.8.3
   Compiling curve25519-dalek v4.1.3
   Compiling futures-macro v0.3.32
   Compiling rustls-pki-types v1.14.1
   Compiling winnow v1.0.3
   Compiling litemap v0.8.2
   Compiling futures-task v0.3.32
   Compiling writeable v0.6.3
   Compiling tiny-keccak v2.0.2
   Compiling byteorder v1.5.0
   Compiling zmij v1.0.21
   Compiling find-msvc-tools v0.1.9
   Compiling futures-sink v0.3.32
   Compiling slab v0.4.12
   Compiling shlex v2.0.1
   Compiling futures-util v0.3.32
   Compiling cc v1.2.65
   Compiling toml_parser v1.1.2+spec-1.1.0
   Compiling icu_locale_core v2.2.0
   Compiling zerotrie v0.2.4
   Compiling potential_utf v0.1.5
   Compiling unicode-xid v0.2.6
   Compiling serde_json v1.0.150
   Compiling toml_datetime v1.1.1+spec-1.1.0
   Compiling icu_properties_data v2.2.0
   Compiling untrusted v0.9.0
   Compiling icu_normalizer_data v2.2.0
   Compiling utf8_iter v1.0.4
   Compiling icu_collections v2.2.0
   Compiling toml_edit v0.25.12+spec-1.1.0
   Compiling icu_provider v2.2.0
   Compiling ring v0.17.14
   Compiling k256 v0.13.4
   Compiling errno v0.3.14
   Compiling httparse v1.10.1
   Compiling bumpalo v3.20.3
   Compiling memchr v2.8.2
   Compiling wasm-bindgen-macro-support v0.2.126
   Compiling perp-core v0.0.1 (<repo>/crates/perp-core)
   Compiling signal-hook-registry v1.4.8
   Compiling proc-macro-crate v3.5.0
   Compiling num-integer v0.1.46
   Compiling http-body v1.0.1
   Compiling wasm-bindgen v0.2.126
   Compiling tokio-macros v2.7.0
   Compiling mio v1.2.1
   Compiling socket2 v0.6.4
   Compiling konst_macro_rules v0.2.19
   Compiling num-bigint-dig v0.8.6
   Compiling spin v0.9.8
   Compiling percent-encoding v2.3.2
   Compiling base64 v0.22.1
   Compiling thiserror v1.0.69
   Compiling form_urlencoded v1.2.2
   Compiling lazy_static v1.5.0
   Compiling konst v0.2.20
   Compiling tokio v1.52.3
   Compiling num-iter v0.1.45
   Compiling icu_normalizer v2.2.0
   Compiling icu_properties v2.2.0
   Compiling wasm-bindgen-macro v0.2.126
   Compiling const_format_proc_macros v0.2.34
   Compiling parity-scale-codec v3.7.5
   Compiling primeorder v0.13.6
   Compiling thiserror-impl v1.0.69
   Compiling tower-service v0.3.3
   Compiling unicode-segmentation v1.13.3
   Compiling hex v0.4.3
   Compiling thiserror v2.0.18
   Compiling convert_case v0.10.0
   Compiling const_format v0.2.36
   Compiling idna_adapter v1.2.2
   Compiling parity-scale-codec-derive v3.7.5
   Compiling heapless v0.7.17
   Compiling ed25519 v2.2.3
   Compiling pkcs1 v0.7.5
   Compiling tracing-core v0.1.36
   Compiling thiserror-impl v2.0.18
   Compiling impl-trait-for-tuples v0.2.3
   Compiling derive_more-impl v1.0.0
   Compiling universal-hash v0.5.1
   Compiling byte-slice-cast v1.2.3
   Compiling opaque-debug v0.3.1
   Compiling tower-layer v0.3.3
   Compiling arrayvec v0.7.7
   Compiling rustls v0.23.41
   Compiling anyhow v1.0.103
   Compiling derive_more v1.0.0
   Compiling poly1305 v0.8.0
   Compiling tracing v0.1.44
   Compiling rsa v0.9.10
   Compiling ed25519-dalek v2.2.0
   Compiling rustls-webpki v0.103.13
   Compiling js-sys v0.3.103
   Compiling idna v1.1.0
   Compiling derive_more-impl v2.1.1
   Compiling p384 v0.13.1
   Compiling p256 v0.13.2
   Compiling http-body-util v0.1.3
   Compiling scale-info-derive v2.11.6
   Compiling x25519-dalek v2.0.1
   Compiling hash32 v0.2.1
   Compiling webpki-roots v1.0.8
   Compiling chacha20 v0.9.1
   Compiling futures-channel v0.3.32
   Compiling sha1 v0.10.6
   Compiling keccak v0.1.6
   Compiling aead v0.5.2
   Compiling httpdate v1.0.3
   Compiling base64 v0.13.1
   Compiling sync_wrapper v1.0.2
   Compiling data-encoding v2.11.0
   Compiling utf-8 v0.7.6
   Compiling atomic-waker v1.1.2
   Compiling hyper v1.10.1
   Compiling tungstenite v0.24.0
   Compiling serde-human-bytes v0.1.3
   Compiling chacha20poly1305 v0.10.1
   Compiling sha3 v0.10.9
   Compiling webpki-roots v0.26.11
   Compiling wasm-bindgen-futures v0.4.76
   Compiling scale-info v2.11.6
   Compiling dcap-qvl-webpki v0.103.4+dcap.1
   Compiling derive_more v2.1.1
   Compiling url v2.5.8
   Compiling cobs v0.3.0
   Compiling pem v3.0.6
   Compiling chrono v0.4.45
   Compiling salsa20 v0.10.2
   Compiling hkdf v0.12.4
   Compiling x509-cert v0.2.5
   Compiling async-trait v0.1.89
   Compiling pbkdf2 v0.11.0
   Compiling ryu v1.0.23
   Compiling asn1_der v0.7.7
   Compiling mime v0.3.17
   Compiling urlencoding v2.1.3
   Compiling axum-core v0.4.5
   Compiling dcap-qvl v0.5.2
   Compiling serde_urlencoded v0.7.1
   Compiling scrypt v0.10.0
   Compiling ureq v2.12.1
   Compiling sealed-box v0.0.1 (<repo>/crates/sealed-box)
   Compiling postcard v1.1.3
   Compiling tokio-tungstenite v0.24.0
   Compiling hyper-util v0.1.20
   Compiling tower v0.5.3
   Compiling matcher v0.0.1 (<repo>/crates/matcher)
   Compiling ctr v0.9.2
   Compiling aes v0.8.4
   Compiling uuid v0.8.2
   Compiling serde_path_to_error v0.1.20
   Compiling bitflags v2.13.0
   Compiling matchit v0.7.3
   Compiling tower-http v0.5.2
   Compiling axum v0.7.9
   Compiling eth-keystore v0.5.0
   Compiling sequencer v0.0.1 (<repo>/crates/sequencer)
   Compiling prover v0.0.1 (<repo>/crates/prover)
   Compiling oracle-feed v0.0.1 (<repo>/crates/oracle-feed)
   Compiling note-archive v0.0.1 (<repo>/crates/note-archive)
   Compiling dark-perp-attestation v0.0.1 (<repo>/crates/attestation)
   Compiling gateway v0.0.1 (<repo>/crates/gateway)
    Finished `test` profile [unoptimized + debuginfo] target(s) in 48.96s
     Running unittests src/main.rs (/tmp/arcora-gateway-target/debug/deps/gateway-54ec5925559e964d)

running 1 test
[oracle-feed] publisher signer address 0x70997970c51812dc3a010c7d01b50e0d17dc79c8 — set each Market.oracle_pubkey to this
[state] genesis engine root 0x45c35f80338a149a3d14d3dd8bfdd959f3dc769427b15c0e65ba817a54156436

thread 'account_recovery::tests::local_rebind_nonce_exhaustion_rejects_before_any_mutation' (1029258) panicked at crates/gateway/src/main.rs:2196:13:
attempt to add with overflow
note: run with `RUST_BACKTRACE=1` environment variable to display a backtrace
test account_recovery::tests::local_rebind_nonce_exhaustion_rejects_before_any_mutation ... FAILED

failures:

failures:
    account_recovery::tests::local_rebind_nonce_exhaustion_rejects_before_any_mutation

test result: FAILED. 0 passed; 1 failed; 0 ignored; 0 measured; 370 filtered out; finished in 0.02s

error: test failed, to rerun pass `-p gateway --bin gateway`
