   Compiling sp1-prover-types v6.1.0
   Compiling heapless v0.7.17
   Compiling sp1-verifier v6.1.0
   Compiling dirs v5.0.1
   Compiling portable-atomic v1.15.0
   Compiling iana-time-zone v0.1.65
   Compiling async-scoped v0.9.0
   Compiling hash32 v0.2.1
   Compiling cargo-platform v0.1.9
   Compiling semver v1.0.28
   Compiling serial_test_derive v3.5.0
   Compiling minimal-lexical v0.2.1
   Compiling number_prefix v0.4.0
   Compiling symlink v0.1.0
   Compiling tracing-appender v0.2.5
   Compiling indicatif v0.17.11
   Compiling nom v7.1.3
   Compiling serial_test v3.5.0
   Compiling cargo_metadata v0.18.1
   Compiling sp1-recursion-gnark-ffi v6.1.0
   Compiling chrono v0.4.45
   Compiling sp1-build v6.1.0
   Compiling reqwest v0.12.28
   Compiling sp1-recursion-circuit v6.1.0
   Compiling cobs v0.3.0
   Compiling lru v0.18.4
   Compiling opentelemetry v0.23.0
   Compiling sp1-prover v6.1.0 (/Users/huseyinarslan/Desktop/arcora-perp/repo/vendor/sp1-prover)
   Compiling postcard v1.1.3
   Compiling sp1-host v0.0.0 (/Users/huseyinarslan/Desktop/arcora-perp/repo/crates/sp1-host)
   Compiling eventsource-stream v0.2.3
   Compiling perp-core v0.0.1 (/Users/huseyinarslan/Desktop/arcora-perp/repo/crates/perp-core)
   Compiling sp1-sdk v6.1.0
   Compiling prover v0.0.1 (/Users/huseyinarslan/Desktop/arcora-perp/repo/crates/prover)
warning: sp1-host@0.0.0: rustc +succinct --version: "rustc 1.93.0-dev\n"
warning: sp1-host@0.0.0: perp-core-guest built at 2026-10-09 23:56:01
    Finished `release` profile [optimized] target(s) in 3m 09s
warning: the following packages contain code that will be rejected by a future version of Rust: proc-macro-error2 v2.0.1
note: to see what the problems were, use the option `--future-incompat-report`, or run `cargo report future-incompatibilities --id 1`
