   Compiling version_check v0.9.5
   Compiling zeroize v1.9.0
   Compiling typenum v1.20.1
   Compiling generic-array v0.14.7
   Compiling subtle v2.6.1
   Compiling proc-macro2 v1.0.106
   Compiling const-oid v0.9.6
   Compiling quote v1.0.46
   Compiling unicode-ident v1.0.24
   Compiling block-buffer v0.10.4
   Compiling crypto-common v0.1.7
   Compiling digest v0.10.7
   Compiling rand_core v0.6.4
   Compiling syn v2.0.118
   Compiling libc v0.2.186
   Compiling ff v0.13.1
   Compiling der v0.7.10
   Compiling serde_core v1.0.228
   Compiling base16ct v0.2.0
   Compiling semver v1.0.28
   Compiling rustc_version v0.4.1
   Compiling sec1 v0.7.3
   Compiling group v0.13.0
   Compiling crypto-bigint v0.5.5
   Compiling hmac v0.12.1
   Compiling thiserror v2.0.18
   Compiling serde v1.0.228
   Compiling crunchy v0.2.4
   Compiling elliptic-curve v0.13.8
   Compiling rfc6979 v0.4.0
   Compiling cpufeatures v0.2.17
   Compiling heapless v0.7.17
   Compiling thiserror-impl v2.0.18
   Compiling serde_derive v1.0.228
   Compiling signature v2.2.0
   Compiling tiny-keccak v2.0.2
   Compiling cfg-if v1.0.4
   Compiling byteorder v1.5.0
   Compiling hash32 v0.2.1
   Compiling sha2 v0.10.9
   Compiling ecdsa v0.16.9
   Compiling stable_deref_trait v1.2.1
   Compiling cobs v0.3.0
   Compiling k256 v0.13.4
   Compiling postcard v1.1.3
   Compiling perp-core v0.0.1 (<repo>/crates/perp-core)
    Finished `test` profile [unoptimized + debuginfo] target(s) in 7.43s
     Running tests/local_s4.rs (/tmp/arcora-core-target/debug/deps/local_s4-7a1eed059c28085c)

running 2 tests
test exhausted_batch_counter_rejects_before_deposit_mutation ... FAILED
test last_representable_batch_completes_then_empty_batch_rejects ... FAILED

failures:

---- exhausted_batch_counter_rejects_before_deposit_mutation stdout ----

thread 'exhausted_batch_counter_rejects_before_deposit_mutation' (1010494) panicked at crates/perp-core/src/engine.rs:236:9:
attempt to add with overflow
note: run with `RUST_BACKTRACE=1` environment variable to display a backtrace

thread 'exhausted_batch_counter_rejects_before_deposit_mutation' (1010494) panicked at crates/perp-core/tests/local_s4.rs:27:5:
batch counter overflow must be a controlled error

---- last_representable_batch_completes_then_empty_batch_rejects stdout ----

thread 'last_representable_batch_completes_then_empty_batch_rejects' (1010495) panicked at crates/perp-core/src/engine.rs:236:9:
attempt to add with overflow

thread 'last_representable_batch_completes_then_empty_batch_rejects' (1010495) panicked at crates/perp-core/tests/local_s4.rs:44:5:
even an empty batch must not wrap its identity


failures:
    exhausted_batch_counter_rejects_before_deposit_mutation
    last_representable_batch_completes_then_empty_batch_rejects

test result: FAILED. 0 passed; 2 failed; 0 ignored; 0 measured; 0 filtered out; finished in 0.00s

error: test failed, to rerun pass `-p perp-core --test local_s4`
