    Updating crates.io index
     Locking 118 packages to latest compatible versions
      Adding crypto-common v0.1.6 (available: v0.1.7)
      Adding p3-challenger v0.4.3-succinct (available: v0.4.3)
      Adding p3-dft v0.4.3-succinct (available: v0.4.3)
      Adding p3-field v0.4.3-succinct (available: v0.4.3)
      Adding p3-koala-bear v0.4.3-succinct (available: v0.4.3)
      Adding p3-matrix v0.4.3-succinct (available: v0.4.3)
      Adding p3-maybe-rayon v0.4.3-succinct (available: v0.4.3)
      Adding p3-mds v0.4.3-succinct (available: v0.4.3)
      Adding p3-poseidon2 v0.4.3-succinct (available: v0.4.3)
      Adding p3-symmetric v0.4.3-succinct (available: v0.4.3)
      Adding p3-util v0.4.3-succinct (available: v0.4.3)
      Adding sp1-zkvm v6.0.0 (available: v6.8.1)
    Updating crates.io index
     Locking 527 packages to latest compatible versions
      Adding crypto-common v0.1.6 (available: v0.1.7)
      Adding generic-array v1.1.0 (available: v1.4.5)
      Adding p3-field v0.4.3-succinct (available: v0.4.3)
      Adding p3-maybe-rayon v0.4.3-succinct (available: v0.4.3)
      Adding p3-symmetric v0.4.3-succinct (available: v0.4.3)
      Adding slop-air v6.2.1 (available: v6.8.1)
      Adding slop-baby-bear v6.2.1 (available: v6.8.1)
      Adding slop-basefold v6.2.1 (available: v6.8.1)
      Adding slop-basefold-prover v6.2.1 (available: v6.8.1)
      Adding slop-bn254 v6.2.1 (available: v6.8.1)
      Adding slop-challenger v6.2.1 (available: v6.8.1)
      Adding slop-commit v6.2.1 (available: v6.8.1)
      Adding slop-dft v6.2.1 (available: v6.8.1)
      Adding slop-fri v6.2.1 (available: v6.8.1)
      Adding slop-jagged v6.2.1 (available: v6.8.1)
      Adding slop-keccak-air v6.2.1 (available: v6.8.1)
      Adding slop-koala-bear v6.2.1 (available: v6.8.1)
      Adding slop-matrix v6.2.1 (available: v6.8.1)
      Adding slop-merkle-tree v6.2.1 (available: v6.8.1)
      Adding slop-multilinear v6.2.1 (available: v6.8.1)
      Adding slop-poseidon2 v6.2.1 (available: v6.8.1)
      Adding slop-stacked v6.2.1 (available: v6.8.1)
      Adding slop-sumcheck v6.2.1 (available: v6.8.1)
      Adding slop-tensor v6.2.1 (available: v6.8.1)
      Adding slop-uni-stark v6.2.1 (available: v6.8.1)
      Adding slop-utils v6.2.1 (available: v6.8.1)
      Adding slop-whir v6.2.1 (available: v6.8.1)
      Adding sp1-build v6.0.0 (available: v6.8.1)
      Adding sp1-core-executor v6.2.1 (available: v6.8.1)
      Adding sp1-core-executor-runner v6.2.1 (available: v6.8.1)
      Adding sp1-core-executor-runner-binary v6.2.1 (available: v6.8.1)
      Adding sp1-core-machine v6.2.1 (available: v6.8.1)
      Adding sp1-cuda v6.2.1 (available: v6.8.1)
      Adding sp1-curves v6.2.1 (available: v6.8.1)
      Adding sp1-hypercube v6.2.1 (available: v6.8.1)
      Adding sp1-jit v6.2.1 (available: v6.8.1)
      Adding sp1-primitives v6.2.1 (available: v6.8.1)
      Adding sp1-prover v6.2.1 (available: v6.8.1)
      Adding sp1-prover-types v6.2.1 (available: v6.8.1)
      Adding sp1-recursion-circuit v6.2.1 (available: v6.8.1)
      Adding sp1-recursion-compiler v6.2.1 (available: v6.8.1)
      Adding sp1-recursion-executor v6.2.1 (available: v6.8.1)
      Adding sp1-recursion-gnark-ffi v6.2.1 (available: v6.8.1)
      Adding sp1-recursion-machine v6.2.1 (available: v6.8.1)
      Adding sp1-sdk v6.0.0 (available: v6.8.1)
    Blocking waiting for file lock on package cache
    Updating crates.io index
     Locking 557 packages to latest compatible versions
      Adding axum v0.7.9 (available: v0.8.9)
      Adding crypto-common v0.1.6 (available: v0.1.7)
      Adding generic-array v1.1.0 (available: v1.4.5)
      Adding getrandom v0.2.17 (available: v0.4.3)
      Adding p3-field v0.4.3-succinct (available: v0.4.3)
      Adding p3-maybe-rayon v0.4.3-succinct (available: v0.4.3)
      Adding p3-symmetric v0.4.3-succinct (available: v0.4.3)
      Adding slop-air v6.2.1 (available: v6.8.1)
      Adding slop-baby-bear v6.2.1 (available: v6.8.1)
      Adding slop-basefold v6.2.1 (available: v6.8.1)
      Adding slop-basefold-prover v6.2.1 (available: v6.8.1)
      Adding slop-bn254 v6.2.1 (available: v6.8.1)
      Adding slop-challenger v6.2.1 (available: v6.8.1)
      Adding slop-commit v6.2.1 (available: v6.8.1)
      Adding slop-dft v6.2.1 (available: v6.8.1)
      Adding slop-fri v6.2.1 (available: v6.8.1)
      Adding slop-jagged v6.2.1 (available: v6.8.1)
      Adding slop-keccak-air v6.2.1 (available: v6.8.1)
      Adding slop-koala-bear v6.2.1 (available: v6.8.1)
      Adding slop-matrix v6.2.1 (available: v6.8.1)
      Adding slop-merkle-tree v6.2.1 (available: v6.8.1)
      Adding slop-multilinear v6.2.1 (available: v6.8.1)
      Adding slop-poseidon2 v6.2.1 (available: v6.8.1)
      Adding slop-stacked v6.2.1 (available: v6.8.1)
      Adding slop-sumcheck v6.2.1 (available: v6.8.1)
      Adding slop-tensor v6.2.1 (available: v6.8.1)
      Adding slop-uni-stark v6.2.1 (available: v6.8.1)
      Adding slop-utils v6.2.1 (available: v6.8.1)
      Adding slop-whir v6.2.1 (available: v6.8.1)
      Adding sp1-build v6.0.0 (available: v6.8.1)
      Adding sp1-core-executor v6.2.1 (available: v6.8.1)
      Adding sp1-core-executor-runner v6.2.1 (available: v6.8.1)
      Adding sp1-core-executor-runner-binary v6.2.1 (available: v6.8.1)
      Adding sp1-core-machine v6.2.1 (available: v6.8.1)
      Adding sp1-cuda v6.2.1 (available: v6.8.1)
      Adding sp1-curves v6.2.1 (available: v6.8.1)
      Adding sp1-hypercube v6.2.1 (available: v6.8.1)
      Adding sp1-jit v6.2.1 (available: v6.8.1)
      Adding sp1-primitives v6.2.1 (available: v6.8.1)
      Adding sp1-prover v6.2.1 (available: v6.8.1)
      Adding sp1-prover-types v6.2.1 (available: v6.8.1)
      Adding sp1-recursion-circuit v6.2.1 (available: v6.8.1)
      Adding sp1-recursion-compiler v6.2.1 (available: v6.8.1)
      Adding sp1-recursion-executor v6.2.1 (available: v6.8.1)
      Adding sp1-recursion-gnark-ffi v6.2.1 (available: v6.8.1)
      Adding sp1-recursion-machine v6.2.1 (available: v6.8.1)
      Adding sp1-sdk v6.0.0 (available: v6.8.1)
