    Updating crates.io index
    Blocking waiting for file lock on package cache
     Locking 541 packages to latest compatible versions
      Adding crypto-common v0.1.6 (available: v0.1.7)
      Adding generic-array v1.1.0 (available: v1.4.5)
      Adding slop-air v6.0.0 (available: v6.8.1)
      Adding slop-algebra v6.0.0 (available: v6.8.1)
      Adding slop-alloc v6.0.0 (available: v6.8.1)
      Adding slop-baby-bear v6.0.0 (available: v6.8.1)
      Adding slop-basefold v6.0.0 (available: v6.8.1)
      Adding slop-basefold-prover v6.0.0 (available: v6.8.1)
      Adding slop-bn254 v6.0.0 (available: v6.8.1)
      Adding slop-challenger v6.0.0 (available: v6.8.1)
      Adding slop-commit v6.0.0 (available: v6.8.1)
      Adding slop-dft v6.0.0 (available: v6.8.1)
      Adding slop-fri v6.0.0 (available: v6.8.1)
      Adding slop-futures v6.0.0 (available: v6.8.1)
      Adding slop-jagged v6.0.0 (available: v6.8.1)
      Adding slop-keccak-air v6.0.0 (available: v6.8.1)
      Adding slop-koala-bear v6.0.0 (available: v6.8.1)
      Adding slop-matrix v6.0.0 (available: v6.8.1)
      Adding slop-maybe-rayon v6.0.0 (available: v6.8.1)
      Adding slop-merkle-tree v6.0.0 (available: v6.8.1)
      Adding slop-multilinear v6.0.0 (available: v6.8.1)
      Adding slop-poseidon2 v6.0.0 (available: v6.8.1)
      Adding slop-primitives v6.0.0 (available: v6.8.1)
      Adding slop-stacked v6.0.0 (available: v6.8.1)
      Adding slop-sumcheck v6.0.0 (available: v6.8.1)
      Adding slop-symmetric v6.0.0 (available: v6.8.1)
      Adding slop-tensor v6.0.0 (available: v6.8.1)
      Adding slop-uni-stark v6.0.0 (available: v6.8.1)
      Adding slop-utils v6.0.0 (available: v6.8.1)
      Adding slop-whir v6.0.0 (available: v6.8.1)
      Adding sp1-build v6.0.0 (available: v6.8.1)
      Adding sp1-core-executor v6.0.0 (available: v6.8.1)
      Adding sp1-core-machine v6.0.0 (available: v6.8.1)
      Adding sp1-cuda v6.0.0 (available: v6.8.1)
      Adding sp1-curves v6.0.0 (available: v6.8.1)
      Adding sp1-derive v6.0.0 (available: v6.8.1)
      Adding sp1-hypercube v6.0.0 (available: v6.8.1)
      Adding sp1-jit v6.0.0 (available: v6.8.1)
      Adding sp1-primitives v6.0.0 (available: v6.8.1)
      Adding sp1-prover v6.0.0 (available: v6.8.1)
      Adding sp1-prover-types v6.0.0 (available: v6.8.1)
      Adding sp1-recursion-circuit v6.0.0 (available: v6.8.1)
      Adding sp1-recursion-compiler v6.0.0 (available: v6.8.1)
      Adding sp1-recursion-executor v6.0.0 (available: v6.8.1)
      Adding sp1-recursion-gnark-ffi v6.0.0 (available: v6.8.1)
      Adding sp1-recursion-machine v6.0.0 (available: v6.8.1)
      Adding sp1-sdk v6.0.0 (available: v6.8.1)
      Adding sp1-verifier v6.0.0 (available: v6.8.1)
    Blocking waiting for file lock on package cache
     Locking 0 packages to latest compatible versions
note: pass `--verbose` to see 48 unchanged dependencies behind latest
sp1-host [('slop-air', '6.0.0'), ('slop-algebra', '6.0.0'), ('slop-alloc', '6.0.0'), ('slop-baby-bear', '6.0.0'), ('slop-basefold', '6.0.0'), ('slop-basefold-prover', '6.0.0'), ('slop-bn254', '6.0.0'), ('slop-challenger', '6.0.0'), ('slop-commit', '6.0.0'), ('slop-dft', '6.0.0'), ('slop-fri', '6.0.0'), ('slop-futures', '6.0.0'), ('slop-jagged', '6.0.0'), ('slop-keccak-air', '6.0.0'), ('slop-koala-bear', '6.0.0'), ('slop-matrix', '6.0.0'), ('slop-maybe-rayon', '6.0.0'), ('slop-merkle-tree', '6.0.0'), ('slop-multilinear', '6.0.0'), ('slop-poseidon2', '6.0.0'), ('slop-primitives', '6.0.0'), ('slop-stacked', '6.0.0'), ('slop-sumcheck', '6.0.0'), ('slop-symmetric', '6.0.0'), ('slop-tensor', '6.0.0'), ('slop-uni-stark', '6.0.0'), ('slop-utils', '6.0.0'), ('slop-whir', '6.0.0'), ('sp1-build', '6.0.0'), ('sp1-core-executor', '6.0.0'), ('sp1-core-machine', '6.0.0'), ('sp1-cuda', '6.0.0'), ('sp1-curves', '6.0.0'), ('sp1-derive', '6.0.0'), ('sp1-hypercube', '6.0.0'), ('sp1-jit', '6.0.0'), ('sp1-primitives', '6.0.0'), ('sp1-prover', '6.0.0'), ('sp1-prover-types', '6.0.0'), ('sp1-recursion-circuit', '6.0.0'), ('sp1-recursion-compiler', '6.0.0'), ('sp1-recursion-executor', '6.0.0'), ('sp1-recursion-gnark-ffi', '6.0.0'), ('sp1-recursion-machine', '6.0.0'), ('sp1-sdk', '6.0.0'), ('sp1-verifier', '6.0.0')]
    Updating crates.io index
     Locking 571 packages to latest compatible versions
      Adding axum v0.7.9 (available: v0.8.9)
      Adding crypto-common v0.1.6 (available: v0.1.7)
      Adding generic-array v1.1.0 (available: v1.4.5)
      Adding getrandom v0.2.17 (available: v0.4.3)
      Adding slop-air v6.0.0 (available: v6.8.1)
      Adding slop-algebra v6.0.0 (available: v6.8.1)
      Adding slop-alloc v6.0.0 (available: v6.8.1)
      Adding slop-baby-bear v6.0.0 (available: v6.8.1)
      Adding slop-basefold v6.0.0 (available: v6.8.1)
      Adding slop-basefold-prover v6.0.0 (available: v6.8.1)
      Adding slop-bn254 v6.0.0 (available: v6.8.1)
      Adding slop-challenger v6.0.0 (available: v6.8.1)
      Adding slop-commit v6.0.0 (available: v6.8.1)
      Adding slop-dft v6.0.0 (available: v6.8.1)
      Adding slop-fri v6.0.0 (available: v6.8.1)
      Adding slop-futures v6.0.0 (available: v6.8.1)
      Adding slop-jagged v6.0.0 (available: v6.8.1)
      Adding slop-keccak-air v6.0.0 (available: v6.8.1)
      Adding slop-koala-bear v6.0.0 (available: v6.8.1)
      Adding slop-matrix v6.0.0 (available: v6.8.1)
      Adding slop-maybe-rayon v6.0.0 (available: v6.8.1)
      Adding slop-merkle-tree v6.0.0 (available: v6.8.1)
      Adding slop-multilinear v6.0.0 (available: v6.8.1)
      Adding slop-poseidon2 v6.0.0 (available: v6.8.1)
      Adding slop-primitives v6.0.0 (available: v6.8.1)
      Adding slop-stacked v6.0.0 (available: v6.8.1)
      Adding slop-sumcheck v6.0.0 (available: v6.8.1)
      Adding slop-symmetric v6.0.0 (available: v6.8.1)
      Adding slop-tensor v6.0.0 (available: v6.8.1)
      Adding slop-uni-stark v6.0.0 (available: v6.8.1)
      Adding slop-utils v6.0.0 (available: v6.8.1)
      Adding slop-whir v6.0.0 (available: v6.8.1)
      Adding sp1-build v6.0.0 (available: v6.8.1)
      Adding sp1-core-executor v6.0.0 (available: v6.8.1)
      Adding sp1-core-machine v6.0.0 (available: v6.8.1)
      Adding sp1-cuda v6.0.0 (available: v6.8.1)
      Adding sp1-curves v6.0.0 (available: v6.8.1)
      Adding sp1-derive v6.0.0 (available: v6.8.1)
      Adding sp1-hypercube v6.0.0 (available: v6.8.1)
      Adding sp1-jit v6.0.0 (available: v6.8.1)
      Adding sp1-primitives v6.0.0 (available: v6.8.1)
      Adding sp1-prover v6.0.0 (available: v6.8.1)
      Adding sp1-prover-types v6.0.0 (available: v6.8.1)
      Adding sp1-recursion-circuit v6.0.0 (available: v6.8.1)
      Adding sp1-recursion-compiler v6.0.0 (available: v6.8.1)
      Adding sp1-recursion-executor v6.0.0 (available: v6.8.1)
      Adding sp1-recursion-gnark-ffi v6.0.0 (available: v6.8.1)
      Adding sp1-recursion-machine v6.0.0 (available: v6.8.1)
      Adding sp1-sdk v6.0.0 (available: v6.8.1)
      Adding sp1-verifier v6.0.0 (available: v6.8.1)
     Locking 0 packages to latest compatible versions
note: pass `--verbose` to see 50 unchanged dependencies behind latest
prover-service [('slop-air', '6.0.0'), ('slop-algebra', '6.0.0'), ('slop-alloc', '6.0.0'), ('slop-baby-bear', '6.0.0'), ('slop-basefold', '6.0.0'), ('slop-basefold-prover', '6.0.0'), ('slop-bn254', '6.0.0'), ('slop-challenger', '6.0.0'), ('slop-commit', '6.0.0'), ('slop-dft', '6.0.0'), ('slop-fri', '6.0.0'), ('slop-futures', '6.0.0'), ('slop-jagged', '6.0.0'), ('slop-keccak-air', '6.0.0'), ('slop-koala-bear', '6.0.0'), ('slop-matrix', '6.0.0'), ('slop-maybe-rayon', '6.0.0'), ('slop-merkle-tree', '6.0.0'), ('slop-multilinear', '6.0.0'), ('slop-poseidon2', '6.0.0'), ('slop-primitives', '6.0.0'), ('slop-stacked', '6.0.0'), ('slop-sumcheck', '6.0.0'), ('slop-symmetric', '6.0.0'), ('slop-tensor', '6.0.0'), ('slop-uni-stark', '6.0.0'), ('slop-utils', '6.0.0'), ('slop-whir', '6.0.0'), ('sp1-build', '6.0.0'), ('sp1-core-executor', '6.0.0'), ('sp1-core-machine', '6.0.0'), ('sp1-cuda', '6.0.0'), ('sp1-curves', '6.0.0'), ('sp1-derive', '6.0.0'), ('sp1-hypercube', '6.0.0'), ('sp1-jit', '6.0.0'), ('sp1-primitives', '6.0.0'), ('sp1-prover', '6.0.0'), ('sp1-prover-types', '6.0.0'), ('sp1-recursion-circuit', '6.0.0'), ('sp1-recursion-compiler', '6.0.0'), ('sp1-recursion-executor', '6.0.0'), ('sp1-recursion-gnark-ffi', '6.0.0'), ('sp1-recursion-machine', '6.0.0'), ('sp1-sdk', '6.0.0'), ('sp1-verifier', '6.0.0')]
