   Compiling sp1-prover-types v6.0.0
   Compiling sp1-verifier v6.0.0
   Compiling portable-atomic v1.15.0
   Compiling dirs v5.0.1
   Compiling slop-primitives v6.0.0
   Compiling camino v1.2.6
   Compiling bincode v1.3.3
   Compiling cargo-platform v0.1.9
   Compiling async-scoped v0.9.0
   Compiling serial_test_derive v3.5.0
   Compiling symlink v0.1.0
   Compiling number_prefix v0.4.0
   Compiling elf v0.7.4
   Compiling sp1-primitives v6.0.0
   Compiling indicatif v0.17.11
   Compiling tracing-appender v0.2.5
   Compiling serial_test v3.5.0
   Compiling cargo_metadata v0.18.1
   Compiling heapless v0.7.17
   Compiling sp1-recursion-gnark-ffi v6.0.0
   Compiling reqwest v0.12.28
   Compiling clap v4.6.7
   Compiling lru v0.12.5
   Compiling sp1-recursion-circuit v6.0.0
   Compiling iana-time-zone v0.1.65
   Compiling opentelemetry v0.23.0
   Compiling semver v1.0.28
   Compiling minimal-lexical v0.2.1
   Compiling nom v7.1.3
   Compiling sp1-prover v6.0.0
   Compiling chrono v0.4.45
   Compiling sp1-build v6.0.0
   Compiling hash32 v0.2.1
   Compiling sp1-host v0.0.0 (<repo>/crates/sp1-host)
   Compiling sp1-cuda v6.0.0
   Compiling eventsource-stream v0.2.3
   Compiling cobs v0.3.0
   Compiling postcard v1.1.3
   Compiling sp1-sdk v6.0.0
warning: sp1-host@0.0.0: rustc +succinct --version: "rustc 1.93.0-dev\n"
warning: sp1-host@0.0.0: perp-core-guest built at 2026-09-27 22:34:06
   Compiling perp-core v0.0.1 (<repo>/crates/perp-core)
    Finished `release` profile [optimized] target(s) in 2m 12s
     Running `crates/sp1-host/target/release/sp1-host`
cycles            = 449953
native commitment = 0xdba12bfa8b5b7c54bd7035e2fdc92615c9b1f653d16b2230f3a5da7a4ff57abd
zkVM   commitment = 0xdba12bfa8b5b7c54bd7035e2fdc92615c9b1f653d16b2230f3a5da7a4ff57abd
MATCH: native perp-core == SP1 guest
