   Compiling proc-macro2 v1.0.107
   Compiling unicode-ident v1.0.26
   Compiling quote v1.0.47
   Compiling libc v0.2.189
   Compiling syn v3.0.6
   Compiling syn v2.0.119
   Compiling serde_core v1.0.229
   Compiling serde v1.0.229
   Compiling serde_derive v1.0.229
   Compiling cfg-if v1.0.5
   Compiling autocfg v1.5.1
   Compiling num-traits v0.2.19
   Compiling zerocopy v0.8.59
   Compiling crossbeam-utils v0.8.23
   Compiling getrandom v0.2.17
   Compiling crossbeam-epoch v0.9.21
   Compiling crossbeam-deque v0.8.8
   Compiling rand_core v0.6.4
   Compiling rayon-core v1.13.0
   Compiling pin-project-lite v0.2.17
   Compiling tracing-attributes v0.1.31
   Compiling once_cell v1.21.4
   Compiling version_check v0.9.5
   Compiling either v1.18.0
   Compiling zeroize_derive v1.5.0
   Compiling tracing-core v0.1.36
   Compiling ppv-lite86 v0.2.21
   Compiling rand_chacha v0.3.1
   Compiling rand v0.8.8
   Compiling num-integer v0.1.47
   Compiling tracing v0.1.44
   Compiling radium v0.7.0
   Compiling num-bigint v0.4.8
   Compiling subtle v2.6.1
   Compiling zeroize v1.9.0
   Compiling itertools v0.12.1
   Compiling rayon v1.12.0
   Compiling p3-util v0.3.1-succinct
   Compiling p3-field v0.3.1-succinct
   Compiling futures-macro v0.3.34
   Compiling futures-core v0.3.34
   Compiling syn v1.0.109
   Compiling p3-maybe-rayon v0.3.1-succinct
   Compiling memchr v2.8.3
   Compiling smallvec v1.16.2
   Compiling futures-sink v0.3.34
   Compiling generic-array v0.14.9
   Compiling typenum v1.20.1
   Compiling p3-matrix v0.3.1-succinct
   Compiling slab v0.4.12
   Compiling const-oid v0.9.6
   Compiling futures-channel v0.3.34
   Compiling num-bigint v0.3.3
   Compiling futures-task v0.3.34
   Compiling futures-io v0.3.34
   Compiling futures-util v0.3.34
   Compiling errno v0.3.14
   Compiling bytes v1.12.1
   Compiling addchain v0.2.1
   Compiling block-buffer v0.10.4
   Compiling crypto-common v0.1.6
   Compiling parking_lot_core v0.9.12
   Compiling digest v0.10.7
   Compiling ff_derive v0.13.1
   Compiling scopeguard v1.2.0
   Compiling tap v1.0.1
   Compiling wyz v0.5.1
   Compiling lock_api v0.4.14
   Compiling p3-symmetric v0.3.1-succinct
   Compiling funty v2.0.0
   Compiling parking_lot v0.12.5
   Compiling bitvec v1.1.1
   Compiling signal-hook-registry v1.4.8
   Compiling socket2 v0.6.5
   Compiling mio v1.2.3
   Compiling tokio-macros v2.7.2
   Compiling tokio v1.53.1
   Compiling byteorder v1.5.0
   Compiling thiserror v1.0.69
   Compiling spin v0.9.9
   Compiling lazy_static v1.5.0
   Compiling p3-dft v0.3.1-succinct
   Compiling thiserror-impl v1.0.69
   Compiling find-msvc-tools v0.1.14
   Compiling shlex v2.0.1
   Compiling arrayvec v0.7.8
   Compiling cc v1.5.1
   Compiling p3-challenger v0.3.1-succinct
   Compiling futures-executor v0.3.34
   Compiling paste v1.0.15
   Compiling itertools v0.14.0
   Compiling slop-algebra v6.0.0
   Compiling futures v0.3.34
   Compiling ff v0.13.1
   Compiling ark-ff-macros v0.4.2
   Compiling ark-ff-asm v0.4.2
   Compiling derivative v2.2.0
   Compiling static_assertions v1.1.0
   Compiling group v0.13.0
   Compiling p3-mds v0.3.1-succinct
   Compiling ff v0.12.1
   Compiling gcd v2.3.0
   Compiling memuse v0.2.2
   Compiling p3-poseidon2 v0.3.1-succinct
   Compiling group v0.12.1
   Compiling cpufeatures v0.2.17
   Compiling log v0.4.34
   Compiling constant_time_eq v0.4.2
   Compiling pin-project-internal v1.1.13
   Compiling equivalent v1.0.2
   Compiling rustversion v1.0.23
   Compiling hashbrown v0.17.1
   Compiling pin-project v1.1.13
   Compiling indexmap v2.14.2
   Compiling blake2b_simd v1.0.5
   Compiling slop-symmetric v6.0.0
   Compiling heck v0.5.0
   Compiling slop-challenger v6.0.0
   Compiling sha2 v0.10.9
   Compiling p3-commit v0.3.1-succinct
   Compiling itoa v1.0.18
   Compiling pasta_curves v0.4.1
   Compiling pairing v0.22.0
   Compiling slop-poseidon2 v6.0.0
   Compiling crossbeam-channel v0.5.17
   Compiling ark-std v0.4.0
   Compiling ark-serialize v0.4.2
   Compiling halo2_proofs v0.1.0
   Compiling bls12_381 v0.7.1
   Compiling keccak v0.1.6
   Compiling crossbeam-queue v0.3.14
   Compiling itertools v0.10.5
   Compiling ark-ff v0.4.2
   Compiling crossbeam v0.8.5
   Compiling sha3 v0.10.9
   Compiling jubjub v0.9.0
   Compiling halo2 v0.1.0-beta.2
   Compiling pasta_curves v0.5.2
   Compiling slop-alloc v6.0.0
   Compiling blake3 v1.8.7
   Compiling blake2 v0.10.6
   Compiling getrandom v0.4.3
   Compiling regex-syntax v0.8.11
   Compiling strength_reduce v0.2.4
   Compiling hex v0.4.3
   Compiling zkhash v0.2.0
   Compiling transpose v0.2.3
   Compiling regex-automata v0.4.18
   Compiling slop-futures v6.0.0
   Compiling p3-koala-bear v0.3.1-succinct
   Compiling p3-bn254-fr v0.3.1-succinct
   Compiling slop-matrix v6.0.0
   Compiling derive-where v1.7.0
   Compiling anyhow v1.0.104
   Compiling slop-tensor v6.0.0
   Compiling slop-bn254 v6.0.0
   Compiling slop-koala-bear v6.0.0
   Compiling matchers v0.2.0
   Compiling tracing-log v0.2.0
   Compiling sharded-slab v0.1.7
   Compiling thread_local v1.1.10
   Compiling synstructure v0.14.0
   Compiling rustix v1.1.5
   Compiling zmij v1.0.23
   Compiling nu-ansi-term v0.50.3
   Compiling bitflags v2.13.2
   Compiling tracing-subscriber v0.3.23
   Compiling slop-commit v6.0.0
   Compiling p3-baby-bear v0.3.1-succinct
   Compiling slop-primitives v6.0.0
   Compiling base64ct v1.8.3
   Compiling stable_deref_trait v1.2.1
   Compiling pem-rfc7468 v0.7.0
   Compiling slop-baby-bear v6.0.0
   Compiling zerofrom-derive v0.1.8
   Compiling num_cpus v1.17.0
   Compiling serde_json v1.0.151
   Compiling ansi_term v0.12.1
   Compiling tracing-forest v0.1.6
   Compiling slop-multilinear v6.0.0
   Compiling zerofrom v0.1.8
   Compiling der v0.7.10
   Compiling yoke-derive v0.8.3
   Compiling p3-merkle-tree v0.3.1-succinct
   Compiling p3-interpolation v0.3.1-succinct
   Compiling ahash v0.8.12
   Compiling fnv v1.0.7
   Compiling allocator-api2 v0.2.21
   Compiling p3-fri v0.3.1-succinct
   Compiling slop-merkle-tree v6.0.0
   Compiling yoke v0.8.3
   Compiling spki v0.7.3
   Compiling slop-utils v6.0.0
   Compiling p3-air v0.3.1-succinct
   Compiling bytemuck_derive v1.12.1
   Compiling base16ct v0.2.0
   Compiling winnow v1.0.4
   Compiling serdect v0.2.0
   Compiling bytemuck v1.25.2
   Compiling toml_parser v1.1.3+spec-1.1.0
   Compiling slop-basefold v6.0.0
   Compiling pkcs8 v0.10.2
   Compiling slop-fri v6.0.0
   Compiling slop-dft v6.0.0
   Compiling http v1.5.0
   Compiling bincode v1.3.3
   Compiling zerovec-derive v0.11.6
   Compiling toml_datetime v1.1.1+spec-1.1.0
   Compiling toml_edit v0.25.15+spec-1.1.0
   Compiling zerovec v0.11.8
   Compiling slop-basefold-prover v6.0.0
   Compiling hashbrown v0.14.5
   Compiling sec1 v0.7.3
   Compiling crypto-bigint v0.5.5
   Compiling displaydoc v0.2.7
   Compiling elf v0.7.4
   Compiling dashu-int v0.4.3
   Compiling prettyplease v0.2.37
   Compiling sp1-primitives v6.0.0
   Compiling elliptic-curve v0.13.8
   Compiling slop-stacked v6.0.0
   Compiling proc-macro-crate v3.5.0
   Compiling http-body v1.1.0
   Compiling slop-sumcheck v6.0.0
   Compiling clap_derive v4.6.7
   Compiling hmac v0.12.1
   Compiling dashu-base v0.4.3
   Compiling crunchy v0.2.4
   Compiling konst_macro_rules v0.2.19
   Compiling tower-service v0.3.3
   Compiling num-modular v0.6.5
   Compiling unicode-xid v0.2.6
   Compiling percent-encoding v2.3.2
   Compiling num-order v1.2.0
   Compiling const_format_proc_macros v0.2.34
   Compiling konst v0.2.20
   Compiling rfc6979 v0.4.0
   Compiling slop-jagged v6.0.0
   Compiling atomic v0.6.1
   Compiling p3-uni-stark v0.3.1-succinct
   Compiling parity-scale-codec v3.7.5
   Compiling strum_macros v0.27.2
   Compiling ring v0.17.14
   Compiling signature v2.2.0
   Compiling md-5 v0.10.6
   Compiling deepsize_derive2 v0.1.0
   Compiling sha1_smol v1.0.1
   Compiling winnow v0.5.40
   Compiling utf8parse v0.2.2
   Compiling toml_datetime v0.6.11
   Compiling toml_edit v0.19.15
   Compiling anstyle-parse v1.0.0
   Compiling strum v0.27.2
   Compiling uuid v1.26.1
   Compiling deepsize2 v0.1.0
   Compiling ecdsa v0.16.9
   Compiling slop-whir v6.0.0
   Compiling slop-uni-stark v6.0.0
   Compiling const_format v0.2.36
   Compiling regex v1.13.1
   Compiling parity-scale-codec-derive v3.7.5
   Compiling tinystr v0.8.4
   Compiling prost-derive v0.13.5
   Compiling slop-air v6.0.0
   Compiling tokio-util v0.7.19
   Compiling sp1-derive v6.0.0
   Compiling rayon-scan v0.1.1
   Compiling rustls-pki-types v1.15.1
   Compiling derive_more-impl v1.0.0
   Compiling impl-trait-for-tuples v0.2.3
   Compiling proc-macro-error-attr2 v2.0.0
   Compiling byte-slice-cast v1.2.3
   Compiling litemap v0.8.3
   Compiling writeable v0.6.4
   Compiling anstyle v1.0.14
   Compiling arrayref v0.3.9
   Compiling colorchoice v1.0.5
   Compiling anstyle-query v1.1.5
   Compiling is_terminal_polyfill v1.70.2
   Compiling httparse v1.10.1
   Compiling thousands v0.2.0
   Compiling object v0.37.3
   Compiling sp1-hypercube v6.0.0
   Compiling anstream v1.0.0
   Compiling icu_locale_core v2.3.0
   Compiling proc-macro-error2 v2.0.1
   Compiling derive_more v1.0.0
   Compiling dashu-float v0.4.5
   Compiling proc-macro-crate v1.3.1
   Compiling dashu-ratio v0.4.4
   Compiling scale-info-derive v2.11.6
   Compiling zerotrie v0.2.5
   Compiling potential_utf v0.1.6
   Compiling slop-maybe-rayon v6.0.0
   Compiling core-foundation-sys v0.8.7
   Compiling icu_normalizer_data v2.3.0
   Compiling tower-layer v0.3.3
   Compiling try-lock v0.2.5
   Compiling clap_lex v1.1.1
   Compiling icu_properties_data v2.3.0
   Compiling pastey v0.2.3
   Compiling adler2 v2.0.1
   Compiling atomic-waker v1.1.2
   Compiling utf8_iter v1.0.4
   Compiling tiny-keccak v2.0.2
   Compiling glob v0.3.4
   Compiling range-set-blaze v0.1.16
   Compiling strsim v0.11.1
   Compiling gimli v0.32.3
   Compiling untrusted v0.9.0
   Compiling camino v1.2.6
   Compiling addr2line v0.25.1
   Compiling clap_builder v4.6.7
   Compiling clang-sys v1.9.1
   Compiling icu_collections v2.3.0
   Compiling dashu-macros v0.4.2
   Compiling iana-time-zone v0.1.65
   Compiling h2 v0.4.19
   Compiling miniz_oxide v0.8.9
   Compiling want v0.3.1
   Compiling scale-info v2.11.6
   Compiling icu_provider v2.3.1
   Compiling num_enum_derive v0.5.11
   Compiling dynasm v3.2.1
   Compiling k256 v0.13.4
   Compiling primeorder v0.13.6
   Compiling sync_wrapper v1.0.2
   Compiling num-rational v0.4.2
   Compiling num-iter v0.1.46
   Compiling num-complex v0.4.6
   Compiling eyre v0.6.14
   Compiling memmap2 v0.9.11
   Compiling httpdate v1.0.3
   Compiling gen_ops v0.4.0
   Compiling rustc-demangle v0.1.28
   Compiling rustls v0.23.45
   Compiling thiserror v2.0.21
   Compiling prost v0.13.5
   Compiling backtrace v0.3.76
   Compiling hyper v1.11.1
   Compiling dynasmrt v3.2.1
   Compiling num v0.4.3
   Compiling p256 v0.13.2
   Compiling dashu v0.4.4
   Compiling num_enum v0.5.11
   Compiling snowbridge-amcl v1.0.2
   Compiling chrono v0.4.45
   Compiling clap v4.6.7
   Compiling rustls-webpki v0.103.15
   Compiling memfd v0.6.6
   Compiling semver v1.0.28
   Compiling generic-array v1.1.0
   Compiling enum-map-derive v0.17.0
   Compiling thiserror-impl v2.0.21
   Compiling ipnet v2.12.2
   Compiling indenter v0.3.4
   Compiling fixedbitset v0.5.7
   Compiling downcast-rs v1.2.1
   Compiling minimal-lexical v0.2.1
   Compiling base64 v0.23.1
   Compiling fastrand v2.5.0
   Compiling tempfile v3.27.0
   Compiling hyper-util v0.1.21
   Compiling nom v7.1.3
   Compiling rrs-succinct v0.2.0
   Compiling petgraph v0.7.1
   Compiling enum-map v2.7.3
   Compiling sp1-curves v6.0.0
   Compiling sp1-jit v6.0.0
   Compiling icu_properties v2.3.0
   Compiling icu_normalizer v2.3.0
   Compiling sp1-recursion-executor v6.0.0
   Compiling prost-types v0.13.5
   Compiling tower v0.5.3
   Compiling http-body-util v0.1.5
   Compiling p3-keccak-air v0.3.1-succinct
   Compiling subenum v1.2.0
   Compiling libloading v0.8.9
   Compiling serde_arrays v0.2.0
   Compiling vec_map v0.8.2
   Compiling indexmap v1.9.3
   Compiling bindgen v0.70.1
   Compiling multimap v0.10.1
   Compiling prost-build v0.13.5
   Compiling sp1-core-executor v6.0.0
   Compiling slop-keccak-air v6.0.0
   Compiling tokio-rustls v0.26.5
   Compiling idna_adapter v1.2.2
   Compiling cexpr v0.6.0
   Compiling sysinfo v0.30.13
   Compiling form_urlencoded v1.2.2
   Compiling itertools v0.13.0
   Compiling async-trait v0.1.92
   Compiling hashbrown v0.12.3
   Compiling rustc-hash v1.1.0
   Compiling shlex v1.3.0
   Compiling mime v0.3.17
   Compiling axum-core v0.4.5
   Compiling sp1-core-machine v6.0.0
