    Updating crates.io index
 Downloading crates ...
  Downloaded p3-mds v0.3.2-succinct
  Downloaded ff v0.12.1
  Downloaded pairing v0.22.0
  Downloaded halo2 v0.1.0-beta.2
  Downloaded ark-std v0.4.0
  Downloaded sp1-primitives v6.1.0
  Downloaded itertools v0.14.0
  Downloaded pin-project-lite v0.2.17
  Downloaded slop-challenger v6.1.0
  Downloaded futures-executor v0.3.34
  Downloaded keccak v0.1.6
  Downloaded crypto-common v0.1.6
  Downloaded jubjub v0.9.0
  Downloaded num-bigint v0.4.8
  Downloaded either v1.18.0
  Downloaded futures-util v0.3.34
  Downloaded zkhash v0.2.0
  Downloaded syn v1.0.109
  Downloaded rayon-core v1.13.0
  Downloaded crossbeam-deque v0.8.8
  Downloaded blake2 v0.10.6
  Downloaded rustc_version v0.4.1
  Downloaded ark-ff-asm v0.4.2
  Downloaded critical-section v1.2.0
  Downloaded embedded-io v0.6.1
  Downloaded thiserror v2.0.21
  Downloaded crunchy v0.2.4
  Downloaded base16ct v0.2.0
  Downloaded signature v2.2.0
  Downloaded sp1-zkvm v6.1.0
  Downloaded slop-symmetric v6.1.0
  Downloaded serde v1.0.229
  Downloaded serde_derive v1.0.229
  Downloaded unicode-ident v1.0.26
  Downloaded quote v1.0.47
  Downloaded proc-macro2 v1.0.107
  Downloaded p3-field v0.3.2-succinct
  Downloaded rand v0.8.8
  Downloaded rand_core v0.6.4
  Downloaded getrandom v0.2.17
  Downloaded wasi v0.11.1+wasi-snapshot-preview1
  Downloaded cfg-if v1.0.5
  Downloaded rand_chacha v0.3.1
  Downloaded ppv-lite86 v0.2.21
  Downloaded p3-util v0.3.2-succinct
  Downloaded autocfg v1.5.1
  Downloaded num-integer v0.1.47
  Downloaded itertools v0.12.1
  Downloaded slop-primitives v6.1.0
  Downloaded slop-algebra v6.1.0
  Downloaded slop-poseidon2 v6.1.0
  Downloaded p3-poseidon2 v0.3.2-succinct
  Downloaded gcd v2.3.0
  Downloaded futures-sink v0.3.34
  Downloaded futures-macro v0.3.34
  Downloaded futures-io v0.3.34
  Downloaded lazy_static v1.5.0
  Downloaded slop-bn254 v6.1.0
  Downloaded ff v0.13.1
  Downloaded ff_derive v0.13.1
  Downloaded addchain v0.2.1
  Downloaded tap v1.0.1
  Downloaded radium v0.7.0
  Downloaded group v0.12.1
  Downloaded rayon v1.12.0
  Downloaded crossbeam-utils v0.8.23
  Downloaded pasta_curves v0.4.1
  Downloaded ark-ff v0.4.2
  Downloaded derivative v2.2.0
  Downloaded ark-serialize v0.4.2
  Downloaded cpufeatures v0.3.1
  Downloaded cc v1.5.1
  Downloaded shlex v2.0.1
  Downloaded find-msvc-tools v0.1.14
  Downloaded bincode v1.3.3
  Downloaded getrandom v0.3.4
  Downloaded r-efi v5.3.0
  Downloaded rustversion v1.0.23
  Downloaded const-default v1.0.0
  Downloaded linked_list_allocator v0.10.6
  Downloaded tiny-keccak v2.0.2
  Downloaded elliptic-curve v0.13.8
  Downloaded sec1 v0.7.3
  Downloaded ecdsa v0.16.9
  Downloaded rfc6979 v0.4.0
  Downloaded hmac v0.12.1
  Downloaded num-traits v0.2.19
  Downloaded p3-matrix v0.3.2-succinct
  Downloaded tracing-core v0.1.36
  Downloaded p3-maybe-rayon v0.3.2-succinct
  Downloaded slop-koala-bear v6.1.0
  Downloaded p3-challenger v0.3.2-succinct
  Downloaded futures-task v0.3.34
  Downloaded futures-core v0.3.34
  Downloaded spin v0.9.9
  Downloaded subtle v2.6.1
  Downloaded cpufeatures v0.2.17
  Downloaded zeroize v1.9.0
  Downloaded zeroize_derive v1.5.0
  Downloaded version_check v0.9.5
  Downloaded block-buffer v0.10.4
  Downloaded wyz v0.5.1
  Downloaded funty v2.0.0
  Downloaded constant_time_eq v0.4.2
  Downloaded memuse v0.2.2
  Downloaded hex v0.4.3
  Downloaded p3-bn254-fr v0.3.2-succinct
  Downloaded embedded-alloc v0.6.0
  Downloaded embedded-io v0.4.0
  Downloaded cobs v0.3.0
  Downloaded p3-symmetric v0.3.2-succinct
  Downloaded zerocopy-derive v0.8.59
  Downloaded once_cell v1.21.4
  Downloaded p3-dft v0.3.2-succinct
  Downloaded futures v0.3.34
  Downloaded slab v0.4.12
  Downloaded futures-channel v0.3.34
  Downloaded digest v0.10.7
  Downloaded generic-array v0.14.9
  Downloaded const-oid v0.9.6
  Downloaded sha2 v0.10.9
  Downloaded static_assertions v1.1.0
  Downloaded group v0.13.0
  Downloaded byteorder v1.5.0
  Downloaded blake2b_simd v1.0.5
  Downloaded arrayvec v0.7.8
  Downloaded paste v1.0.15
  Downloaded ark-ff-macros v0.4.2
  Downloaded sp1-lib v6.1.0
  Downloaded rlsf v0.2.3
  Downloaded thiserror-impl v2.0.21
  Downloaded tracing-attributes v0.1.31
  Downloaded p3-koala-bear v0.3.2-succinct
  Downloaded num-bigint v0.3.3
  Downloaded crossbeam-epoch v0.9.21
  Downloaded semver v1.0.28
  Downloaded postcard v1.1.3
  Downloaded serde_core v1.0.229
  Downloaded der v0.7.10
  Downloaded crypto-bigint v0.5.5
  Downloaded typenum v1.20.1
  Downloaded halo2_proofs v0.1.0
  Downloaded wit-bindgen v0.57.1
  Downloaded k256 v0.13.4
  Downloaded elf v0.7.4
  Downloaded memchr v2.8.3
  Downloaded itertools v0.10.5
  Downloaded libm v0.2.16
  Downloaded wasip2 v1.0.4+wasi-0.2.12
  Downloaded zerocopy v0.8.59
  Downloaded syn v2.0.119
  Downloaded bitvec v1.1.1
  Downloaded blake3 v1.8.7
  Downloaded syn v3.0.6
  Downloaded pasta_curves v0.5.2
  Downloaded tracing v0.1.44
  Downloaded bls12_381 v0.7.1
  Downloaded libc v0.2.189
  Downloaded sha3 v0.10.9
