   Compiling proc-macro2 v1.0.107
   Compiling unicode-ident v1.0.26
   Compiling quote v1.0.47
   Compiling cfg-if v1.0.5
   Compiling autocfg v1.5.1
   Compiling getrandom v0.2.17
   Compiling syn v2.0.119
   Compiling rand_core v0.6.4
   Compiling syn v3.0.6
   Compiling subtle v2.6.1
   Compiling zerocopy v0.8.59
   Compiling num-traits v0.2.19
   Compiling serde_core v1.0.229
   Compiling either v1.18.0
   Compiling serde v1.0.229
   Compiling ppv-lite86 v0.2.21
   Compiling rand_chacha v0.3.1
   Compiling rand v0.8.8
   Compiling zeroize_derive v1.5.0
   Compiling serde_derive v1.0.229
   Compiling version_check v0.9.5
   Compiling generic-array v0.14.9
   Compiling zeroize v1.9.0
   Compiling radium v0.7.0
   Compiling num-integer v0.1.47
   Compiling typenum v1.20.1
   Compiling tap v1.0.1
   Compiling wyz v0.5.1
   Compiling num-bigint v0.4.8
   Compiling funty v2.0.0
   Compiling bitvec v1.1.1
   Compiling syn v1.0.109
   Compiling const-oid v0.9.6
   Compiling p3-util v0.3.2-succinct
   Compiling itertools v0.12.1
   Compiling p3-field v0.3.2-succinct
   Compiling block-buffer v0.10.4
   Compiling crypto-common v0.1.6
   Compiling pin-project-lite v0.2.17
   Compiling digest v0.10.7
   Compiling num-bigint v0.3.3
   Compiling once_cell v1.21.4
   Compiling tracing-core v0.1.36
   Compiling tracing-attributes v0.1.31
   Compiling addchain v0.2.1
   Compiling tracing v0.1.44
   Compiling p3-maybe-rayon v0.3.2-succinct
   Compiling ff_derive v0.13.1
   Compiling p3-symmetric v0.3.2-succinct
   Compiling byteorder v1.5.0
   Compiling crossbeam-utils v0.8.23
   Compiling ff v0.13.1
   Compiling ff v0.12.1
   Compiling crossbeam-epoch v0.9.21
   Compiling memuse v0.2.2
   Compiling group v0.12.1
   Compiling p3-matrix v0.3.2-succinct
   Compiling spin v0.9.9
   Compiling arrayvec v0.7.8
   Compiling constant_time_eq v0.4.2
   Compiling crossbeam-deque v0.8.8
   Compiling lazy_static v1.5.0
   Compiling p3-dft v0.3.2-succinct
   Compiling group v0.13.0
   Compiling rayon-core v1.13.0
   Compiling futures-core v0.3.34
   Compiling futures-sink v0.3.34
   Compiling futures-channel v0.3.34
   Compiling p3-mds v0.3.2-succinct
   Compiling blake2b_simd v1.0.5
   Compiling futures-macro v0.3.34
   Compiling gcd v2.3.0
   Compiling memchr v2.8.3
   Compiling futures-io v0.3.34
   Compiling slab v0.4.12
   Compiling static_assertions v1.1.0
   Compiling futures-task v0.3.34
   Compiling p3-poseidon2 v0.3.2-succinct
   Compiling futures-util v0.3.34
   Compiling itertools v0.14.0
   Compiling paste v1.0.15
   Compiling futures-executor v0.3.34
   Compiling slop-algebra v6.1.0
   Compiling rayon v1.12.0
   Compiling pasta_curves v0.4.1
   Compiling pairing v0.22.0
   Compiling sha2 v0.10.9
   Compiling ark-std v0.4.0
   Compiling find-msvc-tools v0.1.14
   Compiling shlex v2.0.1
   Compiling cc v1.5.1
   Compiling ark-serialize v0.4.2
   Compiling ark-ff-macros v0.4.2
   Compiling bls12_381 v0.7.1
   Compiling halo2_proofs v0.1.0
   Compiling futures v0.3.34
   Compiling p3-challenger v0.3.2-succinct
   Compiling slop-symmetric v6.1.0
   Compiling derivative v2.2.0
   Compiling ark-ff-asm v0.4.2
   Compiling itertools v0.10.5
   Compiling keccak v0.1.6
   Compiling ark-ff v0.4.2
   Compiling sha3 v0.10.9
   Compiling slop-challenger v6.1.0
   Compiling halo2 v0.1.0-beta.2
   Compiling jubjub v0.9.0
   Compiling blake3 v1.8.7
   Compiling slop-poseidon2 v6.1.0
   Compiling pasta_curves v0.5.2
   Compiling blake2 v0.10.6
   Compiling der v0.7.10
   Compiling hex v0.4.3
   Compiling base16ct v0.2.0
   Compiling rustversion v1.0.23
   Compiling sec1 v0.7.3
   Compiling zkhash v0.2.0
   Compiling p3-koala-bear v0.3.2-succinct
   Compiling p3-bn254-fr v0.3.2-succinct
   Compiling hmac v0.12.1
   Compiling crypto-bigint v0.5.5
   Compiling crunchy v0.2.4
   Compiling thiserror v2.0.21
   Compiling slop-bn254 v6.1.0
   Compiling elliptic-curve v0.13.8
   Compiling rfc6979 v0.4.0
   Compiling slop-koala-bear v6.1.0
   Compiling slop-primitives v6.1.0
   Compiling signature v2.2.0
   Compiling bincode v1.3.3
   Compiling thiserror-impl v2.0.21
   Compiling const-default v1.0.0
   Compiling libm v0.2.16
   Compiling tiny-keccak v2.0.2
   Compiling elf v0.7.4
   Compiling getrandom v0.3.4
   Compiling rlsf v0.2.3
   Compiling sp1-primitives v6.1.0
   Compiling ecdsa v0.16.9
   Compiling critical-section v1.2.0
   Compiling linked_list_allocator v0.10.6
   Compiling sp1-zkvm v6.1.0
   Compiling embedded-alloc v0.6.0
   Compiling k256 v0.13.4
   Compiling sp1-lib v6.1.0
   Compiling cobs v0.3.0
   Compiling postcard v1.1.3
   Compiling perp-core v0.0.1 (/Users/runner/work/arcora-perp/arcora-perp/crates/perp-core)
   Compiling perp-core-guest v0.0.0 (/Users/runner/work/arcora-perp/arcora-perp/crates/sp1-guest)
    Finished `release` profile [optimized] target(s) in 1m 11s
