[WARN] The "pnpm" field in package.json is no longer read by pnpm. The following keys were ignored: "pnpm.onlyBuiltDependencies". See https://pnpm.io/settings for the new home of each setting.
[2m[WebServer] [22m(node:30525) Warning: The 'NO_COLOR' env is ignored due to the 'FORCE_COLOR' env being set.
[2m[WebServer] [22m(Use `node --trace-warnings ...` to show where the warning was created)
[2m[WebServer] [22m[43m[33m[[39m[49m[43m[30mWARN[39m[49m[43m[33m][39m[49m The "pnpm" field in package.json is no longer read by pnpm. The following keys were ignored: "pnpm.onlyBuiltDependencies". See https://pnpm.io/settings for the new home of each setting.
[2m[WebServer] [22m(node:30526) Warning: The 'NO_COLOR' env is ignored due to the 'FORCE_COLOR' env being set.
[2m[WebServer] [22m(Use `node --trace-warnings ...` to show where the warning was created)
[2m[WebServer] [22m(node:30548) Warning: The 'NO_COLOR' env is ignored due to the 'FORCE_COLOR' env being set.
[2m[WebServer] [22m(Use `node --trace-warnings ...` to show where the warning was created)

Running 58 tests using 1 worker

(node:30549) Warning: The 'NO_COLOR' env is ignored due to the 'FORCE_COLOR' env being set.
(Use `node --trace-warnings ...` to show where the warning was created)
(node:30549) Warning: The 'NO_COLOR' env is ignored due to the 'FORCE_COLOR' env being set.
(Use `node --trace-warnings ...` to show where the warning was created)
  ✓   1 [chromium] › tests/browser/deposit.spec.ts:80:1 › DP-01 full synthetic wallet pipeline retains exact calldata and scoped HTTP intent (488ms)
  ✓   2 [chromium] › tests/browser/deposit.spec.ts:92:66 › DP-02 market changes during mint prompt stop all subsequent mutation (329ms)
  ✓   3 [chromium] › tests/browser/deposit.spec.ts:92:66 › DP-02 market changes during approve prompt stop all subsequent mutation (298ms)
  ✓   4 [chromium] › tests/browser/deposit.spec.ts:92:66 › DP-02 market changes during signature prompt stop all subsequent mutation (266ms)
  ✓   5 [chromium] › tests/browser/deposit.spec.ts:92:66 › DP-02 market changes during deposit prompt stop all subsequent mutation (331ms)
  ✓   6 [chromium] › tests/browser/deposit.spec.ts:104:1 › DP-03 native two-tab lock and credential propagation stop pending bind signature (701ms)
  ✓   7 [chromium] › tests/browser/deposit.spec.ts:117:50 › DP-04 delayed authorize reply cannot succeed after credential rotation (658ms)
  ✓   8 [chromium] › tests/browser/deposit.spec.ts:117:50 › DP-04 delayed onchain reply cannot succeed after credential rotation (673ms)
  ✓   9 [chromium] › tests/browser/deposit.spec.ts:128:1 › DP-05 unknown wallet send survives reload and refuses duplicate transfer (548ms)
  ✓  10 [chromium] › tests/browser/deposit.spec.ts:140:1 › DP-06 unknown credit response resumes recorded transaction after reload (532ms)
  ✓  11 [chromium] › tests/browser/local.spec.ts:87:1 › BR-01 real same-origin tabs serialize recovery and adopt storage generation (660ms)
  ✓  12 [chromium] › tests/browser/local.spec.ts:104:1 › BR-01 closing tab holding native Web Lock releases recovery for sibling (544ms)
  ✓  13 [chromium] › tests/browser/local.spec.ts:112:1 › BR-04 wallet rejection and absent Web Locks both fail before POST (314ms)
  ✓  14 [chromium] › tests/browser/local.spec.ts:120:1 › BR-05 storage quota failure retains new key in memory and warns after confirmed rotation (367ms)
  ✓  15 [chromium] › tests/browser/local.spec.ts:132:64 › BR-06 legacy record never transmits old key or registers replacement (109ms)
  ✓  16 [chromium] › tests/browser/local.spec.ts:132:64 › BR-06 mismatch record never transmits old key or registers replacement (115ms)
  ✓  17 [chromium] › tests/browser/local.spec.ts:132:64 › BR-06 corrupt record never transmits old key or registers replacement (128ms)
  ✓  18 [chromium] › tests/browser/local.spec.ts:143:1 › BR-08 withdrawal retains signed market when selection changes during wallet prompt (255ms)
  ✓  19 [chromium] › tests/browser/local.spec.ts:152:1 › BR-07 cancel response after recovery cannot emit success into new credential context (358ms)
  ✓  20 [chromium] › tests/browser/local.spec.ts:161:1 › S2-04 CSP blocks inline script and external connect; errors render only text (296ms)
  ✓  21 [chromium] › tests/browser/local.spec.ts:179:1 › BR-03 real HTTP body stall is bounded and preserves saved credential (46.2s)
  ✓  22 [chromium] › tests/browser/local.spec.ts:188:1 › BR-08 cross-tab rotation while withdrawal signature waits aborts old mutation (488ms)
  ✓  23 [chromium] › tests/browser/local.spec.ts:199:1 › BR-07 stale withdrawal proof response is discarded after rotation (368ms)
  ✓  24 [chromium] › tests/browser/local.spec.ts:207:1 › BR-01 metadata and storage-write barriers retain one recovery lock across tabs (662ms)
  ✓  25 [chromium] › tests/browser/local.spec.ts:222:1 › BR-02 obsolete socket callbacks cannot close current native browser socket (281ms)
  ✓  26 [chromium] › tests/browser/local.spec.ts:239:1 › BR-07 old refresh held across rotation cannot install stale balance (381ms)
  ✓  27 [chromium] › tests/browser/local.spec.ts:256:1 › BR-05 session-only warning survives leaving and returning to recovery panel (311ms)
  ✓  28 [chromium] › tests/browser/local.spec.ts:265:1 › S2-02 disabled storage does not crash application shell (161ms)
  ✓  29 [chromium] › tests/browser/local.spec.ts:272:1 › BR-05 session-only warning remains during and after rejected second recovery (486ms)
(node:30879) Warning: The 'NO_COLOR' env is ignored due to the 'FORCE_COLOR' env being set.
(Use `node --trace-warnings ...` to show where the warning was created)
(node:30879) Warning: The 'NO_COLOR' env is ignored due to the 'FORCE_COLOR' env being set.
(Use `node --trace-warnings ...` to show where the warning was created)
  ✓  30 [webkit] › tests/browser/deposit.spec.ts:80:1 › DP-01 full synthetic wallet pipeline retains exact calldata and scoped HTTP intent (767ms)
  ✓  31 [webkit] › tests/browser/deposit.spec.ts:92:66 › DP-02 market changes during mint prompt stop all subsequent mutation (279ms)
  ✓  32 [webkit] › tests/browser/deposit.spec.ts:92:66 › DP-02 market changes during approve prompt stop all subsequent mutation (249ms)
  ✓  33 [webkit] › tests/browser/deposit.spec.ts:92:66 › DP-02 market changes during signature prompt stop all subsequent mutation (228ms)
  ✓  34 [webkit] › tests/browser/deposit.spec.ts:92:66 › DP-02 market changes during deposit prompt stop all subsequent mutation (347ms)
  ✓  35 [webkit] › tests/browser/deposit.spec.ts:104:1 › DP-03 native two-tab lock and credential propagation stop pending bind signature (459ms)
  ✓  36 [webkit] › tests/browser/deposit.spec.ts:117:50 › DP-04 delayed authorize reply cannot succeed after credential rotation (544ms)
  ✓  37 [webkit] › tests/browser/deposit.spec.ts:117:50 › DP-04 delayed onchain reply cannot succeed after credential rotation (546ms)
  ✓  38 [webkit] › tests/browser/deposit.spec.ts:128:1 › DP-05 unknown wallet send survives reload and refuses duplicate transfer (435ms)
  ✓  39 [webkit] › tests/browser/deposit.spec.ts:140:1 › DP-06 unknown credit response resumes recorded transaction after reload (563ms)
  ✓  40 [webkit] › tests/browser/local.spec.ts:87:1 › BR-01 real same-origin tabs serialize recovery and adopt storage generation (695ms)
  ✓  41 [webkit] › tests/browser/local.spec.ts:104:1 › BR-01 closing tab holding native Web Lock releases recovery for sibling (637ms)
  ✓  42 [webkit] › tests/browser/local.spec.ts:112:1 › BR-04 wallet rejection and absent Web Locks both fail before POST (331ms)
  ✓  43 [webkit] › tests/browser/local.spec.ts:120:1 › BR-05 storage quota failure retains new key in memory and warns after confirmed rotation (391ms)
  ✓  44 [webkit] › tests/browser/local.spec.ts:132:64 › BR-06 legacy record never transmits old key or registers replacement (176ms)
  ✓  45 [webkit] › tests/browser/local.spec.ts:132:64 › BR-06 mismatch record never transmits old key or registers replacement (172ms)
  ✓  46 [webkit] › tests/browser/local.spec.ts:132:64 › BR-06 corrupt record never transmits old key or registers replacement (196ms)
  ✓  47 [webkit] › tests/browser/local.spec.ts:143:1 › BR-08 withdrawal retains signed market when selection changes during wallet prompt (394ms)
  ✓  48 [webkit] › tests/browser/local.spec.ts:152:1 › BR-07 cancel response after recovery cannot emit success into new credential context (418ms)
  ✓  49 [webkit] › tests/browser/local.spec.ts:161:1 › S2-04 CSP blocks inline script and external connect; errors render only text (341ms)
  ✓  50 [webkit] › tests/browser/local.spec.ts:179:1 › BR-03 real HTTP body stall is bounded and preserves saved credential (46.2s)
  ✓  51 [webkit] › tests/browser/local.spec.ts:188:1 › BR-08 cross-tab rotation while withdrawal signature waits aborts old mutation (633ms)
  ✓  52 [webkit] › tests/browser/local.spec.ts:199:1 › BR-07 stale withdrawal proof response is discarded after rotation (314ms)
  ✓  53 [webkit] › tests/browser/local.spec.ts:207:1 › BR-01 metadata and storage-write barriers retain one recovery lock across tabs (690ms)
  ✓  54 [webkit] › tests/browser/local.spec.ts:222:1 › BR-02 obsolete socket callbacks cannot close current native browser socket (352ms)
  ✓  55 [webkit] › tests/browser/local.spec.ts:239:1 › BR-07 old refresh held across rotation cannot install stale balance (429ms)
  ✓  56 [webkit] › tests/browser/local.spec.ts:256:1 › BR-05 session-only warning survives leaving and returning to recovery panel (398ms)
  ✓  57 [webkit] › tests/browser/local.spec.ts:265:1 › S2-02 disabled storage does not crash application shell (229ms)
  ✓  58 [webkit] › tests/browser/local.spec.ts:272:1 › BR-05 session-only warning remains during and after rejected second recovery (571ms)

  58 passed (2.0m)
