[WARN] The "pnpm" field in package.json is no longer read by pnpm. The following keys were ignored: "pnpm.onlyBuiltDependencies". See https://pnpm.io/settings for the new home of each setting.
[2m[WebServer] [22m(node:34343) Warning: The 'NO_COLOR' env is ignored due to the 'FORCE_COLOR' env being set.
[2m[WebServer] [22m(Use `node --trace-warnings ...` to show where the warning was created)
[2m[WebServer] [22m[43m[33m[[39m[49m[43m[30mWARN[39m[49m[43m[33m][39m[49m The "pnpm" field in package.json is no longer read by pnpm. The following keys were ignored: "pnpm.onlyBuiltDependencies". See https://pnpm.io/settings for the new home of each setting.
[2m[WebServer] [22m(node:34350) Warning: The 'NO_COLOR' env is ignored due to the 'FORCE_COLOR' env being set.
[2m[WebServer] [22m(Use `node --trace-warnings ...` to show where the warning was created)
[2m[WebServer] [22m(node:34418) Warning: The 'NO_COLOR' env is ignored due to the 'FORCE_COLOR' env being set.
[2m[WebServer] [22m(Use `node --trace-warnings ...` to show where the warning was created)

Running 28 tests using 1 worker

(node:34425) Warning: The 'NO_COLOR' env is ignored due to the 'FORCE_COLOR' env being set.
(Use `node --trace-warnings ...` to show where the warning was created)
(node:34425) Warning: The 'NO_COLOR' env is ignored due to the 'FORCE_COLOR' env being set.
(Use `node --trace-warnings ...` to show where the warning was created)
  ✓   1 [chromium] › tests/browser/deposit.spec.ts:80:1 › DP-01 full synthetic wallet pipeline retains exact calldata and scoped HTTP intent (443ms)
  ✓   2 [chromium] › tests/browser/deposit.spec.ts:93:66 › DP-02 market changes during mint prompt stop all subsequent mutation (291ms)
  ✓   3 [chromium] › tests/browser/deposit.spec.ts:93:66 › DP-02 market changes during approve prompt stop all subsequent mutation (298ms)
  ✓   4 [chromium] › tests/browser/deposit.spec.ts:93:66 › DP-02 market changes during signature prompt stop all subsequent mutation (300ms)
  ✓   5 [chromium] › tests/browser/deposit.spec.ts:93:66 › DP-02 market changes during deposit prompt stop all subsequent mutation (314ms)
  ✓   6 [chromium] › tests/browser/deposit.spec.ts:105:1 › DP-03 native two-tab lock and credential propagation stop pending bind signature (670ms)
  ✓   7 [chromium] › tests/browser/deposit.spec.ts:118:50 › DP-04 delayed authorize reply cannot succeed after credential rotation (706ms)
  ✓   8 [chromium] › tests/browser/deposit.spec.ts:118:50 › DP-04 delayed onchain reply cannot succeed after credential rotation (664ms)
  ✓   9 [chromium] › tests/browser/deposit.spec.ts:129:1 › DP-05 unknown wallet send survives reload and refuses duplicate transfer (540ms)
  ✓  10 [chromium] › tests/browser/deposit.spec.ts:141:1 › DP-06 unknown credit response resumes recorded transaction after reload (537ms)
  ✓  11 [chromium] › tests/browser/deposit.spec.ts:154:66 › DP-07 missing credit receipt retains journal and retries only original transaction (442ms)
  ✓  12 [chromium] › tests/browser/deposit.spec.ts:154:66 › DP-07 unknown credit receipt retains journal and retries only original transaction (443ms)
  ✓  13 [chromium] › tests/browser/deposit.spec.ts:154:66 › DP-07 zero credit receipt retains journal and retries only original transaction (430ms)
  ✓  14 [chromium] › tests/browser/deposit.spec.ts:154:66 › DP-07 wrongAmount credit receipt retains journal and retries only original transaction (444ms)
(node:34491) Warning: The 'NO_COLOR' env is ignored due to the 'FORCE_COLOR' env being set.
(Use `node --trace-warnings ...` to show where the warning was created)
(node:34491) Warning: The 'NO_COLOR' env is ignored due to the 'FORCE_COLOR' env being set.
(Use `node --trace-warnings ...` to show where the warning was created)
  ✓  15 [webkit] › tests/browser/deposit.spec.ts:80:1 › DP-01 full synthetic wallet pipeline retains exact calldata and scoped HTTP intent (642ms)
  ✓  16 [webkit] › tests/browser/deposit.spec.ts:93:66 › DP-02 market changes during mint prompt stop all subsequent mutation (281ms)
  ✓  17 [webkit] › tests/browser/deposit.spec.ts:93:66 › DP-02 market changes during approve prompt stop all subsequent mutation (245ms)
  ✓  18 [webkit] › tests/browser/deposit.spec.ts:93:66 › DP-02 market changes during signature prompt stop all subsequent mutation (268ms)
  ✓  19 [webkit] › tests/browser/deposit.spec.ts:93:66 › DP-02 market changes during deposit prompt stop all subsequent mutation (356ms)
  ✓  20 [webkit] › tests/browser/deposit.spec.ts:105:1 › DP-03 native two-tab lock and credential propagation stop pending bind signature (467ms)
  ✓  21 [webkit] › tests/browser/deposit.spec.ts:118:50 › DP-04 delayed authorize reply cannot succeed after credential rotation (558ms)
  ✓  22 [webkit] › tests/browser/deposit.spec.ts:118:50 › DP-04 delayed onchain reply cannot succeed after credential rotation (556ms)
  ✓  23 [webkit] › tests/browser/deposit.spec.ts:129:1 › DP-05 unknown wallet send survives reload and refuses duplicate transfer (444ms)
  ✓  24 [webkit] › tests/browser/deposit.spec.ts:141:1 › DP-06 unknown credit response resumes recorded transaction after reload (558ms)
  ✓  25 [webkit] › tests/browser/deposit.spec.ts:154:66 › DP-07 missing credit receipt retains journal and retries only original transaction (466ms)
  ✓  26 [webkit] › tests/browser/deposit.spec.ts:154:66 › DP-07 unknown credit receipt retains journal and retries only original transaction (483ms)
  ✓  27 [webkit] › tests/browser/deposit.spec.ts:154:66 › DP-07 zero credit receipt retains journal and retries only original transaction (478ms)
  ✓  28 [webkit] › tests/browser/deposit.spec.ts:154:66 › DP-07 wrongAmount credit receipt retains journal and retries only original transaction (489ms)

  28 passed (17.4s)
