[WARN] The "pnpm" field in package.json is no longer read by pnpm. The following keys were ignored: "pnpm.onlyBuiltDependencies". See https://pnpm.io/settings for the new home of each setting.
$ playwright test
[2m[WebServer] [22m(node:39172) Warning: The 'NO_COLOR' env is ignored due to the 'FORCE_COLOR' env being set.
[2m[WebServer] [22m(Use `node --trace-warnings ...` to show where the warning was created)
[2m[WebServer] [22m[43m[33m[[39m[49m[43m[30mWARN[39m[49m[43m[33m][39m[49m The "pnpm" field in package.json is no longer read by pnpm. The following keys were ignored: "pnpm.onlyBuiltDependencies". See https://pnpm.io/settings for the new home of each setting.
[2m[WebServer] [22m(node:39173) Warning: The 'NO_COLOR' env is ignored due to the 'FORCE_COLOR' env being set.
[2m[WebServer] [22m(Use `node --trace-warnings ...` to show where the warning was created)
[2m[WebServer] [22m(node:39180) Warning: The 'NO_COLOR' env is ignored due to the 'FORCE_COLOR' env being set.
[2m[WebServer] [22m(Use `node --trace-warnings ...` to show where the warning was created)

Running 66 tests using 1 worker

(node:39181) Warning: The 'NO_COLOR' env is ignored due to the 'FORCE_COLOR' env being set.
(Use `node --trace-warnings ...` to show where the warning was created)
(node:39181) Warning: The 'NO_COLOR' env is ignored due to the 'FORCE_COLOR' env being set.
(Use `node --trace-warnings ...` to show where the warning was created)
  ✓   1 [chromium] › tests/browser/deposit.spec.ts:80:1 › DP-01 full synthetic wallet pipeline retains exact calldata and scoped HTTP intent (477ms)
  ✓   2 [chromium] › tests/browser/deposit.spec.ts:93:66 › DP-02 market changes during mint prompt stop all subsequent mutation (347ms)
  ✓   3 [chromium] › tests/browser/deposit.spec.ts:93:66 › DP-02 market changes during approve prompt stop all subsequent mutation (305ms)
  ✓   4 [chromium] › tests/browser/deposit.spec.ts:93:66 › DP-02 market changes during signature prompt stop all subsequent mutation (295ms)
  ✓   5 [chromium] › tests/browser/deposit.spec.ts:93:66 › DP-02 market changes during deposit prompt stop all subsequent mutation (280ms)
  ✓   6 [chromium] › tests/browser/deposit.spec.ts:105:1 › DP-03 native two-tab lock and credential propagation stop pending bind signature (732ms)
  ✓   7 [chromium] › tests/browser/deposit.spec.ts:118:50 › DP-04 delayed authorize reply cannot succeed after credential rotation (661ms)
  ✓   8 [chromium] › tests/browser/deposit.spec.ts:118:50 › DP-04 delayed onchain reply cannot succeed after credential rotation (576ms)
  ✓   9 [chromium] › tests/browser/deposit.spec.ts:129:1 › DP-05 unknown wallet send survives reload and refuses duplicate transfer (500ms)
  ✓  10 [chromium] › tests/browser/deposit.spec.ts:141:1 › DP-06 unknown credit response resumes recorded transaction after reload (554ms)
  ✓  11 [chromium] › tests/browser/deposit.spec.ts:154:66 › DP-07 missing credit receipt retains journal and retries only original transaction (403ms)
  ✓  12 [chromium] › tests/browser/deposit.spec.ts:154:66 › DP-07 unknown credit receipt retains journal and retries only original transaction (446ms)
  ✓  13 [chromium] › tests/browser/deposit.spec.ts:154:66 › DP-07 zero credit receipt retains journal and retries only original transaction (435ms)
  ✓  14 [chromium] › tests/browser/deposit.spec.ts:154:66 › DP-07 wrongAmount credit receipt retains journal and retries only original transaction (428ms)
  ✓  15 [chromium] › tests/browser/local.spec.ts:87:1 › BR-01 real same-origin tabs serialize recovery and adopt storage generation (627ms)
  ✓  16 [chromium] › tests/browser/local.spec.ts:104:1 › BR-01 closing tab holding native Web Lock releases recovery for sibling (511ms)
  ✓  17 [chromium] › tests/browser/local.spec.ts:112:1 › BR-04 wallet rejection and absent Web Locks both fail before POST (301ms)
  ✓  18 [chromium] › tests/browser/local.spec.ts:120:1 › BR-05 storage quota failure retains new key in memory and warns after confirmed rotation (361ms)
  ✓  19 [chromium] › tests/browser/local.spec.ts:132:64 › BR-06 legacy record never transmits old key or registers replacement (111ms)
  ✓  20 [chromium] › tests/browser/local.spec.ts:132:64 › BR-06 mismatch record never transmits old key or registers replacement (105ms)
  ✓  21 [chromium] › tests/browser/local.spec.ts:132:64 › BR-06 corrupt record never transmits old key or registers replacement (108ms)
  ✓  22 [chromium] › tests/browser/local.spec.ts:143:1 › BR-08 withdrawal retains signed market when selection changes during wallet prompt (216ms)
  ✓  23 [chromium] › tests/browser/local.spec.ts:152:1 › BR-07 cancel response after recovery cannot emit success into new credential context (352ms)
  ✓  24 [chromium] › tests/browser/local.spec.ts:161:1 › S2-04 CSP blocks inline script and external connect; errors render only text (309ms)
  ✓  25 [chromium] › tests/browser/local.spec.ts:179:1 › BR-03 real HTTP body stall is bounded and preserves saved credential (46.2s)
  ✓  26 [chromium] › tests/browser/local.spec.ts:188:1 › BR-08 cross-tab rotation while withdrawal signature waits aborts old mutation (505ms)
  ✓  27 [chromium] › tests/browser/local.spec.ts:199:1 › BR-07 stale withdrawal proof response is discarded after rotation (343ms)
  ✓  28 [chromium] › tests/browser/local.spec.ts:207:1 › BR-01 metadata and storage-write barriers retain one recovery lock across tabs (779ms)
  ✓  29 [chromium] › tests/browser/local.spec.ts:222:1 › BR-02 obsolete socket callbacks cannot close current native browser socket (283ms)
  ✓  30 [chromium] › tests/browser/local.spec.ts:239:1 › BR-07 old refresh held across rotation cannot install stale balance (374ms)
  ✓  31 [chromium] › tests/browser/local.spec.ts:256:1 › BR-05 session-only warning survives leaving and returning to recovery panel (337ms)
  ✓  32 [chromium] › tests/browser/local.spec.ts:265:1 › S2-02 disabled storage does not crash application shell (165ms)
  ✓  33 [chromium] › tests/browser/local.spec.ts:272:1 › BR-05 session-only warning remains during and after rejected second recovery (531ms)
(node:39523) Warning: The 'NO_COLOR' env is ignored due to the 'FORCE_COLOR' env being set.
(Use `node --trace-warnings ...` to show where the warning was created)
(node:39523) Warning: The 'NO_COLOR' env is ignored due to the 'FORCE_COLOR' env being set.
(Use `node --trace-warnings ...` to show where the warning was created)
  ✓  34 [webkit] › tests/browser/deposit.spec.ts:80:1 › DP-01 full synthetic wallet pipeline retains exact calldata and scoped HTTP intent (686ms)
  ✓  35 [webkit] › tests/browser/deposit.spec.ts:93:66 › DP-02 market changes during mint prompt stop all subsequent mutation (290ms)
  ✓  36 [webkit] › tests/browser/deposit.spec.ts:93:66 › DP-02 market changes during approve prompt stop all subsequent mutation (245ms)
  ✓  37 [webkit] › tests/browser/deposit.spec.ts:93:66 › DP-02 market changes during signature prompt stop all subsequent mutation (239ms)
  ✓  38 [webkit] › tests/browser/deposit.spec.ts:93:66 › DP-02 market changes during deposit prompt stop all subsequent mutation (359ms)
  ✓  39 [webkit] › tests/browser/deposit.spec.ts:105:1 › DP-03 native two-tab lock and credential propagation stop pending bind signature (578ms)
  ✓  40 [webkit] › tests/browser/deposit.spec.ts:118:50 › DP-04 delayed authorize reply cannot succeed after credential rotation (557ms)
  ✓  41 [webkit] › tests/browser/deposit.spec.ts:118:50 › DP-04 delayed onchain reply cannot succeed after credential rotation (541ms)
  ✓  42 [webkit] › tests/browser/deposit.spec.ts:129:1 › DP-05 unknown wallet send survives reload and refuses duplicate transfer (484ms)
  ✓  43 [webkit] › tests/browser/deposit.spec.ts:141:1 › DP-06 unknown credit response resumes recorded transaction after reload (565ms)
  ✓  44 [webkit] › tests/browser/deposit.spec.ts:154:66 › DP-07 missing credit receipt retains journal and retries only original transaction (471ms)
  ✓  45 [webkit] › tests/browser/deposit.spec.ts:154:66 › DP-07 unknown credit receipt retains journal and retries only original transaction (482ms)
  ✓  46 [webkit] › tests/browser/deposit.spec.ts:154:66 › DP-07 zero credit receipt retains journal and retries only original transaction (495ms)
  ✓  47 [webkit] › tests/browser/deposit.spec.ts:154:66 › DP-07 wrongAmount credit receipt retains journal and retries only original transaction (476ms)
  ✓  48 [webkit] › tests/browser/local.spec.ts:87:1 › BR-01 real same-origin tabs serialize recovery and adopt storage generation (705ms)
  ✓  49 [webkit] › tests/browser/local.spec.ts:104:1 › BR-01 closing tab holding native Web Lock releases recovery for sibling (723ms)
  ✓  50 [webkit] › tests/browser/local.spec.ts:112:1 › BR-04 wallet rejection and absent Web Locks both fail before POST (334ms)
  ✓  51 [webkit] › tests/browser/local.spec.ts:120:1 › BR-05 storage quota failure retains new key in memory and warns after confirmed rotation (381ms)
  ✓  52 [webkit] › tests/browser/local.spec.ts:132:64 › BR-06 legacy record never transmits old key or registers replacement (177ms)
  ✓  53 [webkit] › tests/browser/local.spec.ts:132:64 › BR-06 mismatch record never transmits old key or registers replacement (162ms)
  ✓  54 [webkit] › tests/browser/local.spec.ts:132:64 › BR-06 corrupt record never transmits old key or registers replacement (166ms)
  ✓  55 [webkit] › tests/browser/local.spec.ts:143:1 › BR-08 withdrawal retains signed market when selection changes during wallet prompt (288ms)
  ✓  56 [webkit] › tests/browser/local.spec.ts:152:1 › BR-07 cancel response after recovery cannot emit success into new credential context (417ms)
  ✓  57 [webkit] › tests/browser/local.spec.ts:161:1 › S2-04 CSP blocks inline script and external connect; errors render only text (348ms)
  ✓  58 [webkit] › tests/browser/local.spec.ts:179:1 › BR-03 real HTTP body stall is bounded and preserves saved credential (45.2s)
  ✓  59 [webkit] › tests/browser/local.spec.ts:188:1 › BR-08 cross-tab rotation while withdrawal signature waits aborts old mutation (644ms)
  ✓  60 [webkit] › tests/browser/local.spec.ts:199:1 › BR-07 stale withdrawal proof response is discarded after rotation (324ms)
  ✓  61 [webkit] › tests/browser/local.spec.ts:207:1 › BR-01 metadata and storage-write barriers retain one recovery lock across tabs (670ms)
  ✓  62 [webkit] › tests/browser/local.spec.ts:222:1 › BR-02 obsolete socket callbacks cannot close current native browser socket (330ms)
  ✓  63 [webkit] › tests/browser/local.spec.ts:239:1 › BR-07 old refresh held across rotation cannot install stale balance (420ms)
  ✓  64 [webkit] › tests/browser/local.spec.ts:256:1 › BR-05 session-only warning survives leaving and returning to recovery panel (381ms)
  ✓  65 [webkit] › tests/browser/local.spec.ts:265:1 › S2-02 disabled storage does not crash application shell (237ms)
  ✓  66 [webkit] › tests/browser/local.spec.ts:272:1 › BR-05 session-only warning remains during and after rejected second recovery (566ms)

  66 passed (2.0m)
