[WARN] The "pnpm" field in package.json is no longer read by pnpm. The following keys were ignored: "pnpm.onlyBuiltDependencies". See https://pnpm.io/settings for the new home of each setting.
[2m[WebServer] [22m(node:59171) Warning: The 'NO_COLOR' env is ignored due to the 'FORCE_COLOR' env being set.
[2m[WebServer] [22m(Use `node --trace-warnings ...` to show where the warning was created)
[2m[WebServer] [22m[43m[33m[[39m[49m[43m[30mWARN[39m[49m[43m[33m][39m[49m The "pnpm" field in package.json is no longer read by pnpm. The following keys were ignored: "pnpm.onlyBuiltDependencies". See https://pnpm.io/settings for the new home of each setting.
[2m[WebServer] [22m(node:59173) Warning: The 'NO_COLOR' env is ignored due to the 'FORCE_COLOR' env being set.
[2m[WebServer] [22m(Use `node --trace-warnings ...` to show where the warning was created)
[2m[WebServer] [22m(node:59198) Warning: The 'NO_COLOR' env is ignored due to the 'FORCE_COLOR' env being set.
[2m[WebServer] [22m(Use `node --trace-warnings ...` to show where the warning was created)

Running 72 tests using 1 worker

(node:59199) Warning: The 'NO_COLOR' env is ignored due to the 'FORCE_COLOR' env being set.
(Use `node --trace-warnings ...` to show where the warning was created)
(node:59199) Warning: The 'NO_COLOR' env is ignored due to the 'FORCE_COLOR' env being set.
(Use `node --trace-warnings ...` to show where the warning was created)
  ✓   1 [chromium] › tests/browser/deposit.spec.ts:80:1 › DP-01 full synthetic wallet pipeline retains exact calldata and scoped HTTP intent (453ms)
  ✓   2 [chromium] › tests/browser/deposit.spec.ts:93:66 › DP-02 market changes during mint prompt stop all subsequent mutation (287ms)
  ✓   3 [chromium] › tests/browser/deposit.spec.ts:93:66 › DP-02 market changes during approve prompt stop all subsequent mutation (333ms)
  ✓   4 [chromium] › tests/browser/deposit.spec.ts:93:66 › DP-02 market changes during signature prompt stop all subsequent mutation (316ms)
  ✓   5 [chromium] › tests/browser/deposit.spec.ts:93:66 › DP-02 market changes during deposit prompt stop all subsequent mutation (325ms)
  ✓   6 [chromium] › tests/browser/deposit.spec.ts:105:1 › DP-03 native two-tab lock and credential propagation stop pending bind signature (676ms)
  ✓   7 [chromium] › tests/browser/deposit.spec.ts:119:50 › DP-04 delayed authorize reply cannot succeed after credential rotation (655ms)
  ✓   8 [chromium] › tests/browser/deposit.spec.ts:119:50 › DP-04 delayed onchain reply cannot succeed after credential rotation (661ms)
  ✓   9 [chromium] › tests/browser/deposit.spec.ts:130:1 › DP-05 unknown wallet send survives reload and refuses duplicate transfer (407ms)
  ✓  10 [chromium] › tests/browser/deposit.spec.ts:144:1 › DP-06 unknown credit response resumes recorded transaction after reload (500ms)
  ✓  11 [chromium] › tests/browser/deposit.spec.ts:158:66 › DP-07 missing credit receipt retains journal and retries only original transaction (441ms)
  ✓  12 [chromium] › tests/browser/deposit.spec.ts:158:66 › DP-07 unknown credit receipt retains journal and retries only original transaction (417ms)
  ✓  13 [chromium] › tests/browser/deposit.spec.ts:158:66 › DP-07 zero credit receipt retains journal and retries only original transaction (461ms)
  ✓  14 [chromium] › tests/browser/deposit.spec.ts:158:66 › DP-07 wrongAmount credit receipt retains journal and retries only original transaction (424ms)
  ✓  15 [chromium] › tests/browser/deposit.spec.ts:178:1 › DP-08 status-only reconciliation after same-owner credential rotation retains the original hash (739ms)
  ✓  16 [chromium] › tests/browser/deposit.spec.ts:197:1 › DP-09 original market must be restored before checking the recorded deposit (581ms)
  ✓  17 [chromium] › tests/browser/deposit.spec.ts:212:1 › DP-10 pending and reverted status checks preserve the original operation without sends (591ms)
  ✓  18 [chromium] › tests/browser/local.spec.ts:87:1 › BR-01 real same-origin tabs serialize recovery and adopt storage generation (707ms)
  ✓  19 [chromium] › tests/browser/local.spec.ts:104:1 › BR-01 closing tab holding native Web Lock releases recovery for sibling (511ms)
  ✓  20 [chromium] › tests/browser/local.spec.ts:112:1 › BR-04 wallet rejection and absent Web Locks both fail before POST (290ms)
  ✓  21 [chromium] › tests/browser/local.spec.ts:120:1 › BR-05 storage quota failure retains new key in memory and warns after confirmed rotation (314ms)
  ✓  22 [chromium] › tests/browser/local.spec.ts:132:64 › BR-06 legacy record never transmits old key or registers replacement (96ms)
  ✓  23 [chromium] › tests/browser/local.spec.ts:132:64 › BR-06 mismatch record never transmits old key or registers replacement (91ms)
  ✓  24 [chromium] › tests/browser/local.spec.ts:132:64 › BR-06 corrupt record never transmits old key or registers replacement (92ms)
  ✓  25 [chromium] › tests/browser/local.spec.ts:143:1 › BR-08 withdrawal retains signed market when selection changes during wallet prompt (221ms)
  ✓  26 [chromium] › tests/browser/local.spec.ts:152:1 › BR-07 cancel response after recovery cannot emit success into new credential context (355ms)
  ✓  27 [chromium] › tests/browser/local.spec.ts:161:1 › S2-04 CSP blocks inline script and external connect; errors render only text (347ms)
  ✓  28 [chromium] › tests/browser/local.spec.ts:179:1 › BR-03 real HTTP body stall is bounded and preserves saved credential (46.2s)
  ✓  29 [chromium] › tests/browser/local.spec.ts:188:1 › BR-08 cross-tab rotation while withdrawal signature waits aborts old mutation (519ms)
  ✓  30 [chromium] › tests/browser/local.spec.ts:199:1 › BR-07 stale withdrawal proof response is discarded after rotation (344ms)
  ✓  31 [chromium] › tests/browser/local.spec.ts:207:1 › BR-01 metadata and storage-write barriers retain one recovery lock across tabs (712ms)
  ✓  32 [chromium] › tests/browser/local.spec.ts:222:1 › BR-02 obsolete socket callbacks cannot close current native browser socket (266ms)
  ✓  33 [chromium] › tests/browser/local.spec.ts:239:1 › BR-07 old refresh held across rotation cannot install stale balance (346ms)
  ✓  34 [chromium] › tests/browser/local.spec.ts:256:1 › BR-05 session-only warning survives leaving and returning to recovery panel (339ms)
  ✓  35 [chromium] › tests/browser/local.spec.ts:265:1 › S2-02 disabled storage does not crash application shell (168ms)
  ✓  36 [chromium] › tests/browser/local.spec.ts:272:1 › BR-05 session-only warning remains during and after rejected second recovery (487ms)
(node:59516) Warning: The 'NO_COLOR' env is ignored due to the 'FORCE_COLOR' env being set.
(Use `node --trace-warnings ...` to show where the warning was created)
(node:59516) Warning: The 'NO_COLOR' env is ignored due to the 'FORCE_COLOR' env being set.
(Use `node --trace-warnings ...` to show where the warning was created)
  ✓  37 [webkit] › tests/browser/deposit.spec.ts:80:1 › DP-01 full synthetic wallet pipeline retains exact calldata and scoped HTTP intent (641ms)
  ✓  38 [webkit] › tests/browser/deposit.spec.ts:93:66 › DP-02 market changes during mint prompt stop all subsequent mutation (249ms)
  ✓  39 [webkit] › tests/browser/deposit.spec.ts:93:66 › DP-02 market changes during approve prompt stop all subsequent mutation (263ms)
  ✓  40 [webkit] › tests/browser/deposit.spec.ts:93:66 › DP-02 market changes during signature prompt stop all subsequent mutation (241ms)
  ✓  41 [webkit] › tests/browser/deposit.spec.ts:93:66 › DP-02 market changes during deposit prompt stop all subsequent mutation (350ms)
  ✓  42 [webkit] › tests/browser/deposit.spec.ts:105:1 › DP-03 native two-tab lock and credential propagation stop pending bind signature (486ms)
  ✓  43 [webkit] › tests/browser/deposit.spec.ts:119:50 › DP-04 delayed authorize reply cannot succeed after credential rotation (542ms)
  ✓  44 [webkit] › tests/browser/deposit.spec.ts:119:50 › DP-04 delayed onchain reply cannot succeed after credential rotation (568ms)
  ✓  45 [webkit] › tests/browser/deposit.spec.ts:130:1 › DP-05 unknown wallet send survives reload and refuses duplicate transfer (418ms)
  ✓  46 [webkit] › tests/browser/deposit.spec.ts:144:1 › DP-06 unknown credit response resumes recorded transaction after reload (559ms)
  ✓  47 [webkit] › tests/browser/deposit.spec.ts:158:66 › DP-07 missing credit receipt retains journal and retries only original transaction (468ms)
  ✓  48 [webkit] › tests/browser/deposit.spec.ts:158:66 › DP-07 unknown credit receipt retains journal and retries only original transaction (469ms)
  ✓  49 [webkit] › tests/browser/deposit.spec.ts:158:66 › DP-07 zero credit receipt retains journal and retries only original transaction (483ms)
  ✓  50 [webkit] › tests/browser/deposit.spec.ts:158:66 › DP-07 wrongAmount credit receipt retains journal and retries only original transaction (476ms)
  ✓  51 [webkit] › tests/browser/deposit.spec.ts:178:1 › DP-08 status-only reconciliation after same-owner credential rotation retains the original hash (696ms)
  ✓  52 [webkit] › tests/browser/deposit.spec.ts:197:1 › DP-09 original market must be restored before checking the recorded deposit (526ms)
  ✓  53 [webkit] › tests/browser/deposit.spec.ts:212:1 › DP-10 pending and reverted status checks preserve the original operation without sends (381ms)
  ✓  54 [webkit] › tests/browser/local.spec.ts:87:1 › BR-01 real same-origin tabs serialize recovery and adopt storage generation (698ms)
  ✓  55 [webkit] › tests/browser/local.spec.ts:104:1 › BR-01 closing tab holding native Web Lock releases recovery for sibling (627ms)
  ✓  56 [webkit] › tests/browser/local.spec.ts:112:1 › BR-04 wallet rejection and absent Web Locks both fail before POST (345ms)
  ✓  57 [webkit] › tests/browser/local.spec.ts:120:1 › BR-05 storage quota failure retains new key in memory and warns after confirmed rotation (389ms)
  ✓  58 [webkit] › tests/browser/local.spec.ts:132:64 › BR-06 legacy record never transmits old key or registers replacement (167ms)
  ✓  59 [webkit] › tests/browser/local.spec.ts:132:64 › BR-06 mismatch record never transmits old key or registers replacement (161ms)
  ✓  60 [webkit] › tests/browser/local.spec.ts:132:64 › BR-06 corrupt record never transmits old key or registers replacement (168ms)
  ✓  61 [webkit] › tests/browser/local.spec.ts:143:1 › BR-08 withdrawal retains signed market when selection changes during wallet prompt (286ms)
  ✓  62 [webkit] › tests/browser/local.spec.ts:152:1 › BR-07 cancel response after recovery cannot emit success into new credential context (416ms)
  ✓  63 [webkit] › tests/browser/local.spec.ts:161:1 › S2-04 CSP blocks inline script and external connect; errors render only text (348ms)
  ✓  64 [webkit] › tests/browser/local.spec.ts:179:1 › BR-03 real HTTP body stall is bounded and preserves saved credential (45.2s)
  ✓  65 [webkit] › tests/browser/local.spec.ts:188:1 › BR-08 cross-tab rotation while withdrawal signature waits aborts old mutation (665ms)
  ✓  66 [webkit] › tests/browser/local.spec.ts:199:1 › BR-07 stale withdrawal proof response is discarded after rotation (314ms)
  ✓  67 [webkit] › tests/browser/local.spec.ts:207:1 › BR-01 metadata and storage-write barriers retain one recovery lock across tabs (662ms)
  ✓  68 [webkit] › tests/browser/local.spec.ts:222:1 › BR-02 obsolete socket callbacks cannot close current native browser socket (322ms)
  ✓  69 [webkit] › tests/browser/local.spec.ts:239:1 › BR-07 old refresh held across rotation cannot install stale balance (418ms)
  ✓  70 [webkit] › tests/browser/local.spec.ts:256:1 › BR-05 session-only warning survives leaving and returning to recovery panel (373ms)
  ✓  71 [webkit] › tests/browser/local.spec.ts:265:1 › S2-02 disabled storage does not crash application shell (227ms)
  ✓  72 [webkit] › tests/browser/local.spec.ts:272:1 › BR-05 session-only warning remains during and after rejected second recovery (561ms)

  72 passed (2.1m)
