[WARN] The "pnpm" field in package.json is no longer read by pnpm. The following keys were ignored: "pnpm.onlyBuiltDependencies". See https://pnpm.io/settings for the new home of each setting.
[2m[WebServer] [22m(node:56955) Warning: The 'NO_COLOR' env is ignored due to the 'FORCE_COLOR' env being set.
[2m[WebServer] [22m(Use `node --trace-warnings ...` to show where the warning was created)
[2m[WebServer] [22m[43m[33m[[39m[49m[43m[30mWARN[39m[49m[43m[33m][39m[49m The "pnpm" field in package.json is no longer read by pnpm. The following keys were ignored: "pnpm.onlyBuiltDependencies". See https://pnpm.io/settings for the new home of each setting.
[2m[WebServer] [22m(node:56956) Warning: The 'NO_COLOR' env is ignored due to the 'FORCE_COLOR' env being set.
[2m[WebServer] [22m(Use `node --trace-warnings ...` to show where the warning was created)
[2m[WebServer] [22m(node:56986) Warning: The 'NO_COLOR' env is ignored due to the 'FORCE_COLOR' env being set.
[2m[WebServer] [22m(Use `node --trace-warnings ...` to show where the warning was created)

Running 72 tests using 1 worker

(node:56987) Warning: The 'NO_COLOR' env is ignored due to the 'FORCE_COLOR' env being set.
(Use `node --trace-warnings ...` to show where the warning was created)
(node:56987) Warning: The 'NO_COLOR' env is ignored due to the 'FORCE_COLOR' env being set.
(Use `node --trace-warnings ...` to show where the warning was created)
  ✓   1 [chromium] › tests/browser/deposit.spec.ts:80:1 › DP-01 full synthetic wallet pipeline retains exact calldata and scoped HTTP intent (454ms)
  ✓   2 [chromium] › tests/browser/deposit.spec.ts:93:66 › DP-02 market changes during mint prompt stop all subsequent mutation (306ms)
  ✓   3 [chromium] › tests/browser/deposit.spec.ts:93:66 › DP-02 market changes during approve prompt stop all subsequent mutation (295ms)
  ✓   4 [chromium] › tests/browser/deposit.spec.ts:93:66 › DP-02 market changes during signature prompt stop all subsequent mutation (303ms)
  ✓   5 [chromium] › tests/browser/deposit.spec.ts:93:66 › DP-02 market changes during deposit prompt stop all subsequent mutation (325ms)
  ✓   6 [chromium] › tests/browser/deposit.spec.ts:105:1 › DP-03 native two-tab lock and credential propagation stop pending bind signature (710ms)
  ✓   7 [chromium] › tests/browser/deposit.spec.ts:119:50 › DP-04 delayed authorize reply cannot succeed after credential rotation (663ms)
  ✓   8 [chromium] › tests/browser/deposit.spec.ts:119:50 › DP-04 delayed onchain reply cannot succeed after credential rotation (667ms)
  ✓   9 [chromium] › tests/browser/deposit.spec.ts:130:1 › DP-05 unknown wallet send survives reload and refuses duplicate transfer (398ms)
  ✓  10 [chromium] › tests/browser/deposit.spec.ts:144:1 › DP-06 unknown credit response resumes recorded transaction after reload (502ms)
  ✓  11 [chromium] › tests/browser/deposit.spec.ts:158:66 › DP-07 missing credit receipt retains journal and retries only original transaction (400ms)
  ✓  12 [chromium] › tests/browser/deposit.spec.ts:158:66 › DP-07 unknown credit receipt retains journal and retries only original transaction (457ms)
  ✓  13 [chromium] › tests/browser/deposit.spec.ts:158:66 › DP-07 zero credit receipt retains journal and retries only original transaction (425ms)
  ✓  14 [chromium] › tests/browser/deposit.spec.ts:158:66 › DP-07 wrongAmount credit receipt retains journal and retries only original transaction (438ms)
  ✓  15 [chromium] › tests/browser/deposit.spec.ts:178:1 › DP-08 status-only reconciliation after same-owner credential rotation retains the original hash (671ms)
  ✓  16 [chromium] › tests/browser/deposit.spec.ts:197:1 › DP-09 original market must be restored before checking the recorded deposit (552ms)
  ✓  17 [chromium] › tests/browser/deposit.spec.ts:212:1 › DP-10 pending and reverted status checks preserve the original operation without sends (562ms)
  ✓  18 [chromium] › tests/browser/local.spec.ts:87:1 › BR-01 real same-origin tabs serialize recovery and adopt storage generation (629ms)
  ✓  19 [chromium] › tests/browser/local.spec.ts:104:1 › BR-01 closing tab holding native Web Lock releases recovery for sibling (468ms)
  ✓  20 [chromium] › tests/browser/local.spec.ts:112:1 › BR-04 wallet rejection and absent Web Locks both fail before POST (279ms)
  ✓  21 [chromium] › tests/browser/local.spec.ts:120:1 › BR-05 storage quota failure retains new key in memory and warns after confirmed rotation (316ms)
  ✓  22 [chromium] › tests/browser/local.spec.ts:132:64 › BR-06 legacy record never transmits old key or registers replacement (96ms)
  ✓  23 [chromium] › tests/browser/local.spec.ts:132:64 › BR-06 mismatch record never transmits old key or registers replacement (103ms)
  ✓  24 [chromium] › tests/browser/local.spec.ts:132:64 › BR-06 corrupt record never transmits old key or registers replacement (116ms)
  ✓  25 [chromium] › tests/browser/local.spec.ts:143:1 › BR-08 withdrawal retains signed market when selection changes during wallet prompt (214ms)
  ✓  26 [chromium] › tests/browser/local.spec.ts:152:1 › BR-07 cancel response after recovery cannot emit success into new credential context (382ms)
  ✓  27 [chromium] › tests/browser/local.spec.ts:161:1 › S2-04 CSP blocks inline script and external connect; errors render only text (313ms)
  ✓  28 [chromium] › tests/browser/local.spec.ts:179:1 › BR-03 real HTTP body stall is bounded and preserves saved credential (46.2s)
  ✓  29 [chromium] › tests/browser/local.spec.ts:188:1 › BR-08 cross-tab rotation while withdrawal signature waits aborts old mutation (533ms)
  ✓  30 [chromium] › tests/browser/local.spec.ts:199:1 › BR-07 stale withdrawal proof response is discarded after rotation (364ms)
  ✓  31 [chromium] › tests/browser/local.spec.ts:207:1 › BR-01 metadata and storage-write barriers retain one recovery lock across tabs (741ms)
  ✓  32 [chromium] › tests/browser/local.spec.ts:222:1 › BR-02 obsolete socket callbacks cannot close current native browser socket (267ms)
  ✓  33 [chromium] › tests/browser/local.spec.ts:239:1 › BR-07 old refresh held across rotation cannot install stale balance (352ms)
  ✓  34 [chromium] › tests/browser/local.spec.ts:256:1 › BR-05 session-only warning survives leaving and returning to recovery panel (316ms)
  ✓  35 [chromium] › tests/browser/local.spec.ts:265:1 › S2-02 disabled storage does not crash application shell (162ms)
  ✓  36 [chromium] › tests/browser/local.spec.ts:272:1 › BR-05 session-only warning remains during and after rejected second recovery (491ms)
(node:57676) Warning: The 'NO_COLOR' env is ignored due to the 'FORCE_COLOR' env being set.
(Use `node --trace-warnings ...` to show where the warning was created)
(node:57676) Warning: The 'NO_COLOR' env is ignored due to the 'FORCE_COLOR' env being set.
(Use `node --trace-warnings ...` to show where the warning was created)
  ✓  37 [webkit] › tests/browser/deposit.spec.ts:80:1 › DP-01 full synthetic wallet pipeline retains exact calldata and scoped HTTP intent (676ms)
  ✓  38 [webkit] › tests/browser/deposit.spec.ts:93:66 › DP-02 market changes during mint prompt stop all subsequent mutation (272ms)
  ✓  39 [webkit] › tests/browser/deposit.spec.ts:93:66 › DP-02 market changes during approve prompt stop all subsequent mutation (260ms)
  ✓  40 [webkit] › tests/browser/deposit.spec.ts:93:66 › DP-02 market changes during signature prompt stop all subsequent mutation (247ms)
  ✓  41 [webkit] › tests/browser/deposit.spec.ts:93:66 › DP-02 market changes during deposit prompt stop all subsequent mutation (335ms)
  ✓  42 [webkit] › tests/browser/deposit.spec.ts:105:1 › DP-03 native two-tab lock and credential propagation stop pending bind signature (475ms)
  ✓  43 [webkit] › tests/browser/deposit.spec.ts:119:50 › DP-04 delayed authorize reply cannot succeed after credential rotation (772ms)
  ✓  44 [webkit] › tests/browser/deposit.spec.ts:119:50 › DP-04 delayed onchain reply cannot succeed after credential rotation (785ms)
  ✓  45 [webkit] › tests/browser/deposit.spec.ts:130:1 › DP-05 unknown wallet send survives reload and refuses duplicate transfer (453ms)
  ✓  46 [webkit] › tests/browser/deposit.spec.ts:144:1 › DP-06 unknown credit response resumes recorded transaction after reload (555ms)
  ✓  47 [webkit] › tests/browser/deposit.spec.ts:158:66 › DP-07 missing credit receipt retains journal and retries only original transaction (472ms)
  ✓  48 [webkit] › tests/browser/deposit.spec.ts:158:66 › DP-07 unknown credit receipt retains journal and retries only original transaction (478ms)
  ✓  49 [webkit] › tests/browser/deposit.spec.ts:158:66 › DP-07 zero credit receipt retains journal and retries only original transaction (492ms)
  ✓  50 [webkit] › tests/browser/deposit.spec.ts:158:66 › DP-07 wrongAmount credit receipt retains journal and retries only original transaction (465ms)
  ✓  51 [webkit] › tests/browser/deposit.spec.ts:178:1 › DP-08 status-only reconciliation after same-owner credential rotation retains the original hash (799ms)
  ✓  52 [webkit] › tests/browser/deposit.spec.ts:197:1 › DP-09 original market must be restored before checking the recorded deposit (524ms)
  ✓  53 [webkit] › tests/browser/deposit.spec.ts:212:1 › DP-10 pending and reverted status checks preserve the original operation without sends (402ms)
  ✓  54 [webkit] › tests/browser/local.spec.ts:87:1 › BR-01 real same-origin tabs serialize recovery and adopt storage generation (736ms)
  ✓  55 [webkit] › tests/browser/local.spec.ts:104:1 › BR-01 closing tab holding native Web Lock releases recovery for sibling (650ms)
  ✓  56 [webkit] › tests/browser/local.spec.ts:112:1 › BR-04 wallet rejection and absent Web Locks both fail before POST (353ms)
  ✓  57 [webkit] › tests/browser/local.spec.ts:120:1 › BR-05 storage quota failure retains new key in memory and warns after confirmed rotation (390ms)
  ✓  58 [webkit] › tests/browser/local.spec.ts:132:64 › BR-06 legacy record never transmits old key or registers replacement (173ms)
  ✓  59 [webkit] › tests/browser/local.spec.ts:132:64 › BR-06 mismatch record never transmits old key or registers replacement (175ms)
  ✓  60 [webkit] › tests/browser/local.spec.ts:132:64 › BR-06 corrupt record never transmits old key or registers replacement (166ms)
  ✓  61 [webkit] › tests/browser/local.spec.ts:143:1 › BR-08 withdrawal retains signed market when selection changes during wallet prompt (290ms)
  ✓  62 [webkit] › tests/browser/local.spec.ts:152:1 › BR-07 cancel response after recovery cannot emit success into new credential context (423ms)
  ✓  63 [webkit] › tests/browser/local.spec.ts:161:1 › S2-04 CSP blocks inline script and external connect; errors render only text (345ms)
  ✓  64 [webkit] › tests/browser/local.spec.ts:179:1 › BR-03 real HTTP body stall is bounded and preserves saved credential (45.2s)
  ✓  65 [webkit] › tests/browser/local.spec.ts:188:1 › BR-08 cross-tab rotation while withdrawal signature waits aborts old mutation (626ms)
  ✓  66 [webkit] › tests/browser/local.spec.ts:199:1 › BR-07 stale withdrawal proof response is discarded after rotation (326ms)
  ✓  67 [webkit] › tests/browser/local.spec.ts:207:1 › BR-01 metadata and storage-write barriers retain one recovery lock across tabs (667ms)
  ✓  68 [webkit] › tests/browser/local.spec.ts:222:1 › BR-02 obsolete socket callbacks cannot close current native browser socket (325ms)
  ✓  69 [webkit] › tests/browser/local.spec.ts:239:1 › BR-07 old refresh held across rotation cannot install stale balance (419ms)
  ✓  70 [webkit] › tests/browser/local.spec.ts:256:1 › BR-05 session-only warning survives leaving and returning to recovery panel (374ms)
  ✓  71 [webkit] › tests/browser/local.spec.ts:265:1 › S2-02 disabled storage does not crash application shell (230ms)
  ✓  72 [webkit] › tests/browser/local.spec.ts:272:1 › BR-05 session-only warning remains during and after rejected second recovery (557ms)

  72 passed (2.1m)
