[WARN] The "pnpm" field in package.json is no longer read by pnpm. The following keys were ignored: "pnpm.onlyBuiltDependencies". See https://pnpm.io/settings for the new home of each setting.
$ playwright test
[2m[WebServer] [22m(node:20843) Warning: The 'NO_COLOR' env is ignored due to the 'FORCE_COLOR' env being set.
[2m[WebServer] [22m(Use `node --trace-warnings ...` to show where the warning was created)
[2m[WebServer] [22m[43m[33m[[39m[49m[43m[30mWARN[39m[49m[43m[33m][39m[49m The "pnpm" field in package.json is no longer read by pnpm. The following keys were ignored: "pnpm.onlyBuiltDependencies". See https://pnpm.io/settings for the new home of each setting.
[2m[WebServer] [22m(node:20847) Warning: The 'NO_COLOR' env is ignored due to the 'FORCE_COLOR' env being set.
[2m[WebServer] [22m(Use `node --trace-warnings ...` to show where the warning was created)
[2m[WebServer] [22m(node:20874) Warning: The 'NO_COLOR' env is ignored due to the 'FORCE_COLOR' env being set.
[2m[WebServer] [22m(Use `node --trace-warnings ...` to show where the warning was created)

Running 78 tests using 1 worker

(node:20880) Warning: The 'NO_COLOR' env is ignored due to the 'FORCE_COLOR' env being set.
(Use `node --trace-warnings ...` to show where the warning was created)
(node:20880) Warning: The 'NO_COLOR' env is ignored due to the 'FORCE_COLOR' env being set.
(Use `node --trace-warnings ...` to show where the warning was created)
  ✓   1 [chromium] › tests/browser/deposit.spec.ts:88:1 › DP-01 full synthetic wallet pipeline retains exact calldata and scoped HTTP intent (451ms)
  ✓   2 [chromium] › tests/browser/deposit.spec.ts:101:66 › DP-02 market changes during mint prompt stop all subsequent mutation (324ms)
  ✓   3 [chromium] › tests/browser/deposit.spec.ts:101:66 › DP-02 market changes during approve prompt stop all subsequent mutation (303ms)
  ✓   4 [chromium] › tests/browser/deposit.spec.ts:101:66 › DP-02 market changes during signature prompt stop all subsequent mutation (300ms)
  ✓   5 [chromium] › tests/browser/deposit.spec.ts:101:66 › DP-02 market changes during deposit prompt stop all subsequent mutation (323ms)
  ✓   6 [chromium] › tests/browser/deposit.spec.ts:113:1 › DP-03 native two-tab lock and credential propagation stop pending bind signature (697ms)
  ✓   7 [chromium] › tests/browser/deposit.spec.ts:127:50 › DP-04 delayed authorize reply cannot succeed after credential rotation (702ms)
  ✓   8 [chromium] › tests/browser/deposit.spec.ts:127:50 › DP-04 delayed onchain reply cannot succeed after credential rotation (669ms)
  ✓   9 [chromium] › tests/browser/deposit.spec.ts:138:1 › DP-05 unknown wallet send survives reload and refuses duplicate transfer (426ms)
  ✓  10 [chromium] › tests/browser/deposit.spec.ts:152:1 › DP-06 unknown credit response resumes recorded transaction after reload (594ms)
  ✓  11 [chromium] › tests/browser/deposit.spec.ts:166:66 › DP-07 missing credit receipt retains journal and retries only original transaction (438ms)
  ✓  12 [chromium] › tests/browser/deposit.spec.ts:166:66 › DP-07 unknown credit receipt retains journal and retries only original transaction (463ms)
  ✓  13 [chromium] › tests/browser/deposit.spec.ts:166:66 › DP-07 zero credit receipt retains journal and retries only original transaction (665ms)
  ✓  14 [chromium] › tests/browser/deposit.spec.ts:166:66 › DP-07 wrongAmount credit receipt retains journal and retries only original transaction (503ms)
  ✓  15 [chromium] › tests/browser/deposit.spec.ts:186:1 › DP-08 status-only reconciliation after same-owner credential rotation retains the original hash (863ms)
  ✓  16 [chromium] › tests/browser/deposit.spec.ts:205:1 › DP-09 original market must be restored before checking the recorded deposit (578ms)
  ✓  17 [chromium] › tests/browser/deposit.spec.ts:220:1 › DP-10 pending and reverted status checks preserve the original operation without sends (554ms)
  ✓  18 [chromium] › tests/browser/deposit.spec.ts:236:1 › DP-11 finalized failure is saved without sending, survives reload, and retries only the failed deposit (826ms)
  ✓  19 [chromium] › tests/browser/deposit.spec.ts:265:1 › DP-12 an unfinalized revert retains its journal and cannot unlock a retry (467ms)
  ✓  20 [chromium] › tests/browser/deposit.spec.ts:278:1 › DP-13 another tab cannot resolve or resume while finality verification holds the native lock (869ms)
  ✓  21 [chromium] › tests/browser/local.spec.ts:87:1 › BR-01 real same-origin tabs serialize recovery and adopt storage generation (658ms)
  ✓  22 [chromium] › tests/browser/local.spec.ts:104:1 › BR-01 closing tab holding native Web Lock releases recovery for sibling (519ms)
  ✓  23 [chromium] › tests/browser/local.spec.ts:112:1 › BR-04 wallet rejection and absent Web Locks both fail before POST (283ms)
  ✓  24 [chromium] › tests/browser/local.spec.ts:120:1 › BR-05 storage quota failure retains new key in memory and warns after confirmed rotation (363ms)
  ✓  25 [chromium] › tests/browser/local.spec.ts:132:64 › BR-06 legacy record never transmits old key or registers replacement (123ms)
  ✓  26 [chromium] › tests/browser/local.spec.ts:132:64 › BR-06 mismatch record never transmits old key or registers replacement (103ms)
  ✓  27 [chromium] › tests/browser/local.spec.ts:132:64 › BR-06 corrupt record never transmits old key or registers replacement (106ms)
  ✓  28 [chromium] › tests/browser/local.spec.ts:143:1 › BR-08 withdrawal retains signed market when selection changes during wallet prompt (219ms)
  ✓  29 [chromium] › tests/browser/local.spec.ts:152:1 › BR-07 cancel response after recovery cannot emit success into new credential context (378ms)
  ✓  30 [chromium] › tests/browser/local.spec.ts:161:1 › S2-04 CSP blocks inline script and external connect; errors render only text (408ms)
  ✓  31 [chromium] › tests/browser/local.spec.ts:179:1 › BR-03 real HTTP body stall is bounded and preserves saved credential (46.2s)
  ✓  32 [chromium] › tests/browser/local.spec.ts:188:1 › BR-08 cross-tab rotation while withdrawal signature waits aborts old mutation (538ms)
  ✓  33 [chromium] › tests/browser/local.spec.ts:199:1 › BR-07 stale withdrawal proof response is discarded after rotation (370ms)
  ✓  34 [chromium] › tests/browser/local.spec.ts:207:1 › BR-01 metadata and storage-write barriers retain one recovery lock across tabs (747ms)
  ✓  35 [chromium] › tests/browser/local.spec.ts:222:1 › BR-02 obsolete socket callbacks cannot close current native browser socket (264ms)
  ✓  36 [chromium] › tests/browser/local.spec.ts:239:1 › BR-07 old refresh held across rotation cannot install stale balance (355ms)
  ✓  37 [chromium] › tests/browser/local.spec.ts:256:1 › BR-05 session-only warning survives leaving and returning to recovery panel (310ms)
  ✓  38 [chromium] › tests/browser/local.spec.ts:265:1 › S2-02 disabled storage does not crash application shell (158ms)
  ✓  39 [chromium] › tests/browser/local.spec.ts:272:1 › BR-05 session-only warning remains during and after rejected second recovery (512ms)
(node:21311) Warning: The 'NO_COLOR' env is ignored due to the 'FORCE_COLOR' env being set.
(Use `node --trace-warnings ...` to show where the warning was created)
(node:21311) Warning: The 'NO_COLOR' env is ignored due to the 'FORCE_COLOR' env being set.
(Use `node --trace-warnings ...` to show where the warning was created)
  ✓  40 [webkit] › tests/browser/deposit.spec.ts:88:1 › DP-01 full synthetic wallet pipeline retains exact calldata and scoped HTTP intent (730ms)
  ✓  41 [webkit] › tests/browser/deposit.spec.ts:101:66 › DP-02 market changes during mint prompt stop all subsequent mutation (284ms)
  ✓  42 [webkit] › tests/browser/deposit.spec.ts:101:66 › DP-02 market changes during approve prompt stop all subsequent mutation (270ms)
  ✓  43 [webkit] › tests/browser/deposit.spec.ts:101:66 › DP-02 market changes during signature prompt stop all subsequent mutation (251ms)
  ✓  44 [webkit] › tests/browser/deposit.spec.ts:101:66 › DP-02 market changes during deposit prompt stop all subsequent mutation (353ms)
  ✓  45 [webkit] › tests/browser/deposit.spec.ts:113:1 › DP-03 native two-tab lock and credential propagation stop pending bind signature (542ms)
  ✓  46 [webkit] › tests/browser/deposit.spec.ts:127:50 › DP-04 delayed authorize reply cannot succeed after credential rotation (540ms)
  ✓  47 [webkit] › tests/browser/deposit.spec.ts:127:50 › DP-04 delayed onchain reply cannot succeed after credential rotation (562ms)
  ✓  48 [webkit] › tests/browser/deposit.spec.ts:138:1 › DP-05 unknown wallet send survives reload and refuses duplicate transfer (432ms)
  ✓  49 [webkit] › tests/browser/deposit.spec.ts:152:1 › DP-06 unknown credit response resumes recorded transaction after reload (559ms)
  ✓  50 [webkit] › tests/browser/deposit.spec.ts:166:66 › DP-07 missing credit receipt retains journal and retries only original transaction (494ms)
  ✓  51 [webkit] › tests/browser/deposit.spec.ts:166:66 › DP-07 unknown credit receipt retains journal and retries only original transaction (511ms)
  ✓  52 [webkit] › tests/browser/deposit.spec.ts:166:66 › DP-07 zero credit receipt retains journal and retries only original transaction (467ms)
  ✓  53 [webkit] › tests/browser/deposit.spec.ts:166:66 › DP-07 wrongAmount credit receipt retains journal and retries only original transaction (497ms)
  ✓  54 [webkit] › tests/browser/deposit.spec.ts:186:1 › DP-08 status-only reconciliation after same-owner credential rotation retains the original hash (715ms)
  ✓  55 [webkit] › tests/browser/deposit.spec.ts:205:1 › DP-09 original market must be restored before checking the recorded deposit (529ms)
  ✓  56 [webkit] › tests/browser/deposit.spec.ts:220:1 › DP-10 pending and reverted status checks preserve the original operation without sends (403ms)
  ✓  57 [webkit] › tests/browser/deposit.spec.ts:236:1 › DP-11 finalized failure is saved without sending, survives reload, and retries only the failed deposit (624ms)
  ✓  58 [webkit] › tests/browser/deposit.spec.ts:265:1 › DP-12 an unfinalized revert retains its journal and cannot unlock a retry (398ms)
  ✓  59 [webkit] › tests/browser/deposit.spec.ts:278:1 › DP-13 another tab cannot resolve or resume while finality verification holds the native lock (668ms)
  ✓  60 [webkit] › tests/browser/local.spec.ts:87:1 › BR-01 real same-origin tabs serialize recovery and adopt storage generation (685ms)
  ✓  61 [webkit] › tests/browser/local.spec.ts:104:1 › BR-01 closing tab holding native Web Lock releases recovery for sibling (675ms)
  ✓  62 [webkit] › tests/browser/local.spec.ts:112:1 › BR-04 wallet rejection and absent Web Locks both fail before POST (367ms)
  ✓  63 [webkit] › tests/browser/local.spec.ts:120:1 › BR-05 storage quota failure retains new key in memory and warns after confirmed rotation (395ms)
  ✓  64 [webkit] › tests/browser/local.spec.ts:132:64 › BR-06 legacy record never transmits old key or registers replacement (173ms)
  ✓  65 [webkit] › tests/browser/local.spec.ts:132:64 › BR-06 mismatch record never transmits old key or registers replacement (176ms)
  ✓  66 [webkit] › tests/browser/local.spec.ts:132:64 › BR-06 corrupt record never transmits old key or registers replacement (176ms)
  ✓  67 [webkit] › tests/browser/local.spec.ts:143:1 › BR-08 withdrawal retains signed market when selection changes during wallet prompt (280ms)
  ✓  68 [webkit] › tests/browser/local.spec.ts:152:1 › BR-07 cancel response after recovery cannot emit success into new credential context (431ms)
  ✓  69 [webkit] › tests/browser/local.spec.ts:161:1 › S2-04 CSP blocks inline script and external connect; errors render only text (376ms)
  ✓  70 [webkit] › tests/browser/local.spec.ts:179:1 › BR-03 real HTTP body stall is bounded and preserves saved credential (45.3s)
  ✓  71 [webkit] › tests/browser/local.spec.ts:188:1 › BR-08 cross-tab rotation while withdrawal signature waits aborts old mutation (671ms)
  ✓  72 [webkit] › tests/browser/local.spec.ts:199:1 › BR-07 stale withdrawal proof response is discarded after rotation (335ms)
  ✓  73 [webkit] › tests/browser/local.spec.ts:207:1 › BR-01 metadata and storage-write barriers retain one recovery lock across tabs (679ms)
  ✓  74 [webkit] › tests/browser/local.spec.ts:222:1 › BR-02 obsolete socket callbacks cannot close current native browser socket (344ms)
  ✓  75 [webkit] › tests/browser/local.spec.ts:239:1 › BR-07 old refresh held across rotation cannot install stale balance (444ms)
  ✓  76 [webkit] › tests/browser/local.spec.ts:256:1 › BR-05 session-only warning survives leaving and returning to recovery panel (381ms)
  ✓  77 [webkit] › tests/browser/local.spec.ts:265:1 › S2-02 disabled storage does not crash application shell (226ms)
  ✓  78 [webkit] › tests/browser/local.spec.ts:272:1 › BR-05 session-only warning remains during and after rejected second recovery (568ms)

  78 passed (2.2m)
