    Finished `test` profile [unoptimized + debuginfo] target(s) in 0.16s
     Running unittests src/main.rs (/tmp/arcora-gateway-target/debug/deps/gateway-af1323d2b67b45c0)

running 3 tests
test snapshot::crash_tests::sigkill_journal_atomic_boundaries_preserve_valid_stage_and_ambiguity ... [oracle-feed] publisher signer address 0x70997970c51812dc3a010c7d01b50e0d17dc79c8 — set each Market.oracle_pubkey to this
[state] genesis engine root 0x464f52b0bc0e452be7e050758e209d7a75708e98ea3eb4f0ffac4e5f6d7a5a28
[oracle-feed] publisher signer address 0x70997970c51812dc3a010c7d01b50e0d17dc79c8 — set each Market.oracle_pubkey to this
[recovery] rolled back window 0 at boot (seal persisted, tx never landed) — the next settle re-seals it under the same batch id
S6_CRASH_CASE {"kind":"journal-stage1-to-prepared","boundary":"temp-created-before-write","owned_pid":44579,"signal":9,"prepared":false,"restored_keccak256":"0x343b6f8a4a5417d23803280a320e542f36e9d4d7d03c3e42283654d35c43ac57","recovery":"DeleteJournal { mutated: true }"}
[oracle-feed] publisher signer address 0x70997970c51812dc3a010c7d01b50e0d17dc79c8 — set each Market.oracle_pubkey to this
[state] genesis engine root 0x464f52b0bc0e452be7e050758e209d7a75708e98ea3eb4f0ffac4e5f6d7a5a28
[oracle-feed] publisher signer address 0x70997970c51812dc3a010c7d01b50e0d17dc79c8 — set each Market.oracle_pubkey to this
[recovery] rolled back window 0 at boot (seal persisted, tx never landed) — the next settle re-seals it under the same batch id
S6_CRASH_CASE {"kind":"journal-stage1-to-prepared","boundary":"data-written-before-file-sync","owned_pid":44580,"signal":9,"prepared":false,"restored_keccak256":"0x51e5a13699f3026806cdc500dd32e3e21b9a2418806555de709d2bc030727c78","recovery":"DeleteJournal { mutated: true }"}
[oracle-feed] publisher signer address 0x70997970c51812dc3a010c7d01b50e0d17dc79c8 — set each Market.oracle_pubkey to this
[state] genesis engine root 0x464f52b0bc0e452be7e050758e209d7a75708e98ea3eb4f0ffac4e5f6d7a5a28
[oracle-feed] publisher signer address 0x70997970c51812dc3a010c7d01b50e0d17dc79c8 — set each Market.oracle_pubkey to this
[recovery] rolled back window 0 at boot (seal persisted, tx never landed) — the next settle re-seals it under the same batch id
S6_CRASH_CASE {"kind":"journal-stage1-to-prepared","boundary":"file-synced-before-rename","owned_pid":44581,"signal":9,"prepared":false,"restored_keccak256":"0x1959aeee918d4cc637c69b76c37b704311fc8b97a57e7c97c706c5399cc0b969","recovery":"DeleteJournal { mutated: true }"}
[oracle-feed] publisher signer address 0x70997970c51812dc3a010c7d01b50e0d17dc79c8 — set each Market.oracle_pubkey to this
[state] genesis engine root 0x464f52b0bc0e452be7e050758e209d7a75708e98ea3eb4f0ffac4e5f6d7a5a28
[oracle-feed] publisher signer address 0x70997970c51812dc3a010c7d01b50e0d17dc79c8 — set each Market.oracle_pubkey to this
[recovery] HOLDING: rollback journal window 0 matches no recovery row (snapshot Counter B 1, chain batchCount 0, chain root 0x00) — keeping the journal; operator must reconcile (startup is refused until this journal resolves)
S6_CRASH_CASE {"kind":"journal-stage1-to-prepared","boundary":"renamed-before-directory-sync","owned_pid":44582,"signal":9,"prepared":true,"restored_keccak256":"0x5e325d41220649b86b84d746759d2fdbf8f8d72f67cb8a644e9d528dbbd6f9c5","recovery":"KeepJournal"}
[oracle-feed] publisher signer address 0x70997970c51812dc3a010c7d01b50e0d17dc79c8 — set each Market.oracle_pubkey to this
[state] genesis engine root 0x464f52b0bc0e452be7e050758e209d7a75708e98ea3eb4f0ffac4e5f6d7a5a28
[oracle-feed] publisher signer address 0x70997970c51812dc3a010c7d01b50e0d17dc79c8 — set each Market.oracle_pubkey to this
[recovery] HOLDING: rollback journal window 0 matches no recovery row (snapshot Counter B 1, chain batchCount 0, chain root 0x00) — keeping the journal; operator must reconcile (startup is refused until this journal resolves)
S6_CRASH_CASE {"kind":"journal-stage1-to-prepared","boundary":"directory-synced-before-return","owned_pid":44583,"signal":9,"prepared":true,"restored_keccak256":"0xc812bd1fa839fca980dbdbd0408df23b70deda191cf3724c5ee2818f70aaf097","recovery":"KeepJournal"}
ok
test snapshot::crash_tests::sigkill_prepared_journal_commit_snapshot_gaps_recover_without_double_commit ... [oracle-feed] publisher signer address 0x70997970c51812dc3a010c7d01b50e0d17dc79c8 — set each Market.oracle_pubkey to this
[state] genesis engine root 0x464f52b0bc0e452be7e050758e209d7a75708e98ea3eb4f0ffac4e5f6d7a5a28
[oracle-feed] publisher signer address 0x70997970c51812dc3a010c7d01b50e0d17dc79c8 — set each Market.oracle_pubkey to this
[recovery] HOLDING: rollback journal window 0 matches no recovery row (snapshot Counter B 1, chain batchCount 0, chain root 0x00) — keeping the journal; operator must reconcile (startup is refused until this journal resolves)
[recovery] rolled forward window 0 at boot (tx landed, commit lost) — bookkeeping re-committed from the journal
[oracle-feed] publisher signer address 0x70997970c51812dc3a010c7d01b50e0d17dc79c8 — set each Market.oracle_pubkey to this
S6_CRASH_CASE {"kind":"prepared-journal-to-commit-snapshot","boundary":"prepared-journal-before-commit-snapshot","owned_pid":44584,"signal":9,"commit_snapshot_published":false,"restored_keccak256":"0x794de2d67e9b760abd14d44fe76830367eea43ed63bae59f8f8b1d0951ee5325","retained_journal_keccak256":"0x62f32f16b93b59d5a8aa70a16936248bb8bb909230f9d1a9ac5def1ff47afcf9","recovery":"DeleteJournal { mutated: true }","restore_after_resolution":"pass"}
[oracle-feed] publisher signer address 0x70997970c51812dc3a010c7d01b50e0d17dc79c8 — set each Market.oracle_pubkey to this
[state] genesis engine root 0x464f52b0bc0e452be7e050758e209d7a75708e98ea3eb4f0ffac4e5f6d7a5a28
[oracle-feed] publisher signer address 0x70997970c51812dc3a010c7d01b50e0d17dc79c8 — set each Market.oracle_pubkey to this
[recovery] HOLDING: rollback journal window 0 matches no recovery row (snapshot Counter B 1, chain batchCount 0, chain root 0x00) — keeping the journal; operator must reconcile (startup is refused until this journal resolves)
[recovery] rolled forward window 0 at boot (tx landed, commit lost) — bookkeeping re-committed from the journal
[oracle-feed] publisher signer address 0x70997970c51812dc3a010c7d01b50e0d17dc79c8 — set each Market.oracle_pubkey to this
S6_CRASH_CASE {"kind":"prepared-journal-to-commit-snapshot","boundary":"temp-created-before-write","owned_pid":44585,"signal":9,"commit_snapshot_published":false,"restored_keccak256":"0xaf44492164d26b6ef9db38ae7d95f03ee8f0ffb18a7e3c09315da933b0ce8d29","retained_journal_keccak256":"0x75ef27695ea2c9cdc0f541777e3aa7e472200137d1b81a396601fd1e8655598b","recovery":"DeleteJournal { mutated: true }","restore_after_resolution":"pass"}
[oracle-feed] publisher signer address 0x70997970c51812dc3a010c7d01b50e0d17dc79c8 — set each Market.oracle_pubkey to this
[state] genesis engine root 0x464f52b0bc0e452be7e050758e209d7a75708e98ea3eb4f0ffac4e5f6d7a5a28
[oracle-feed] publisher signer address 0x70997970c51812dc3a010c7d01b50e0d17dc79c8 — set each Market.oracle_pubkey to this
[recovery] HOLDING: rollback journal window 0 matches no recovery row (snapshot Counter B 1, chain batchCount 0, chain root 0x00) — keeping the journal; operator must reconcile (startup is refused until this journal resolves)
[recovery] rolled forward window 0 at boot (tx landed, commit lost) — bookkeeping re-committed from the journal
[oracle-feed] publisher signer address 0x70997970c51812dc3a010c7d01b50e0d17dc79c8 — set each Market.oracle_pubkey to this
S6_CRASH_CASE {"kind":"prepared-journal-to-commit-snapshot","boundary":"data-written-before-file-sync","owned_pid":44586,"signal":9,"commit_snapshot_published":false,"restored_keccak256":"0x0502441a24fca288047b89e11f949a240d502cc5cea6a936b20cbc5bd71dcb61","retained_journal_keccak256":"0x58f2186eb941ed6e1cdd544ee0448293c5c264331b5acb171f1a1d9428018baf","recovery":"DeleteJournal { mutated: true }","restore_after_resolution":"pass"}
[oracle-feed] publisher signer address 0x70997970c51812dc3a010c7d01b50e0d17dc79c8 — set each Market.oracle_pubkey to this
[state] genesis engine root 0x464f52b0bc0e452be7e050758e209d7a75708e98ea3eb4f0ffac4e5f6d7a5a28
[oracle-feed] publisher signer address 0x70997970c51812dc3a010c7d01b50e0d17dc79c8 — set each Market.oracle_pubkey to this
[recovery] HOLDING: rollback journal window 0 matches no recovery row (snapshot Counter B 1, chain batchCount 0, chain root 0x00) — keeping the journal; operator must reconcile (startup is refused until this journal resolves)
[recovery] rolled forward window 0 at boot (tx landed, commit lost) — bookkeeping re-committed from the journal
[oracle-feed] publisher signer address 0x70997970c51812dc3a010c7d01b50e0d17dc79c8 — set each Market.oracle_pubkey to this
S6_CRASH_CASE {"kind":"prepared-journal-to-commit-snapshot","boundary":"file-synced-before-rename","owned_pid":44587,"signal":9,"commit_snapshot_published":false,"restored_keccak256":"0x5757c699d8ea7968758701bf9a96274ab54e4a1fb49c17e3b3c044b47dbd0b79","retained_journal_keccak256":"0x788cee60ef56cc992cd34f277015c33145d1c522470a5a2724481aed1ed1decd","recovery":"DeleteJournal { mutated: true }","restore_after_resolution":"pass"}
[oracle-feed] publisher signer address 0x70997970c51812dc3a010c7d01b50e0d17dc79c8 — set each Market.oracle_pubkey to this
[state] genesis engine root 0x464f52b0bc0e452be7e050758e209d7a75708e98ea3eb4f0ffac4e5f6d7a5a28
[oracle-feed] publisher signer address 0x70997970c51812dc3a010c7d01b50e0d17dc79c8 — set each Market.oracle_pubkey to this
[recovery] HOLDING: rollback journal window 0 matches no recovery row (snapshot Counter B 1, chain batchCount 0, chain root 0x00) — keeping the journal; operator must reconcile (startup is refused until this journal resolves)
[recovery] rollback journal for window 0 is stale (its commit was already persisted) — resolved, nothing to do
[oracle-feed] publisher signer address 0x70997970c51812dc3a010c7d01b50e0d17dc79c8 — set each Market.oracle_pubkey to this
S6_CRASH_CASE {"kind":"prepared-journal-to-commit-snapshot","boundary":"renamed-before-directory-sync","owned_pid":44588,"signal":9,"commit_snapshot_published":true,"restored_keccak256":"0xd3281cd4741c91312df77d841d422b387101fafea723ce976c95ee7f1cc829e0","retained_journal_keccak256":"0x108ac9abc8ba1cd11cec76e9bf595942e6d2a4639347268d9c7b01ff3683dd18","recovery":"DeleteJournal { mutated: false }","restore_after_resolution":"pass"}
[oracle-feed] publisher signer address 0x70997970c51812dc3a010c7d01b50e0d17dc79c8 — set each Market.oracle_pubkey to this
[state] genesis engine root 0x464f52b0bc0e452be7e050758e209d7a75708e98ea3eb4f0ffac4e5f6d7a5a28
[oracle-feed] publisher signer address 0x70997970c51812dc3a010c7d01b50e0d17dc79c8 — set each Market.oracle_pubkey to this
[recovery] HOLDING: rollback journal window 0 matches no recovery row (snapshot Counter B 1, chain batchCount 0, chain root 0x00) — keeping the journal; operator must reconcile (startup is refused until this journal resolves)
[recovery] rollback journal for window 0 is stale (its commit was already persisted) — resolved, nothing to do
[oracle-feed] publisher signer address 0x70997970c51812dc3a010c7d01b50e0d17dc79c8 — set each Market.oracle_pubkey to this
S6_CRASH_CASE {"kind":"prepared-journal-to-commit-snapshot","boundary":"directory-synced-before-return","owned_pid":44589,"signal":9,"commit_snapshot_published":true,"restored_keccak256":"0x4b439ac6c1ffb1904b048e5d24a7884cce1d9a4d52f2f21f045518dadaf337ba","retained_journal_keccak256":"0x75de13e87d13c8cc1653c97334610fc9be9f8b3925431bd628ce8ca2f16c84a4","recovery":"DeleteJournal { mutated: false }","restore_after_resolution":"pass"}
ok
test snapshot::crash_tests::sigkill_snapshot_atomic_boundaries_restore_exact_old_or_new_state ... [oracle-feed] publisher signer address 0x70997970c51812dc3a010c7d01b50e0d17dc79c8 — set each Market.oracle_pubkey to this
[state] genesis engine root 0x464f52b0bc0e452be7e050758e209d7a75708e98ea3eb4f0ffac4e5f6d7a5a28
[oracle-feed] publisher signer address 0x70997970c51812dc3a010c7d01b50e0d17dc79c8 — set each Market.oracle_pubkey to this
[oracle-feed] publisher signer address 0x70997970c51812dc3a010c7d01b50e0d17dc79c8 — set each Market.oracle_pubkey to this
S6_CRASH_CASE {"kind":"snapshot","boundary":"temp-created-before-write","owned_pid":44590,"signal":9,"published":false,"restored_keccak256":"0x66c1ab6f0f116efde5790d7114637791518107337ff5c178ef132d4851816214","state_root":"0x464f52b0bc0e452be7e050758e209d7a75708e98ea3eb4f0ffac4e5f6d7a5a28","next_write":"pass"}
[oracle-feed] publisher signer address 0x70997970c51812dc3a010c7d01b50e0d17dc79c8 — set each Market.oracle_pubkey to this
S6_CRASH_CASE {"kind":"snapshot","boundary":"data-written-before-file-sync","owned_pid":44591,"signal":9,"published":false,"restored_keccak256":"0x5527552724d3d1f39553baafb28bb201bffe55887ec84b56596a8bd236886f1e","state_root":"0x464f52b0bc0e452be7e050758e209d7a75708e98ea3eb4f0ffac4e5f6d7a5a28","next_write":"pass"}
[oracle-feed] publisher signer address 0x70997970c51812dc3a010c7d01b50e0d17dc79c8 — set each Market.oracle_pubkey to this
S6_CRASH_CASE {"kind":"snapshot","boundary":"file-synced-before-rename","owned_pid":44592,"signal":9,"published":false,"restored_keccak256":"0xc916950e79b61e616c29c1983088f400ccf0cec1dc93dd353165b3cdd65f5804","state_root":"0x464f52b0bc0e452be7e050758e209d7a75708e98ea3eb4f0ffac4e5f6d7a5a28","next_write":"pass"}
[oracle-feed] publisher signer address 0x70997970c51812dc3a010c7d01b50e0d17dc79c8 — set each Market.oracle_pubkey to this
S6_CRASH_CASE {"kind":"snapshot","boundary":"renamed-before-directory-sync","owned_pid":44593,"signal":9,"published":true,"restored_keccak256":"0xb1b9c907d3cf7f09de2f756680664b8bf1a084aa8a0ebb7e94793e9c8be9a034","state_root":"0xd4416a44ece1c3848d517b3063f5c700c028fb8a29390a0bb44b9291632ff31f","next_write":"pass"}
[oracle-feed] publisher signer address 0x70997970c51812dc3a010c7d01b50e0d17dc79c8 — set each Market.oracle_pubkey to this
S6_CRASH_CASE {"kind":"snapshot","boundary":"directory-synced-before-return","owned_pid":44594,"signal":9,"published":true,"restored_keccak256":"0xa539f5e01c3a9a798a61161520deba73e5c56b4bafb42381634794070cfda063","state_root":"0xd4416a44ece1c3848d517b3063f5c700c028fb8a29390a0bb44b9291632ff31f","next_write":"pass"}
ok

test result: ok. 3 passed; 0 failed; 0 ignored; 0 measured; 399 filtered out; finished in 1.37s

