    Checking zeroize v1.9.0
    Checking cfg-if v1.0.4
    Checking typenum v1.20.1
    Checking subtle v2.6.1
    Checking const-oid v0.9.6
    Checking libc v0.2.186
    Checking serde_core v1.0.228
    Checking once_cell v1.21.4
   Compiling syn v2.0.118
    Checking flagset v0.4.7
    Checking base16ct v0.2.0
    Checking crunchy v0.2.4
    Checking stable_deref_trait v1.2.1
    Checking itoa v1.0.18
    Checking byteorder v1.5.0
    Checking tiny-keccak v2.0.2
    Checking log v0.4.33
    Checking hashbrown v0.17.1
    Checking equivalent v1.0.2
    Checking zmij v1.0.21
    Checking rustls-pki-types v1.14.1
    Checking memchr v2.8.2
    Checking hash32 v0.2.1
    Checking untrusted v0.9.0
    Checking pin-project-lite v0.2.17
    Checking base64 v0.22.1
    Checking futures-core v0.3.32
    Checking litemap v0.8.2
    Checking getrandom v0.2.17
    Checking cpufeatures v0.2.17
    Checking rand_core v0.6.4
    Checking ring v0.17.14
    Checking smallvec v1.15.2
    Checking writeable v0.6.3
    Checking keccak v0.1.6
    Checking ff v0.13.1
    Checking utf8_iter v1.0.4
    Checking hex v0.4.3
    Checking curve25519-dalek v4.1.3
    Checking group v0.13.0
    Checking generic-array v0.14.7
    Checking icu_normalizer_data v2.2.0
    Checking indexmap v2.14.0
    Checking icu_properties_data v2.2.0
    Checking percent-encoding v2.3.2
    Checking form_urlencoded v1.2.2
    Checking futures-task v0.3.32
    Checking futures-sink v0.3.32
    Checking slab v0.4.12
   Compiling wasm-bindgen-shared v0.2.126
    Checking x25519-dalek v2.0.1
    Checking webpki-roots v1.0.8
    Checking konst_macro_rules v0.2.19
    Checking webpki-roots v0.26.11
    Checking unicode-ident v1.0.24
    Checking crypto-common v0.1.7
    Checking block-buffer v0.10.4
    Checking crypto-bigint v0.5.5
    Checking inout v0.1.4
    Checking opaque-debug v0.3.1
    Checking universal-hash v0.5.1
    Checking aead v0.5.2
    Checking cipher v0.4.4
    Checking poly1305 v0.8.0
    Checking digest v0.10.7
    Checking konst v0.2.20
   Compiling const_format_proc_macros v0.2.34
    Checking byte-slice-cast v1.2.3
    Checking chacha20 v0.9.1
    Checking hmac v0.12.1
    Checking sha2 v0.10.9
    Checking signature v2.2.0
    Checking sha3 v0.10.9
    Checking rfc6979 v0.4.0
    Checking hkdf v0.12.4
    Checking chacha20poly1305 v0.10.1
    Checking arrayvec v0.7.7
    Checking bytes v1.12.0
    Checking num-traits v0.2.19
    Checking base64 v0.13.1
    Checking rustls-webpki v0.103.15
    Checking dcap-qvl-webpki v0.103.4+dcap.1 (/Users/huseyinarslan/Desktop/arcora-perp/repo/vendor/dcap-qvl-webpki)
    Checking sealed-box v0.0.1 (/Users/huseyinarslan/Desktop/arcora-perp/repo/crates/sealed-box)
   Compiling toml_edit v0.25.12+spec-1.1.0
    Checking anyhow v1.0.103
    Checking pem v3.0.6
    Checking asn1_der v0.7.7
    Checking rustls v0.23.45
    Checking const_format v0.2.36
    Checking urlencoding v2.1.3
    Checking serde_json v1.0.150
    Checking http v1.4.2
    Checking zerocopy v0.8.52
    Checking errno v0.3.14
    Checking socket2 v0.6.4
    Checking mio v1.2.1
    Checking signal-hook-registry v1.4.8
    Checking httparse v1.10.1
    Checking tower-service v0.3.3
    Checking tracing-core v0.1.36
    Checking tower-layer v0.3.3
    Checking sha1 v0.10.6
   Compiling proc-macro-crate v3.5.0
    Checking futures-channel v0.3.32
    Checking data-encoding v2.11.0
    Checking tracing v0.1.44
    Checking httpdate v1.0.3
    Checking http-body v1.0.1
    Checking http-body-util v0.1.3
    Checking sync_wrapper v1.0.2
    Checking utf-8 v0.7.6
    Checking atomic-waker v1.1.2
    Checking pbkdf2 v0.11.0
    Checking salsa20 v0.10.2
    Checking mime v0.3.17
    Checking ryu v1.0.23
    Checking serde_path_to_error v0.1.20
    Checking ctr v0.9.2
    Checking aes v0.8.4
    Checking scrypt v0.10.0
    Checking e2e v0.0.1 (/Users/huseyinarslan/Desktop/arcora-perp/repo/crates/e2e)
    Checking matchit v0.7.3
    Checking bitflags v2.13.0
    Checking tower-http v0.5.2
   Compiling synstructure v0.13.2
   Compiling wasm-bindgen-macro-support v0.2.126
   Compiling serde_derive v1.0.228
   Compiling der_derive v0.7.3
   Compiling zerofrom-derive v0.1.7
   Compiling yoke-derive v0.8.2
   Compiling thiserror-impl v2.0.18
   Compiling zerovec-derive v0.11.3
   Compiling displaydoc v0.2.6
   Compiling futures-macro v0.3.32
   Compiling impl-trait-for-tuples v0.2.3
    Checking der v0.7.10
   Compiling derive_more-impl v1.0.0
   Compiling parity-scale-codec-derive v3.7.5
    Checking zerofrom v0.1.8
    Checking futures-util v0.3.32
    Checking yoke v0.8.3
    Checking zerovec v0.11.6
    Checking thiserror v2.0.18
    Checking cobs v0.3.0
    Checking zerotrie v0.2.4
   Compiling derive_more-impl v2.1.1
   Compiling scale-info-derive v2.11.6
    Checking spki v0.7.3
    Checking sec1 v0.7.3
    Checking pkcs8 v0.10.2
    Checking tinystr v0.8.3
    Checking elliptic-curve v0.13.8
    Checking potential_utf v0.1.5
    Checking icu_locale_core v2.2.0
    Checking icu_collections v2.2.0
    Checking derive_more v1.0.0
    Checking ecdsa v0.16.9
    Checking x509-cert v0.2.5
    Checking ppv-lite86 v0.2.21
   Compiling tokio-macros v2.7.0
    Checking rand_chacha v0.3.1
   Compiling thiserror-impl v1.0.69
    Checking k256 v0.13.4
    Checking rand v0.8.6
    Checking icu_provider v2.2.0
    Checking derive_more v2.1.1
    Checking tokio v1.52.3
   Compiling async-trait v0.1.89
    Checking serde v1.0.228
    Checking icu_properties v2.2.0
    Checking icu_normalizer v2.2.0
   Compiling wasm-bindgen-macro v0.2.126
    Checking perp-core v0.0.1 (/Users/huseyinarslan/Desktop/arcora-perp/repo/crates/perp-core)
    Checking heapless v0.7.17
    Checking parity-scale-codec v3.7.5
    Checking serde-human-bytes v0.1.3
    Checking chrono v0.4.45
    Checking thiserror v1.0.69
    Checking axum-core v0.4.5
    Checking uuid v0.8.2
    Checking tungstenite v0.24.0
    Checking wasm-bindgen v0.2.126
    Checking serde_urlencoded v0.7.1
    Checking scale-info v2.11.6
    Checking postcard v1.1.3
    Checking idna_adapter v1.2.2
    Checking eth-keystore v0.5.0
    Checking idna v1.1.0
    Checking url v2.5.8
    Checking js-sys v0.3.103
    Checking ureq v2.12.1
    Checking matcher v0.0.1 (/Users/huseyinarslan/Desktop/arcora-perp/repo/crates/matcher)
    Checking prover v0.0.1 (/Users/huseyinarslan/Desktop/arcora-perp/repo/crates/prover)
    Checking note-archive v0.0.1 (/Users/huseyinarslan/Desktop/arcora-perp/repo/crates/note-archive)
    Checking committee v0.0.1 (/Users/huseyinarslan/Desktop/arcora-perp/repo/crates/committee)
    Checking bridge v0.0.1 (/Users/huseyinarslan/Desktop/arcora-perp/repo/crates/bridge)
    Checking oracle-feed v0.0.1 (/Users/huseyinarslan/Desktop/arcora-perp/repo/crates/oracle-feed)
    Checking sequencer v0.0.1 (/Users/huseyinarslan/Desktop/arcora-perp/repo/crates/sequencer)
    Checking loadbot v0.0.1 (/Users/huseyinarslan/Desktop/arcora-perp/repo/crates/loadbot)
    Checking node v0.0.1 (/Users/huseyinarslan/Desktop/arcora-perp/repo/crates/node)
    Checking demo v0.0.1 (/Users/huseyinarslan/Desktop/arcora-perp/repo/crates/demo)
    Checking hyper v1.10.1
    Checking tokio-tungstenite v0.24.0
    Checking tower v0.5.3
    Checking hyper-util v0.1.20
    Checking axum v0.7.9
    Checking wasm-bindgen-futures v0.4.76
    Checking dcap-qvl v0.5.2
    Checking dark-perp-attestation v0.0.1 (/Users/huseyinarslan/Desktop/arcora-perp/repo/crates/attestation)
    Checking gateway v0.0.1 (/Users/huseyinarslan/Desktop/arcora-perp/repo/crates/gateway)
    Finished `dev` profile [unoptimized + debuginfo] target(s) in 15.52s
