Warning: This is a nightly build of Foundry. It is recommended to use the latest stable version. To mute this warning set `FOUNDRY_DISABLE_NIGHTLY_WARNING` in your environment.

Compiling 28 files with Solc 0.8.24
Solc 0.8.24 finished in 3.18s
Compiler run successful with warnings:
Warning (2018): Function state mutability can be restricted to pure
 --> test/DeployGuard.t.sol:9:5:
  |
9 |     function test_testnets_allow_the_mock_verifier() public {
  |     ^ (Relevant source part starts here and spans across multiple lines).

Warning (2018): Function state mutability can be restricted to pure
  --> test/DeployGuard.t.sol:15:5:
   |
15 |     function test_real_value_chains_block_the_mock_verifier() public {
   |     ^ (Relevant source part starts here and spans across multiple lines).

Warning (2018): Function state mutability can be restricted to view
  --> test/Fuzz.t.sol:90:5:
   |
90 |     function testFuzz_inclusion_leaf_is_not_an_internal_node(uint256 batchId, bytes32 orderHash) public {
   |     ^ (Relevant source part starts here and spans across multiple lines).


Ran 2 tests for test/DeployGuard.t.sol:DeployGuardTest
[PASS] test_real_value_chains_block_the_mock_verifier() (gas: 1133)
[PASS] test_testnets_allow_the_mock_verifier() (gas: 970)
Suite result: ok. 2 passed; 0 failed; 0 skipped; finished in 3.46ms (336.67µs CPU time)

Ran 5 tests for test/SP1ZkVerifier.t.sol:SP1ZkVerifierTest
[PASS] test_immutables_pinned() (gas: 8474)
[PASS] test_verify_false_on_bad_proof() (gas: 106799)
[PASS] test_verify_false_on_wrong_commitment() (gas: 106521)
[PASS] test_verify_false_on_wrong_vkey() (gas: 280898)
[PASS] test_verify_true_on_matching_proof() (gas: 107112)
Suite result: ok. 5 passed; 0 failed; 0 skipped; finished in 3.88ms (335.79µs CPU time)

Ran 8 tests for test/AttestationRegistry.t.sol:AttestationRegistryTest
[PASS] test_accepts_sw_hardening_needed() (gas: 690237)
[PASS] test_register_rejects_a_non_owner() (gas: 656856)
[PASS] test_registers_a_current_matching_enclave() (gas: 688293)
[PASS] test_rejects_a_degraded_tcb() (gas: 668185)
[PASS] test_rejects_a_measurement_mismatch() (gas: 666416)
[PASS] test_rejects_an_rtmr_mismatch() (gas: 666663)
[PASS] test_rejects_an_unverified_quote() (gas: 662872)
[PASS] test_rejects_truncated_report_data() (gas: 634585)
Suite result: ok. 8 passed; 0 failed; 0 skipped; finished in 6.32ms (2.66ms CPU time)

Ran 4 tests for test/CrossLayer.t.sol:CrossLayerTest
[PASS] test_a06_wind_down_phase_one_commitment_matches_rust() (gas: 7818)
[PASS] test_public_commitment_matches_rust() (gas: 6185)
[PASS] test_real_rust_receipt_passes_ecrecover() (gas: 2530040)
[PASS] test_receipt_digest_matches_rust() (gas: 10192)
Suite result: ok. 4 passed; 0 failed; 0 skipped; finished in 8.07ms (4.56ms CPU time)

Ran 23 tests for test/ClockBoundVerifier.t.sol:ClockBoundVerifierTest
[PASS] test_actual_settlement_requires_registration() (gas: 34219)
[PASS] test_batch_time_monotonicity_crosses_settlement() (gas: 258108)
[PASS] test_bound_proof_settles_through_existing_entrypoint() (gas: 246601)
[PASS] test_clock_does_not_accept_future_batch() (gas: 26851)
[PASS] test_clock_does_not_replace_root_continuity() (gas: 27790)
[PASS] test_legacy_proof_cannot_bypass_registered_clock() (gas: 168632)
[PASS] test_only_bound_settlement_can_call_verify() (gas: 150997)
[PASS] test_previous_anchor_cannot_be_used_for_next_batch() (gas: 257255)
[PASS] test_price_free_window_has_canonical_zero_bounds() (gas: 258535)
[PASS] test_proof_delay_keeps_original_receipt() (gas: 258251)
[PASS] test_rebinding_is_impossible() (gas: 12933)
[PASS] test_refuses_backdated_window() (gas: 30839)
[PASS] test_refuses_future_window() (gas: 30902)
[PASS] test_refuses_overlong_window() (gas: 30428)
[PASS] test_refuses_reversed_window() (gas: 30321)
[PASS] test_registration_is_immutable_even_with_valid_new_clock() (gas: 157086)
[PASS] test_registration_requires_role_authorization() (gas: 21224)
[PASS] test_reorg_removes_anchor_and_old_proof_cannot_authorize_new_receipt() (gas: 534060)
[PASS] test_solidity_v2_encoding_matches_rust() (gas: 983)
[PASS] test_stored_receipt_cannot_replay_after_chain_id_change() (gas: 264065)
[PASS] test_terminal_settlement_and_exit_also_require_bound_proofs() (gas: 539596)
[PASS] test_time_overflow_rejected() (gas: 32950)
[PASS] test_wrong_manifest_cannot_replace_same_batch() (gas: 154863)
Suite result: ok. 23 passed; 0 failed; 0 skipped; finished in 8.09ms (2.84ms CPU time)

Ran 1 test for test/DeployVerifierEnv.t.sol:DeployVerifierEnvTest
[PASS] test_verifier_env_override() (gas: 26907570)
Suite result: ok. 1 passed; 0 failed; 0 skipped; finished in 8.44ms (5.26ms CPU time)

Ran 4 tests for test/Integration.t.sol:IntegrationTest
[PASS] test_bond_floor_immune_to_donations() (gas: 221147)
[PASS] test_deposit_settle_then_claim_from_vault() (gas: 488450)
[PASS] test_settle_requires_a_bond_scaled_to_tvl() (gas: 458895)
[PASS] test_withdrawals_only_from_settled_batches() (gas: 205878)
Suite result: ok. 4 passed; 0 failed; 0 skipped; finished in 5.29ms (3.23ms CPU time)

Ran 4 tests for test/Fuzz.t.sol:FuzzTest
[PASS] testFuzz_claim_only_exact_leaf(address,uint96,uint96) (runs: 256, μ: 157623, ~: 157623)
[PASS] testFuzz_inclusion_leaf_distinct(uint256,bytes32,uint256,bytes32) (runs: 256, μ: 10038, ~: 10038)
[PASS] testFuzz_inclusion_leaf_is_not_an_internal_node(uint256,bytes32) (runs: 256, μ: 6222, ~: 6222)
[PASS] testFuzz_settle_binds_roots(bytes32,bytes32,bytes32,bytes32) (runs: 256, μ: 138758, ~: 138758)
Suite result: ok. 4 passed; 0 failed; 0 skipped; finished in 28.59ms (57.35ms CPU time)

Ran 23 tests for test/CollateralVault.t.sol:CollateralVaultTest
[PASS] test_a_bad_signature_does_not_consume_the_authorization() (gas: 208321)
[PASS] test_a_distinct_authorization_still_deposits() (gas: 265378)
[PASS] test_a_failed_transfer_leaves_the_authorization_usable() (gas: 232478)
[PASS] test_claim_against_settled_root() (gas: 326763)
[PASS] test_claim_with_bad_proof_rejected() (gas: 250790)
[PASS] test_constructor_rejects_zero_gateway_signer() (gas: 38969)
[PASS] test_depositTipAt_records_every_prefix() (gas: 281304)
[PASS] test_deposit_accrues_total() (gas: 203060)
[PASS] test_deposit_advances_chain_matching_rust_KAT() (gas: 277922)
[PASS] test_deposit_chain_is_order_sensitive() (gas: 969898)
[PASS] test_deposit_id_is_pre_increment_count() (gas: 196169)
[PASS] test_deposit_leaf_encoding() (gas: 1152)
[PASS] test_deposit_requires_approval() (gas: 97232)
[PASS] test_deposit_requires_gateway_signature() (gas: 106142)
[PASS] test_deposit_with_valid_gateway_sig_advances_chain_to_KAT() (gas: 275525)
[PASS] test_failed_deposit_does_not_advance_chain() (gas: 103178)
[PASS] test_local_s4_signature_cannot_cross_vault_or_chain() (gas: 952950)
[PASS] test_older_published_root_is_still_claimable() (gas: 370731)
[PASS] test_only_settlement_publishes_root() (gas: 10983)
[PASS] test_replayed_authorization_is_refused() (gas: 248007)
[PASS] test_sig_is_bound_to_from_ownerCommit_amount() (gas: 313145)
[PASS] test_two_leaf_merkle_claim() (gas: 326796)
[PASS] test_zero_root_is_never_a_valid_claim_root() (gas: 23536)
Suite result: ok. 23 passed; 0 failed; 0 skipped; finished in 28.64ms (9.56ms CPU time)

Ran 50 tests for test/DarkPerpSettlement.t.sol:DarkPerpSettlementTest
[PASS] testFuzz_same_block_refund_follows_transaction_order(uint8,bool,bool) (runs: 256, μ: 368838, ~: 355738)
[PASS] test_a06_finalExit_rejects_before_phase_one() (gas: 62055)
[PASS] test_a06_finalExit_reverts_non_governance() (gas: 230694)
[PASS] test_a06_finalSettle_rejects_ordinary_phase_zero_proof() (gas: 75013)
[PASS] test_a06_final_settle_is_one_shot_and_phase_two_exit_is_repeatable() (gas: 369984)
[PASS] test_a06_settleBatch_rejects_phase_one_proof() (gas: 45313)
[PASS] test_answer_by_rejection_requires_membership() (gas: 290650)
[PASS] test_answer_forced_inclusion_refunds_challenger() (gas: 257297)
[PASS] test_answer_presettled_forfeits_to_sequencer() (gas: 268812)
[PASS] test_answer_refund_is_pull_not_push() (gas: 273353)
[PASS] test_answer_rejected_when_batch_lacks_order() (gas: 290641)
[PASS] test_answer_with_batch_settled_after_challenge_succeeds() (gas: 252203)
[PASS] test_bad_receipt_signature_rejected() (gas: 32771)
[PASS] test_cannot_withdraw_bond_after_slash() (gas: 283476)
[PASS] test_cannot_withdraw_bond_below_required_floor() (gas: 299705)
[PASS] test_challenge_allowed_after_ripe() (gas: 149539)
[PASS] test_challenge_requires_bond() (gas: 17309)
[PASS] test_challenge_reverts_before_ripe() (gas: 31973)
[PASS] test_declared_rejection_membership_answers_challenge() (gas: 266376)
[PASS] test_deposit_blocked_in_close_only() (gas: 275412)
[PASS] test_finalSettle_publish_then_claim() (gas: 459002)
[PASS] test_finalSettle_reverts_before_grace() (gas: 62042)
[PASS] test_finalSettle_reverts_non_governance() (gas: 60454)
[PASS] test_finalSettle_reverts_when_not_closeOnly() (gas: 28228)
[PASS] test_finalSettle_works_when_slashed() (gas: 309593)
[PASS] test_inclusion_answered_clears_challenge() (gas: 265510)
[PASS] test_inclusion_unanswered_slashes_bond() (gas: 341558)
[PASS] test_liveness_triggers_close_only() (gas: 46195)
[PASS] test_local_s4_non_sequencer_cannot_configure_bond_or_settle() (gas: 24985)
[PASS] test_non_canonical_signature_rejected() (gas: 25236)
[PASS] test_public_commitment_7word_matches_rust() (gas: 6376)
[PASS] test_rejection_answer_postdating_challenge_refunds() (gas: 255482)
[PASS] test_rejection_answer_presettled_forfeits_to_sequencer() (gas: 269094)
[PASS] test_reopened_challenge_uses_current_settlement_boundary() (gas: 391657)
[PASS] test_same_block_forced_inclusion_refunds_challenger() (gas: 255056)
[PASS] test_same_block_late_rejection_refunds_challenger() (gas: 254998)
[PASS] test_same_block_presettled_rejection_forfeits_to_sequencer() (gas: 268859)
[PASS] test_settleBatch_selector_matches_nine_param_signature() (gas: 458)
[PASS] test_settle_accepts_a_proven_prefix_while_head_moved() (gas: 442132)
[PASS] test_settle_advances_root() (gas: 126784)
[PASS] test_settle_at_l1_deposit_head_succeeds() (gas: 440576)
[PASS] test_settle_binds_withdrawals_root() (gas: 194888)
[PASS] test_settle_blocked_in_close_only() (gas: 54933)
[PASS] test_settle_rejects_bad_prev_root() (gas: 34365)
[PASS] test_settle_rejects_bad_proof() (gas: 66468)
[PASS] test_settle_reverts_on_deposit_root_mismatch() (gas: 285572)
[PASS] test_settle_reverts_on_wrong_prefix_root() (gas: 371864)
[PASS] test_slash_after_closeOnly_does_not_reset_grace() (gas: 315128)
[PASS] test_withdraw_excess_bond() (gas: 135116)
[PASS] test_zero_value_deposit_cannot_stall_settlement() (gas: 436253)
Suite result: ok. 50 passed; 0 failed; 0 skipped; finished in 28.99ms (35.63ms CPU time)

Ran 1 test for test/VaultInvariant.t.sol:VaultInvariantTest
[PASS]
VaultInvariantTest invariants:
[PASS] invariant_balance_bounded
[PASS] invariant_vault_is_solvent
 VaultInvariantTest invariants (runs: 256, calls: 128000, reverts: 42672)

╭----------+-----------+-------+---------+----------╮
| Contract | Selector  | Calls | Reverts | Discards |
+===================================================+
| Handler  | claimLast | 42702 | 0       | 0        |
|----------+-----------+-------+---------+----------|
| Handler  | init      | 42672 | 42672   | 0        |
|----------+-----------+-------+---------+----------|
| Handler  | publish   | 42626 | 0       | 0        |
╰----------+-----------+-------+---------+----------╯

Suite result: ok. 1 passed; 0 failed; 0 skipped; finished in 2.56s (2.55s CPU time)

Ran 1 test for test/SettlementInvariant.t.sol:SettlementInvariantTest
[PASS]
SettlementInvariantTest invariants:
[PASS] invariant_honest_sequencer_is_never_griefed
[PASS] invariant_honest_sequencer_not_slashed
 SettlementInvariantTest invariants (runs: 256, calls: 128000, reverts: 25583)

╭----------+--------------+-------+---------+----------╮
| Contract | Selector     | Calls | Reverts | Discards |
+======================================================+
| Handler  | actAnswer    | 25482 | 0       | 0        |
|----------+--------------+-------+---------+----------|
| Handler  | actChallenge | 25673 | 0       | 0        |
|----------+--------------+-------+---------+----------|
| Handler  | actRoll      | 25565 | 0       | 0        |
|----------+--------------+-------+---------+----------|
| Handler  | actSettle    | 25697 | 0       | 0        |
|----------+--------------+-------+---------+----------|
| Handler  | init         | 25583 | 25583   | 0        |
╰----------+--------------+-------+---------+----------╯

Suite result: ok. 1 passed; 0 failed; 0 skipped; finished in 2.79s (2.78s CPU time)

Ran 12 test suites in 2.80s (5.47s CPU time): 126 tests passed, 0 failed, 0 skipped (126 total tests)
