bridge v0.0.1 (<repo>/crates/bridge)
perp-core v0.0.1 (<repo>/crates/perp-core)
k256 v0.13.4
cfg-if v1.0.4
ecdsa v0.16.9
der v0.7.10
const-oid v0.9.6
der_derive v0.7.3 (proc-macro)
proc-macro2 v1.0.106
unicode-ident v1.0.24
quote v1.0.46
proc-macro2 v1.0.106 (*)
syn v2.0.118
proc-macro2 v1.0.106 (*)
quote v1.0.46 (*)
unicode-ident v1.0.24
flagset v0.4.7
zeroize v1.9.0
digest v0.10.7
block-buffer v0.10.4
generic-array v0.14.7
typenum v1.20.1
zeroize v1.9.0
version_check v0.9.5
const-oid v0.9.6
crypto-common v0.1.7
generic-array v0.14.7 (*)
typenum v1.20.1
subtle v2.6.1
elliptic-curve v0.13.8
base16ct v0.2.0
crypto-bigint v0.5.5
generic-array v0.14.7 (*)
rand_core v0.6.4
getrandom v0.2.17
cfg-if v1.0.4
libc v0.2.186
subtle v2.6.1
zeroize v1.9.0
digest v0.10.7 (*)
ff v0.13.1
rand_core v0.6.4 (*)
subtle v2.6.1
generic-array v0.14.7 (*)
group v0.13.0
ff v0.13.1 (*)
rand_core v0.6.4 (*)
subtle v2.6.1
pkcs8 v0.10.2
der v0.7.10 (*)
spki v0.7.3
der v0.7.10 (*)
rand_core v0.6.4 (*)
sec1 v0.7.3
base16ct v0.2.0
der v0.7.10 (*)
generic-array v0.14.7 (*)
subtle v2.6.1
zeroize v1.9.0
subtle v2.6.1
zeroize v1.9.0
rfc6979 v0.4.0
hmac v0.12.1
digest v0.10.7 (*)
subtle v2.6.1
signature v2.2.0
digest v0.10.7 (*)
rand_core v0.6.4 (*)
spki v0.7.3 (*)
elliptic-curve v0.13.8 (*)
once_cell v1.21.4
sha2 v0.10.9
cfg-if v1.0.4
cpufeatures v0.2.17
libc v0.2.186
digest v0.10.7 (*)
signature v2.2.0 (*)
serde v1.0.228
serde_core v1.0.228
serde_derive v1.0.228 (proc-macro)
proc-macro2 v1.0.106 (*)
quote v1.0.46 (*)
syn v2.0.118 (*)
tiny-keccak v2.0.2
crunchy v0.2.4
k256 v0.13.4 (*)
postcard v1.1.3
cobs v0.3.0
thiserror v2.0.18
thiserror-impl v2.0.18 (proc-macro)
proc-macro2 v1.0.106 (*)
quote v1.0.46 (*)
syn v2.0.118 (*)
heapless v0.7.17
hash32 v0.2.1
byteorder v1.5.0
serde v1.0.228 (*)
stable_deref_trait v1.2.1
rustc_version v0.4.1
semver v1.0.28
serde v1.0.228 (*)
serde v1.0.228 (*)

committee v0.0.1 (<repo>/crates/committee)
k256 v0.13.4 (*)
perp-core v0.0.1 (<repo>/crates/perp-core) (*)
sha3 v0.10.9
digest v0.10.7 (*)
keccak v0.1.6
cpufeatures v0.2.17 (*)

dark-perp-attestation v0.0.1 (<repo>/crates/attestation)
base64 v0.22.1
dcap-qvl v0.5.2
anyhow v1.0.103
asn1_der v0.7.7
base64 v0.22.1
byteorder v1.5.0
chrono v0.4.45
num-traits v0.2.19
autocfg v1.5.1
serde v1.0.228 (*)
const-oid v0.9.6
dcap-qvl-webpki v0.103.4+dcap.1 (<repo>/vendor/dcap-qvl-webpki)
ring v0.17.14
cfg-if v1.0.4
getrandom v0.2.17 (*)
libc v0.2.186
untrusted v0.9.0
cc v1.2.65
find-msvc-tools v0.1.9
shlex v2.0.1
rustls-pki-types v1.14.1
zeroize v1.9.0
untrusted v0.9.0
der v0.7.10 (*)
derive_more v2.1.1
derive_more-impl v2.1.1 (proc-macro)
convert_case v0.10.0
unicode-segmentation v1.13.3
proc-macro2 v1.0.106 (*)
quote v1.0.46 (*)
syn v2.0.118 (*)
unicode-xid v0.2.6
rustc_version v0.4.1 (*)
hex v0.4.3
log v0.4.33
parity-scale-codec v3.7.5
arrayvec v0.7.7
byte-slice-cast v1.2.3
const_format v0.2.36
const_format_proc_macros v0.2.34 (proc-macro)
proc-macro2 v1.0.106 (*)
quote v1.0.46 (*)
unicode-xid v0.2.6
konst v0.2.20
konst_macro_rules v0.2.19
impl-trait-for-tuples v0.2.3 (proc-macro)
proc-macro2 v1.0.106 (*)
quote v1.0.46 (*)
syn v2.0.118 (*)
parity-scale-codec-derive v3.7.5 (proc-macro)
proc-macro-crate v3.5.0
toml_edit v0.25.12+spec-1.1.0
indexmap v2.14.0
equivalent v1.0.2
hashbrown v0.17.1
toml_datetime v1.1.1+spec-1.1.0
toml_parser v1.1.2+spec-1.1.0
winnow v1.0.3
winnow v1.0.3
proc-macro2 v1.0.106 (*)
quote v1.0.46 (*)
syn v2.0.118 (*)
serde v1.0.228 (*)
rustversion v1.0.22 (proc-macro)
pem v3.0.6
base64 v0.22.1
ring v0.17.14 (*)
rustls-pki-types v1.14.1 (*)
scale-info v2.11.6
cfg-if v1.0.4
derive_more v1.0.0
derive_more-impl v1.0.0 (proc-macro)
proc-macro2 v1.0.106 (*)
quote v1.0.46 (*)
syn v2.0.118 (*)
parity-scale-codec v3.7.5 (*)
scale-info-derive v2.11.6 (proc-macro)
proc-macro-crate v3.5.0 (*)
proc-macro2 v1.0.106 (*)
quote v1.0.46 (*)
syn v2.0.118 (*)
serde v1.0.228 (*)
serde-human-bytes v0.1.3
base64 v0.13.1
hex v0.4.3
serde v1.0.228 (*)
serde_json v1.0.150
indexmap v2.14.0 (*)
itoa v1.0.18
memchr v2.8.2
serde_core v1.0.228
zmij v1.0.21
urlencoding v2.1.3
wasm-bindgen-futures v0.4.76
js-sys v0.3.103
cfg-if v1.0.4
futures-util v0.3.32
futures-core v0.3.32
futures-macro v0.3.32 (proc-macro)
proc-macro2 v1.0.106 (*)
quote v1.0.46 (*)
syn v2.0.118 (*)
futures-sink v0.3.32
futures-task v0.3.32
pin-project-lite v0.2.17
slab v0.4.12
wasm-bindgen v0.2.126
cfg-if v1.0.4
once_cell v1.21.4
wasm-bindgen-macro v0.2.126 (proc-macro)
quote v1.0.46 (*)
wasm-bindgen-macro-support v0.2.126
bumpalo v3.20.3
proc-macro2 v1.0.106 (*)
quote v1.0.46 (*)
syn v2.0.118 (*)
wasm-bindgen-shared v0.2.126
unicode-ident v1.0.24
wasm-bindgen-shared v0.2.126 (*)
rustversion v1.0.22 (proc-macro)
wasm-bindgen v0.2.126 (*)
x509-cert v0.2.5
const-oid v0.9.6
der v0.7.10 (*)
spki v0.7.3 (*)
hex v0.4.3
perp-core v0.0.1 (<repo>/crates/perp-core) (*)
ring v0.17.14 (*)
serde v1.0.228 (*)
serde_json v1.0.150 (*)
sha2 v0.10.9 (*)
x25519-dalek v2.0.1
curve25519-dalek v4.1.3
cfg-if v1.0.4
subtle v2.6.1
rustc_version v0.4.1 (*)
rand_core v0.6.4 (*)

demo v0.0.1 (<repo>/crates/demo)
bridge v0.0.1 (<repo>/crates/bridge) (*)
committee v0.0.1 (<repo>/crates/committee) (*)
k256 v0.13.4 (*)
matcher v0.0.1 (<repo>/crates/matcher)
perp-core v0.0.1 (<repo>/crates/perp-core) (*)
serde v1.0.228 (*)
note-archive v0.0.1 (<repo>/crates/note-archive)
perp-core v0.0.1 (<repo>/crates/perp-core) (*)
rand_core v0.6.4 (*)
sealed-box v0.0.1 (<repo>/crates/sealed-box)
chacha20poly1305 v0.10.1
aead v0.5.2
crypto-common v0.1.7 (*)
generic-array v0.14.7 (*)
chacha20 v0.9.1
cfg-if v1.0.4
cipher v0.4.4
crypto-common v0.1.7 (*)
inout v0.1.4
generic-array v0.14.7 (*)
zeroize v1.9.0
cipher v0.4.4 (*)
poly1305 v0.8.0
opaque-debug v0.3.1
universal-hash v0.5.1
crypto-common v0.1.7 (*)
subtle v2.6.1
zeroize v1.9.0
hkdf v0.12.4
hmac v0.12.1 (*)
rand_core v0.6.4 (*)
sha2 v0.10.9 (*)
x25519-dalek v2.0.1 (*)
hex v0.4.3
rand_core v0.6.4 (*)
serde v1.0.228 (*)
serde_json v1.0.150 (*)
serde v1.0.228 (*)
rand_core v0.6.4 (*)
perp-core v0.0.1 (<repo>/crates/perp-core) (*)
prover v0.0.1 (<repo>/crates/prover)
hex v0.4.3
perp-core v0.0.1 (<repo>/crates/perp-core) (*)
postcard v1.1.3 (*)
serde v1.0.228 (*)
rand_core v0.6.4 (*)
sequencer v0.0.1 (<repo>/crates/sequencer)
k256 v0.13.4 (*)
matcher v0.0.1 (<repo>/crates/matcher) (*)
perp-core v0.0.1 (<repo>/crates/perp-core) (*)
serde v1.0.228 (*)
sha3 v0.10.9 (*)

e2e v0.0.1 (<repo>/crates/e2e)
dark-perp-attestation v0.0.1 (<repo>/crates/attestation) (*)
k256 v0.13.4 (*)
matcher v0.0.1 (<repo>/crates/matcher) (*)
note-archive v0.0.1 (<repo>/crates/note-archive) (*)
oracle-feed v0.0.1 (<repo>/crates/oracle-feed)
k256 v0.13.4 (*)
perp-core v0.0.1 (<repo>/crates/perp-core) (*)
serde_json v1.0.150 (*)
ureq v2.12.1
base64 v0.22.1
log v0.4.33
once_cell v1.21.4
rustls v0.23.45
log v0.4.33
once_cell v1.21.4
ring v0.17.14 (*)
rustls-pki-types v1.14.1 (*)
rustls-webpki v0.103.15
ring v0.17.14 (*)
rustls-pki-types v1.14.1 (*)
untrusted v0.9.0
subtle v2.6.1
zeroize v1.9.0
rustls-pki-types v1.14.1 (*)
serde v1.0.228 (*)
serde_json v1.0.150 (*)
url v2.5.8
form_urlencoded v1.2.2
percent-encoding v2.3.2
idna v1.1.0
idna_adapter v1.2.2
icu_normalizer v2.2.0
icu_collections v2.2.0
displaydoc v0.2.6 (proc-macro)
proc-macro2 v1.0.106 (*)
quote v1.0.46 (*)
syn v2.0.118 (*)
potential_utf v0.1.5
zerovec v0.11.6
yoke v0.8.3
stable_deref_trait v1.2.1
yoke-derive v0.8.2 (proc-macro)
proc-macro2 v1.0.106 (*)
quote v1.0.46 (*)
syn v2.0.118 (*)
synstructure v0.13.2
proc-macro2 v1.0.106 (*)
quote v1.0.46 (*)
syn v2.0.118 (*)
zerofrom v0.1.8
zerofrom-derive v0.1.7 (proc-macro)
proc-macro2 v1.0.106 (*)
quote v1.0.46 (*)
syn v2.0.118 (*)
synstructure v0.13.2 (*)
zerofrom v0.1.8 (*)
zerovec-derive v0.11.3 (proc-macro)
proc-macro2 v1.0.106 (*)
quote v1.0.46 (*)
syn v2.0.118 (*)
utf8_iter v1.0.4
yoke v0.8.3 (*)
zerofrom v0.1.8 (*)
zerovec v0.11.6 (*)
icu_normalizer_data v2.2.0
icu_provider v2.2.0
displaydoc v0.2.6 (proc-macro) (*)
icu_locale_core v2.2.0
displaydoc v0.2.6 (proc-macro) (*)
litemap v0.8.2
tinystr v0.8.3
displaydoc v0.2.6 (proc-macro) (*)
zerovec v0.11.6 (*)
writeable v0.6.3
zerovec v0.11.6 (*)
writeable v0.6.3
yoke v0.8.3 (*)
zerofrom v0.1.8 (*)
zerotrie v0.2.4
displaydoc v0.2.6 (proc-macro) (*)
yoke v0.8.3 (*)
zerofrom v0.1.8 (*)
zerovec v0.11.6 (*)
smallvec v1.15.2
zerovec v0.11.6 (*)
icu_properties v2.2.0
icu_collections v2.2.0 (*)
icu_locale_core v2.2.0 (*)
icu_properties_data v2.2.0
icu_provider v2.2.0 (*)
zerotrie v0.2.4 (*)
zerovec v0.11.6 (*)
smallvec v1.15.2
utf8_iter v1.0.4
percent-encoding v2.3.2
webpki-roots v0.26.11
webpki-roots v1.0.8
rustls-pki-types v1.14.1 (*)
perp-core v0.0.1 (<repo>/crates/perp-core) (*)
prover v0.0.1 (<repo>/crates/prover) (*)
rand_core v0.6.4 (*)
sequencer v0.0.1 (<repo>/crates/sequencer) (*)

gateway v0.0.1 (<repo>/crates/gateway)
axum v0.7.9
async-trait v0.1.89 (proc-macro)
proc-macro2 v1.0.106 (*)
quote v1.0.46 (*)
syn v2.0.118 (*)
axum-core v0.4.5
async-trait v0.1.89 (proc-macro) (*)
bytes v1.12.0
futures-util v0.3.32 (*)
http v1.4.2
bytes v1.12.0
itoa v1.0.18
http-body v1.0.1
bytes v1.12.0
http v1.4.2 (*)
http-body-util v0.1.3
bytes v1.12.0
futures-core v0.3.32
http v1.4.2 (*)
http-body v1.0.1 (*)
pin-project-lite v0.2.17
mime v0.3.17
pin-project-lite v0.2.17
rustversion v1.0.22 (proc-macro)
sync_wrapper v1.0.2
tower-layer v0.3.3
tower-service v0.3.3
tracing v0.1.44
log v0.4.33
pin-project-lite v0.2.17
tracing-core v0.1.36
once_cell v1.21.4
base64 v0.22.1
bytes v1.12.0
futures-util v0.3.32 (*)
http v1.4.2 (*)
http-body v1.0.1 (*)
http-body-util v0.1.3 (*)
hyper v1.10.1
atomic-waker v1.1.2
bytes v1.12.0
futures-channel v0.3.32
futures-core v0.3.32
futures-core v0.3.32
http v1.4.2 (*)
http-body v1.0.1 (*)
httparse v1.10.1
httpdate v1.0.3
itoa v1.0.18
pin-project-lite v0.2.17
smallvec v1.15.2
tokio v1.52.3
bytes v1.12.0
libc v0.2.186
mio v1.2.1
libc v0.2.186
pin-project-lite v0.2.17
signal-hook-registry v1.4.8
errno v0.3.14
libc v0.2.186
libc v0.2.186
socket2 v0.6.4
libc v0.2.186
tokio-macros v2.7.0 (proc-macro)
proc-macro2 v1.0.106 (*)
quote v1.0.46 (*)
syn v2.0.118 (*)
hyper-util v0.1.20
bytes v1.12.0
http v1.4.2 (*)
http-body v1.0.1 (*)
hyper v1.10.1 (*)
pin-project-lite v0.2.17
tokio v1.52.3 (*)
tower-service v0.3.3
itoa v1.0.18
matchit v0.7.3
memchr v2.8.2
mime v0.3.17
percent-encoding v2.3.2
pin-project-lite v0.2.17
rustversion v1.0.22 (proc-macro)
serde v1.0.228 (*)
serde_json v1.0.150 (*)
serde_path_to_error v0.1.20
itoa v1.0.18
serde_core v1.0.228
serde_urlencoded v0.7.1
form_urlencoded v1.2.2 (*)
itoa v1.0.18
ryu v1.0.23
serde v1.0.228 (*)
sha1 v0.10.6
cfg-if v1.0.4
cpufeatures v0.2.17 (*)
digest v0.10.7 (*)
sync_wrapper v1.0.2
tokio v1.52.3 (*)
tokio-tungstenite v0.24.0
futures-util v0.3.32 (*)
log v0.4.33
tokio v1.52.3 (*)
tungstenite v0.24.0
byteorder v1.5.0
bytes v1.12.0
data-encoding v2.11.0
http v1.4.2 (*)
httparse v1.10.1
log v0.4.33
rand v0.8.6
libc v0.2.186
rand_chacha v0.3.1
ppv-lite86 v0.2.21
zerocopy v0.8.52
rand_core v0.6.4 (*)
rand_core v0.6.4 (*)
sha1 v0.10.6 (*)
thiserror v1.0.69
thiserror-impl v1.0.69 (proc-macro)
proc-macro2 v1.0.106 (*)
quote v1.0.46 (*)
syn v2.0.118 (*)
utf-8 v0.7.6
tower v0.5.3
futures-core v0.3.32
futures-util v0.3.32 (*)
pin-project-lite v0.2.17
sync_wrapper v1.0.2
tokio v1.52.3 (*)
tower-layer v0.3.3
tower-service v0.3.3
tracing v0.1.44 (*)
tower-layer v0.3.3
tower-service v0.3.3
tracing v0.1.44 (*)
dark-perp-attestation v0.0.1 (<repo>/crates/attestation) (*)
eth-keystore v0.5.0
aes v0.8.4
cfg-if v1.0.4
cipher v0.4.4 (*)
cpufeatures v0.2.17 (*)
ctr v0.9.2
cipher v0.4.4 (*)
digest v0.10.7 (*)
hex v0.4.3
hmac v0.12.1 (*)
pbkdf2 v0.11.0
digest v0.10.7 (*)
rand v0.8.6 (*)
scrypt v0.10.0
hmac v0.12.1 (*)
pbkdf2 v0.11.0 (*)
salsa20 v0.10.2
cipher v0.4.4 (*)
sha2 v0.10.9 (*)
serde v1.0.228 (*)
serde_json v1.0.150 (*)
sha2 v0.10.9 (*)
sha3 v0.10.9 (*)
thiserror v1.0.69 (*)
uuid v0.8.2
getrandom v0.2.17 (*)
serde v1.0.228 (*)
getrandom v0.2.17 (*)
k256 v0.13.4 (*)
note-archive v0.0.1 (<repo>/crates/note-archive) (*)
oracle-feed v0.0.1 (<repo>/crates/oracle-feed) (*)
perp-core v0.0.1 (<repo>/crates/perp-core) (*)
postcard v1.1.3 (*)
prover v0.0.1 (<repo>/crates/prover) (*)
rand v0.8.6 (*)
sealed-box v0.0.1 (<repo>/crates/sealed-box) (*)
sequencer v0.0.1 (<repo>/crates/sequencer) (*)
serde v1.0.228 (*)
serde_json v1.0.150 (*)
sha3 v0.10.9 (*)
tokio v1.52.3 (*)
tower-http v0.5.2
bitflags v2.13.0
bytes v1.12.0
http v1.4.2 (*)
http-body v1.0.1 (*)
http-body-util v0.1.3 (*)
pin-project-lite v0.2.17
tower-layer v0.3.3
tower-service v0.3.3
futures-util v0.3.32 (*)
tokio v1.52.3 (*)
tokio-tungstenite v0.24.0 (*)
tower v0.5.3 (*)

loadbot v0.0.1 (<repo>/crates/loadbot)
matcher v0.0.1 (<repo>/crates/matcher) (*)
perp-core v0.0.1 (<repo>/crates/perp-core) (*)

matcher v0.0.1 (<repo>/crates/matcher) (*)

node v0.0.1 (<repo>/crates/node)
k256 v0.13.4 (*)
oracle-feed v0.0.1 (<repo>/crates/oracle-feed) (*)
perp-core v0.0.1 (<repo>/crates/perp-core) (*)
sequencer v0.0.1 (<repo>/crates/sequencer) (*)

note-archive v0.0.1 (<repo>/crates/note-archive) (*)

oracle-feed v0.0.1 (<repo>/crates/oracle-feed) (*)

perp-core v0.0.1 (<repo>/crates/perp-core) (*)

prover v0.0.1 (<repo>/crates/prover) (*)

sealed-box v0.0.1 (<repo>/crates/sealed-box) (*)

sequencer v0.0.1 (<repo>/crates/sequencer) (*)
