    Blocking waiting for file lock on package cache
    Blocking waiting for file lock on package cache
   Compiling futures-util v0.3.32
   Compiling sequencer v0.0.1 (/private/var/folders/jz/7wbjs_5j45g915858xh6wm200000gn/T/arcora-fixture-v5-4jyoegqn/crates/sequencer)
   Compiling js-sys v0.3.103
   Compiling tokio-tungstenite v0.24.0
   Compiling tower v0.5.3
   Compiling axum-core v0.4.5
   Compiling axum v0.7.9
   Compiling wasm-bindgen-futures v0.4.76
   Compiling dcap-qvl v0.5.2
   Compiling dark-perp-attestation v0.0.1 (/private/var/folders/jz/7wbjs_5j45g915858xh6wm200000gn/T/arcora-fixture-v5-4jyoegqn/crates/attestation)
   Compiling gateway v0.0.1 (/private/var/folders/jz/7wbjs_5j45g915858xh6wm200000gn/T/arcora-fixture-v5-4jyoegqn/crates/gateway)
    Finished `test` profile [unoptimized + debuginfo] target(s) in 11.01s
     Running unittests src/main.rs (/tmp/arcora-gateway-target/debug/deps/gateway-2bbedec7eb8dad12)

running 1 test
[oracle-feed] publisher signer address 0x70997970c51812dc3a010c7d01b50e0d17dc79c8 — set each Market.oracle_pubkey to this
[state] genesis engine root 0x464f52b0bc0e452be7e050758e209d7a75708e98ea3eb4f0ffac4e5f6d7a5a28
FIXTURE GENERATED <repo>/crates/gateway/testdata/snapshots/v5
test frozen_fixture_generator::generate_historical_snapshot_fixture ... ok

test result: ok. 1 passed; 0 failed; 0 ignored; 0 measured; 259 filtered out; finished in 0.09s

