[WARN] The "pnpm" field in package.json is no longer read by pnpm. The following keys were ignored: "pnpm.onlyBuiltDependencies". See https://pnpm.io/settings for the new home of each setting.
$ playwright test
[2m[WebServer] [22m(node:69201) Warning: The 'NO_COLOR' env is ignored due to the 'FORCE_COLOR' env being set.
[2m[WebServer] [22m(Use `node --trace-warnings ...` to show where the warning was created)
[2m[WebServer] [22m[43m[33m[[39m[49m[43m[30mWARN[39m[49m[43m[33m][39m[49m The "pnpm" field in package.json is no longer read by pnpm. The following keys were ignored: "pnpm.onlyBuiltDependencies". See https://pnpm.io/settings for the new home of each setting.
[2m[WebServer] [22m(node:69202) Warning: The 'NO_COLOR' env is ignored due to the 'FORCE_COLOR' env being set.
[2m[WebServer] [22m(Use `node --trace-warnings ...` to show where the warning was created)
[2m[WebServer] [22m(node:69227) Warning: The 'NO_COLOR' env is ignored due to the 'FORCE_COLOR' env being set.
[2m[WebServer] [22m(Use `node --trace-warnings ...` to show where the warning was created)

Running 78 tests using 1 worker

(node:69265) Warning: The 'NO_COLOR' env is ignored due to the 'FORCE_COLOR' env being set.
(Use `node --trace-warnings ...` to show where the warning was created)
(node:69265) Warning: The 'NO_COLOR' env is ignored due to the 'FORCE_COLOR' env being set.
(Use `node --trace-warnings ...` to show where the warning was created)
  ✓   1 [chromium] › tests/browser/deposit.spec.ts:88:1 › DP-01 full synthetic wallet pipeline retains exact calldata and scoped HTTP intent (634ms)
  ✓   2 [chromium] › tests/browser/deposit.spec.ts:101:66 › DP-02 market changes during mint prompt stop all subsequent mutation (352ms)
  ✓   3 [chromium] › tests/browser/deposit.spec.ts:101:66 › DP-02 market changes during approve prompt stop all subsequent mutation (326ms)
  ✓   4 [chromium] › tests/browser/deposit.spec.ts:101:66 › DP-02 market changes during signature prompt stop all subsequent mutation (323ms)
  ✓   5 [chromium] › tests/browser/deposit.spec.ts:101:66 › DP-02 market changes during deposit prompt stop all subsequent mutation (316ms)
  ✓   6 [chromium] › tests/browser/deposit.spec.ts:113:1 › DP-03 native two-tab lock and credential propagation stop pending bind signature (755ms)
  ✓   7 [chromium] › tests/browser/deposit.spec.ts:127:50 › DP-04 delayed authorize reply cannot succeed after credential rotation (690ms)
  ✓   8 [chromium] › tests/browser/deposit.spec.ts:127:50 › DP-04 delayed onchain reply cannot succeed after credential rotation (761ms)
  ✓   9 [chromium] › tests/browser/deposit.spec.ts:138:1 › DP-05 unknown wallet send survives reload and refuses duplicate transfer (439ms)
  ✓  10 [chromium] › tests/browser/deposit.spec.ts:152:1 › DP-06 unknown credit response resumes recorded transaction after reload (506ms)
  ✓  11 [chromium] › tests/browser/deposit.spec.ts:166:66 › DP-07 missing credit receipt retains journal and retries only original transaction (464ms)
  ✓  12 [chromium] › tests/browser/deposit.spec.ts:166:66 › DP-07 unknown credit receipt retains journal and retries only original transaction (453ms)
  ✓  13 [chromium] › tests/browser/deposit.spec.ts:166:66 › DP-07 zero credit receipt retains journal and retries only original transaction (454ms)
  ✓  14 [chromium] › tests/browser/deposit.spec.ts:166:66 › DP-07 wrongAmount credit receipt retains journal and retries only original transaction (445ms)
  ✓  15 [chromium] › tests/browser/deposit.spec.ts:186:1 › DP-08 status-only reconciliation after same-owner credential rotation retains the original hash (752ms)
  ✓  16 [chromium] › tests/browser/deposit.spec.ts:205:1 › DP-09 original market must be restored before checking the recorded deposit (562ms)
  ✓  17 [chromium] › tests/browser/deposit.spec.ts:220:1 › DP-10 pending and reverted status checks preserve the original operation without sends (575ms)
  ✓  18 [chromium] › tests/browser/deposit.spec.ts:236:1 › DP-11 finalized failure is saved without sending, survives reload, and retries only the failed deposit (822ms)
  ✓  19 [chromium] › tests/browser/deposit.spec.ts:265:1 › DP-12 an unfinalized revert retains its journal and cannot unlock a retry (537ms)
  ✓  20 [chromium] › tests/browser/deposit.spec.ts:278:1 › DP-13 another tab cannot resolve or resume while finality verification holds the native lock (810ms)
  ✓  21 [chromium] › tests/browser/local.spec.ts:87:1 › BR-01 real same-origin tabs serialize recovery and adopt storage generation (748ms)
  ✓  22 [chromium] › tests/browser/local.spec.ts:104:1 › BR-01 closing tab holding native Web Lock releases recovery for sibling (564ms)
  ✓  23 [chromium] › tests/browser/local.spec.ts:112:1 › BR-04 wallet rejection and absent Web Locks both fail before POST (314ms)
  ✓  24 [chromium] › tests/browser/local.spec.ts:120:1 › BR-05 storage quota failure retains new key in memory and warns after confirmed rotation (368ms)
  ✓  25 [chromium] › tests/browser/local.spec.ts:132:64 › BR-06 legacy record never transmits old key or registers replacement (147ms)
  ✓  26 [chromium] › tests/browser/local.spec.ts:132:64 › BR-06 mismatch record never transmits old key or registers replacement (126ms)
  ✓  27 [chromium] › tests/browser/local.spec.ts:132:64 › BR-06 corrupt record never transmits old key or registers replacement (144ms)
  ✓  28 [chromium] › tests/browser/local.spec.ts:143:1 › BR-08 withdrawal retains signed market when selection changes during wallet prompt (258ms)
  ✓  29 [chromium] › tests/browser/local.spec.ts:152:1 › BR-07 cancel response after recovery cannot emit success into new credential context (380ms)
  ✓  30 [chromium] › tests/browser/local.spec.ts:161:1 › S2-04 CSP blocks inline script and external connect; errors render only text (337ms)
  ✓  31 [chromium] › tests/browser/local.spec.ts:179:1 › BR-03 real HTTP body stall is bounded and preserves saved credential (46.2s)
  ✓  32 [chromium] › tests/browser/local.spec.ts:188:1 › BR-08 cross-tab rotation while withdrawal signature waits aborts old mutation (602ms)
  ✓  33 [chromium] › tests/browser/local.spec.ts:199:1 › BR-07 stale withdrawal proof response is discarded after rotation (393ms)
  ✓  34 [chromium] › tests/browser/local.spec.ts:207:1 › BR-01 metadata and storage-write barriers retain one recovery lock across tabs (815ms)
  ✓  35 [chromium] › tests/browser/local.spec.ts:222:1 › BR-02 obsolete socket callbacks cannot close current native browser socket (308ms)
  ✓  36 [chromium] › tests/browser/local.spec.ts:239:1 › BR-07 old refresh held across rotation cannot install stale balance (392ms)
  ✓  37 [chromium] › tests/browser/local.spec.ts:256:1 › BR-05 session-only warning survives leaving and returning to recovery panel (332ms)
  ✓  38 [chromium] › tests/browser/local.spec.ts:265:1 › S2-02 disabled storage does not crash application shell (161ms)
  ✓  39 [chromium] › tests/browser/local.spec.ts:272:1 › BR-05 session-only warning remains during and after rejected second recovery (526ms)
(node:69395) Warning: The 'NO_COLOR' env is ignored due to the 'FORCE_COLOR' env being set.
(Use `node --trace-warnings ...` to show where the warning was created)
(node:69395) Warning: The 'NO_COLOR' env is ignored due to the 'FORCE_COLOR' env being set.
(Use `node --trace-warnings ...` to show where the warning was created)
  ✓  40 [webkit] › tests/browser/deposit.spec.ts:88:1 › DP-01 full synthetic wallet pipeline retains exact calldata and scoped HTTP intent (2.4s)
  ✓  41 [webkit] › tests/browser/deposit.spec.ts:101:66 › DP-02 market changes during mint prompt stop all subsequent mutation (367ms)
  ✓  42 [webkit] › tests/browser/deposit.spec.ts:101:66 › DP-02 market changes during approve prompt stop all subsequent mutation (306ms)
  ✓  43 [webkit] › tests/browser/deposit.spec.ts:101:66 › DP-02 market changes during signature prompt stop all subsequent mutation (309ms)
  ✓  44 [webkit] › tests/browser/deposit.spec.ts:101:66 › DP-02 market changes during deposit prompt stop all subsequent mutation (406ms)
  ✓  45 [webkit] › tests/browser/deposit.spec.ts:113:1 › DP-03 native two-tab lock and credential propagation stop pending bind signature (721ms)
  ✓  46 [webkit] › tests/browser/deposit.spec.ts:127:50 › DP-04 delayed authorize reply cannot succeed after credential rotation (691ms)
  ✓  47 [webkit] › tests/browser/deposit.spec.ts:127:50 › DP-04 delayed onchain reply cannot succeed after credential rotation (666ms)
  ✓  48 [webkit] › tests/browser/deposit.spec.ts:138:1 › DP-05 unknown wallet send survives reload and refuses duplicate transfer (506ms)
  ✓  49 [webkit] › tests/browser/deposit.spec.ts:152:1 › DP-06 unknown credit response resumes recorded transaction after reload (654ms)
  ✓  50 [webkit] › tests/browser/deposit.spec.ts:166:66 › DP-07 missing credit receipt retains journal and retries only original transaction (532ms)
  ✓  51 [webkit] › tests/browser/deposit.spec.ts:166:66 › DP-07 unknown credit receipt retains journal and retries only original transaction (534ms)
  ✓  52 [webkit] › tests/browser/deposit.spec.ts:166:66 › DP-07 zero credit receipt retains journal and retries only original transaction (589ms)
  ✓  53 [webkit] › tests/browser/deposit.spec.ts:166:66 › DP-07 wrongAmount credit receipt retains journal and retries only original transaction (547ms)
  ✓  54 [webkit] › tests/browser/deposit.spec.ts:186:1 › DP-08 status-only reconciliation after same-owner credential rotation retains the original hash (805ms)
  ✓  55 [webkit] › tests/browser/deposit.spec.ts:205:1 › DP-09 original market must be restored before checking the recorded deposit (570ms)
  ✓  56 [webkit] › tests/browser/deposit.spec.ts:220:1 › DP-10 pending and reverted status checks preserve the original operation without sends (453ms)
  ✓  57 [webkit] › tests/browser/deposit.spec.ts:236:1 › DP-11 finalized failure is saved without sending, survives reload, and retries only the failed deposit (694ms)
  ✓  58 [webkit] › tests/browser/deposit.spec.ts:265:1 › DP-12 an unfinalized revert retains its journal and cannot unlock a retry (449ms)
  ✓  59 [webkit] › tests/browser/deposit.spec.ts:278:1 › DP-13 another tab cannot resolve or resume while finality verification holds the native lock (735ms)
  ✓  60 [webkit] › tests/browser/local.spec.ts:87:1 › BR-01 real same-origin tabs serialize recovery and adopt storage generation (795ms)
  ✓  61 [webkit] › tests/browser/local.spec.ts:104:1 › BR-01 closing tab holding native Web Lock releases recovery for sibling (736ms)
  ✓  62 [webkit] › tests/browser/local.spec.ts:112:1 › BR-04 wallet rejection and absent Web Locks both fail before POST (392ms)
  ✓  63 [webkit] › tests/browser/local.spec.ts:120:1 › BR-05 storage quota failure retains new key in memory and warns after confirmed rotation (453ms)
  ✓  64 [webkit] › tests/browser/local.spec.ts:132:64 › BR-06 legacy record never transmits old key or registers replacement (232ms)
  ✓  65 [webkit] › tests/browser/local.spec.ts:132:64 › BR-06 mismatch record never transmits old key or registers replacement (228ms)
  ✓  66 [webkit] › tests/browser/local.spec.ts:132:64 › BR-06 corrupt record never transmits old key or registers replacement (236ms)
  ✓  67 [webkit] › tests/browser/local.spec.ts:143:1 › BR-08 withdrawal retains signed market when selection changes during wallet prompt (348ms)
  ✓  68 [webkit] › tests/browser/local.spec.ts:152:1 › BR-07 cancel response after recovery cannot emit success into new credential context (476ms)
  ✓  69 [webkit] › tests/browser/local.spec.ts:161:1 › S2-04 CSP blocks inline script and external connect; errors render only text (430ms)
  ✓  70 [webkit] › tests/browser/local.spec.ts:179:1 › BR-03 real HTTP body stall is bounded and preserves saved credential (45.3s)
  ✓  71 [webkit] › tests/browser/local.spec.ts:188:1 › BR-08 cross-tab rotation while withdrawal signature waits aborts old mutation (799ms)
  ✓  72 [webkit] › tests/browser/local.spec.ts:199:1 › BR-07 stale withdrawal proof response is discarded after rotation (373ms)
  ✓  73 [webkit] › tests/browser/local.spec.ts:207:1 › BR-01 metadata and storage-write barriers retain one recovery lock across tabs (796ms)
  ✓  74 [webkit] › tests/browser/local.spec.ts:222:1 › BR-02 obsolete socket callbacks cannot close current native browser socket (391ms)
  ✓  75 [webkit] › tests/browser/local.spec.ts:239:1 › BR-07 old refresh held across rotation cannot install stale balance (481ms)
  ✓  76 [webkit] › tests/browser/local.spec.ts:256:1 › BR-05 session-only warning survives leaving and returning to recovery panel (422ms)
  ✓  77 [webkit] › tests/browser/local.spec.ts:265:1 › S2-02 disabled storage does not crash application shell (228ms)
  ✓  78 [webkit] › tests/browser/local.spec.ts:272:1 › BR-05 session-only warning remains during and after rejected second recovery (625ms)

  78 passed (2.3m)
