[WARN] The "pnpm" field in package.json is no longer read by pnpm. The following keys were ignored: "pnpm.onlyBuiltDependencies". See https://pnpm.io/settings for the new home of each setting.
$ playwright test
[2m[WebServer] [22m(node:71105) Warning: The 'NO_COLOR' env is ignored due to the 'FORCE_COLOR' env being set.
[2m[WebServer] [22m(Use `node --trace-warnings ...` to show where the warning was created)
[2m[WebServer] [22m[43m[33m[[39m[49m[43m[30mWARN[39m[49m[43m[33m][39m[49m The "pnpm" field in package.json is no longer read by pnpm. The following keys were ignored: "pnpm.onlyBuiltDependencies". See https://pnpm.io/settings for the new home of each setting.
[2m[WebServer] [22m(node:71117) Warning: The 'NO_COLOR' env is ignored due to the 'FORCE_COLOR' env being set.
[2m[WebServer] [22m(Use `node --trace-warnings ...` to show where the warning was created)
[2m[WebServer] [22m(node:71140) Warning: The 'NO_COLOR' env is ignored due to the 'FORCE_COLOR' env being set.
[2m[WebServer] [22m(Use `node --trace-warnings ...` to show where the warning was created)

Running 78 tests using 1 worker

(node:71141) Warning: The 'NO_COLOR' env is ignored due to the 'FORCE_COLOR' env being set.
(Use `node --trace-warnings ...` to show where the warning was created)
(node:71141) Warning: The 'NO_COLOR' env is ignored due to the 'FORCE_COLOR' env being set.
(Use `node --trace-warnings ...` to show where the warning was created)
  ✓   1 [chromium] › tests/browser/deposit.spec.ts:88:1 › DP-01 full synthetic wallet pipeline retains exact calldata and scoped HTTP intent (2.8s)
  ✓   2 [chromium] › tests/browser/deposit.spec.ts:101:66 › DP-02 market changes during mint prompt stop all subsequent mutation (1.5s)
  ✓   3 [chromium] › tests/browser/deposit.spec.ts:101:66 › DP-02 market changes during approve prompt stop all subsequent mutation (2.7s)
  ✓   4 [chromium] › tests/browser/deposit.spec.ts:101:66 › DP-02 market changes during signature prompt stop all subsequent mutation (1.6s)
  ✓   5 [chromium] › tests/browser/deposit.spec.ts:101:66 › DP-02 market changes during deposit prompt stop all subsequent mutation (1.5s)
  ✓   6 [chromium] › tests/browser/deposit.spec.ts:113:1 › DP-03 native two-tab lock and credential propagation stop pending bind signature (3.1s)
  ✓   7 [chromium] › tests/browser/deposit.spec.ts:127:50 › DP-04 delayed authorize reply cannot succeed after credential rotation (4.5s)
  ✓   8 [chromium] › tests/browser/deposit.spec.ts:127:50 › DP-04 delayed onchain reply cannot succeed after credential rotation (3.1s)
  ✓   9 [chromium] › tests/browser/deposit.spec.ts:138:1 › DP-05 unknown wallet send survives reload and refuses duplicate transfer (2.4s)
  ✓  10 [chromium] › tests/browser/deposit.spec.ts:152:1 › DP-06 unknown credit response resumes recorded transaction after reload (3.1s)
  ✓  11 [chromium] › tests/browser/deposit.spec.ts:166:66 › DP-07 missing credit receipt retains journal and retries only original transaction (2.4s)
  ✓  12 [chromium] › tests/browser/deposit.spec.ts:166:66 › DP-07 unknown credit receipt retains journal and retries only original transaction (2.0s)
  ✓  13 [chromium] › tests/browser/deposit.spec.ts:166:66 › DP-07 zero credit receipt retains journal and retries only original transaction (1.8s)
  ✓  14 [chromium] › tests/browser/deposit.spec.ts:166:66 › DP-07 wrongAmount credit receipt retains journal and retries only original transaction (2.1s)
  ✓  15 [chromium] › tests/browser/deposit.spec.ts:186:1 › DP-08 status-only reconciliation after same-owner credential rotation retains the original hash (3.5s)
  ✓  16 [chromium] › tests/browser/deposit.spec.ts:205:1 › DP-09 original market must be restored before checking the recorded deposit (2.6s)
  ✓  17 [chromium] › tests/browser/deposit.spec.ts:220:1 › DP-10 pending and reverted status checks preserve the original operation without sends (2.1s)
  ✓  18 [chromium] › tests/browser/deposit.spec.ts:236:1 › DP-11 finalized failure is saved without sending, survives reload, and retries only the failed deposit (3.4s)
  ✓  19 [chromium] › tests/browser/deposit.spec.ts:265:1 › DP-12 an unfinalized revert retains its journal and cannot unlock a retry (2.4s)
  ✓  20 [chromium] › tests/browser/deposit.spec.ts:278:1 › DP-13 another tab cannot resolve or resume while finality verification holds the native lock (4.2s)
  ✓  21 [chromium] › tests/browser/local.spec.ts:87:1 › BR-01 real same-origin tabs serialize recovery and adopt storage generation (3.0s)
  ✓  22 [chromium] › tests/browser/local.spec.ts:104:1 › BR-01 closing tab holding native Web Lock releases recovery for sibling (2.9s)
  ✓  23 [chromium] › tests/browser/local.spec.ts:112:1 › BR-04 wallet rejection and absent Web Locks both fail before POST (1.6s)
  ✓  24 [chromium] › tests/browser/local.spec.ts:120:1 › BR-05 storage quota failure retains new key in memory and warns after confirmed rotation (1.9s)
  ✓  25 [chromium] › tests/browser/local.spec.ts:132:64 › BR-06 legacy record never transmits old key or registers replacement (817ms)
  ✓  26 [chromium] › tests/browser/local.spec.ts:132:64 › BR-06 mismatch record never transmits old key or registers replacement (609ms)
  ✓  27 [chromium] › tests/browser/local.spec.ts:132:64 › BR-06 corrupt record never transmits old key or registers replacement (595ms)
  ✓  28 [chromium] › tests/browser/local.spec.ts:143:1 › BR-08 withdrawal retains signed market when selection changes during wallet prompt (898ms)
  ✓  29 [chromium] › tests/browser/local.spec.ts:152:1 › BR-07 cancel response after recovery cannot emit success into new credential context (1.4s)
  ✓  30 [chromium] › tests/browser/local.spec.ts:161:1 › S2-04 CSP blocks inline script and external connect; errors render only text (2.5s)
  ✓  31 [chromium] › tests/browser/local.spec.ts:179:1 › BR-03 real HTTP body stall is bounded and preserves saved credential (47.3s)
  ✓  32 [chromium] › tests/browser/local.spec.ts:188:1 › BR-08 cross-tab rotation while withdrawal signature waits aborts old mutation (2.2s)
  ✓  33 [chromium] › tests/browser/local.spec.ts:199:1 › BR-07 stale withdrawal proof response is discarded after rotation (1.2s)
  ✓  34 [chromium] › tests/browser/local.spec.ts:207:1 › BR-01 metadata and storage-write barriers retain one recovery lock across tabs (2.5s)
  ✓  35 [chromium] › tests/browser/local.spec.ts:222:1 › BR-02 obsolete socket callbacks cannot close current native browser socket (1.3s)
  ✓  36 [chromium] › tests/browser/local.spec.ts:239:1 › BR-07 old refresh held across rotation cannot install stale balance (1.2s)
  ✓  37 [chromium] › tests/browser/local.spec.ts:256:1 › BR-05 session-only warning survives leaving and returning to recovery panel (1.7s)
  ✓  38 [chromium] › tests/browser/local.spec.ts:265:1 › S2-02 disabled storage does not crash application shell (900ms)
  ✓  39 [chromium] › tests/browser/local.spec.ts:272:1 › BR-05 session-only warning remains during and after rejected second recovery (2.1s)
(node:71397) Warning: The 'NO_COLOR' env is ignored due to the 'FORCE_COLOR' env being set.
(Use `node --trace-warnings ...` to show where the warning was created)
(node:71397) Warning: The 'NO_COLOR' env is ignored due to the 'FORCE_COLOR' env being set.
(Use `node --trace-warnings ...` to show where the warning was created)
  ✓  40 [webkit] › tests/browser/deposit.spec.ts:88:1 › DP-01 full synthetic wallet pipeline retains exact calldata and scoped HTTP intent (3.2s)
  ✓  41 [webkit] › tests/browser/deposit.spec.ts:101:66 › DP-02 market changes during mint prompt stop all subsequent mutation (2.4s)
  ✓  42 [webkit] › tests/browser/deposit.spec.ts:101:66 › DP-02 market changes during approve prompt stop all subsequent mutation (1.9s)
  ✓  43 [webkit] › tests/browser/deposit.spec.ts:101:66 › DP-02 market changes during signature prompt stop all subsequent mutation (2.7s)
  ✓  44 [webkit] › tests/browser/deposit.spec.ts:101:66 › DP-02 market changes during deposit prompt stop all subsequent mutation (2.5s)
  ✓  45 [webkit] › tests/browser/deposit.spec.ts:113:1 › DP-03 native two-tab lock and credential propagation stop pending bind signature (7.7s)
  ✓  46 [webkit] › tests/browser/deposit.spec.ts:127:50 › DP-04 delayed authorize reply cannot succeed after credential rotation (5.9s)
  ✓  47 [webkit] › tests/browser/deposit.spec.ts:127:50 › DP-04 delayed onchain reply cannot succeed after credential rotation (5.1s)
  ✓  48 [webkit] › tests/browser/deposit.spec.ts:138:1 › DP-05 unknown wallet send survives reload and refuses duplicate transfer (3.1s)
  ✓  49 [webkit] › tests/browser/deposit.spec.ts:152:1 › DP-06 unknown credit response resumes recorded transaction after reload (3.2s)
  ✓  50 [webkit] › tests/browser/deposit.spec.ts:166:66 › DP-07 missing credit receipt retains journal and retries only original transaction (2.2s)
  ✓  51 [webkit] › tests/browser/deposit.spec.ts:166:66 › DP-07 unknown credit receipt retains journal and retries only original transaction (2.3s)
  ✓  52 [webkit] › tests/browser/deposit.spec.ts:166:66 › DP-07 zero credit receipt retains journal and retries only original transaction (1.9s)
  ✓  53 [webkit] › tests/browser/deposit.spec.ts:166:66 › DP-07 wrongAmount credit receipt retains journal and retries only original transaction (1.9s)
  ✓  54 [webkit] › tests/browser/deposit.spec.ts:186:1 › DP-08 status-only reconciliation after same-owner credential rotation retains the original hash (3.5s)
  ✓  55 [webkit] › tests/browser/deposit.spec.ts:205:1 › DP-09 original market must be restored before checking the recorded deposit (2.1s)
  ✓  56 [webkit] › tests/browser/deposit.spec.ts:220:1 › DP-10 pending and reverted status checks preserve the original operation without sends (2.0s)
  ✓  57 [webkit] › tests/browser/deposit.spec.ts:236:1 › DP-11 finalized failure is saved without sending, survives reload, and retries only the failed deposit (3.4s)
  ✓  58 [webkit] › tests/browser/deposit.spec.ts:265:1 › DP-12 an unfinalized revert retains its journal and cannot unlock a retry (2.2s)
  ✓  59 [webkit] › tests/browser/deposit.spec.ts:278:1 › DP-13 another tab cannot resolve or resume while finality verification holds the native lock (4.5s)
  ✓  60 [webkit] › tests/browser/local.spec.ts:87:1 › BR-01 real same-origin tabs serialize recovery and adopt storage generation (3.8s)
  ✓  61 [webkit] › tests/browser/local.spec.ts:104:1 › BR-01 closing tab holding native Web Lock releases recovery for sibling (2.8s)
  ✓  62 [webkit] › tests/browser/local.spec.ts:112:1 › BR-04 wallet rejection and absent Web Locks both fail before POST (1.5s)
  ✓  63 [webkit] › tests/browser/local.spec.ts:120:1 › BR-05 storage quota failure retains new key in memory and warns after confirmed rotation (1.9s)
  ✓  64 [webkit] › tests/browser/local.spec.ts:132:64 › BR-06 legacy record never transmits old key or registers replacement (1.2s)
  ✓  65 [webkit] › tests/browser/local.spec.ts:132:64 › BR-06 mismatch record never transmits old key or registers replacement (1.0s)
  ✓  66 [webkit] › tests/browser/local.spec.ts:132:64 › BR-06 corrupt record never transmits old key or registers replacement (1.1s)
  ✓  67 [webkit] › tests/browser/local.spec.ts:143:1 › BR-08 withdrawal retains signed market when selection changes during wallet prompt (1.4s)
  ✓  68 [webkit] › tests/browser/local.spec.ts:152:1 › BR-07 cancel response after recovery cannot emit success into new credential context (1.5s)
  ✓  69 [webkit] › tests/browser/local.spec.ts:161:1 › S2-04 CSP blocks inline script and external connect; errors render only text (1.9s)
  ✓  70 [webkit] › tests/browser/local.spec.ts:179:1 › BR-03 real HTTP body stall is bounded and preserves saved credential (47.0s)
  ✓  71 [webkit] › tests/browser/local.spec.ts:188:1 › BR-08 cross-tab rotation while withdrawal signature waits aborts old mutation (4.5s)
  ✓  72 [webkit] › tests/browser/local.spec.ts:199:1 › BR-07 stale withdrawal proof response is discarded after rotation (2.8s)
  ✓  73 [webkit] › tests/browser/local.spec.ts:207:1 › BR-01 metadata and storage-write barriers retain one recovery lock across tabs (3.9s)
  ✓  74 [webkit] › tests/browser/local.spec.ts:222:1 › BR-02 obsolete socket callbacks cannot close current native browser socket (2.1s)
  ✓  75 [webkit] › tests/browser/local.spec.ts:239:1 › BR-07 old refresh held across rotation cannot install stale balance (2.5s)
  ✓  76 [webkit] › tests/browser/local.spec.ts:256:1 › BR-05 session-only warning survives leaving and returning to recovery panel (2.3s)
  ✓  77 [webkit] › tests/browser/local.spec.ts:265:1 › S2-02 disabled storage does not crash application shell (889ms)
  ✓  78 [webkit] › tests/browser/local.spec.ts:272:1 › BR-05 session-only warning remains during and after rejected second recovery (2.5s)

  78 passed (4.9m)
