[WARN] The "pnpm" field in package.json is no longer read by pnpm. The following keys were ignored: "pnpm.onlyBuiltDependencies". See https://pnpm.io/settings for the new home of each setting.
$ playwright test
[2m[WebServer] [22m(node:83293) Warning: The 'NO_COLOR' env is ignored due to the 'FORCE_COLOR' env being set.
[2m[WebServer] [22m(Use `node --trace-warnings ...` to show where the warning was created)
[2m[WebServer] [22m[43m[33m[[39m[49m[43m[30mWARN[39m[49m[43m[33m][39m[49m The "pnpm" field in package.json is no longer read by pnpm. The following keys were ignored: "pnpm.onlyBuiltDependencies". See https://pnpm.io/settings for the new home of each setting.
[2m[WebServer] [22m(node:83294) Warning: The 'NO_COLOR' env is ignored due to the 'FORCE_COLOR' env being set.
[2m[WebServer] [22m(Use `node --trace-warnings ...` to show where the warning was created)
[2m[WebServer] [22m(node:83301) Warning: The 'NO_COLOR' env is ignored due to the 'FORCE_COLOR' env being set.
[2m[WebServer] [22m(Use `node --trace-warnings ...` to show where the warning was created)

Running 78 tests using 1 worker

(node:83302) Warning: The 'NO_COLOR' env is ignored due to the 'FORCE_COLOR' env being set.
(Use `node --trace-warnings ...` to show where the warning was created)
(node:83302) Warning: The 'NO_COLOR' env is ignored due to the 'FORCE_COLOR' env being set.
(Use `node --trace-warnings ...` to show where the warning was created)
  ✓   1 [chromium] › tests/browser/deposit.spec.ts:88:1 › DP-01 full synthetic wallet pipeline retains exact calldata and scoped HTTP intent (451ms)
  ✓   2 [chromium] › tests/browser/deposit.spec.ts:101:66 › DP-02 market changes during mint prompt stop all subsequent mutation (304ms)
  ✓   3 [chromium] › tests/browser/deposit.spec.ts:101:66 › DP-02 market changes during approve prompt stop all subsequent mutation (279ms)
  ✓   4 [chromium] › tests/browser/deposit.spec.ts:101:66 › DP-02 market changes during signature prompt stop all subsequent mutation (320ms)
  ✓   5 [chromium] › tests/browser/deposit.spec.ts:101:66 › DP-02 market changes during deposit prompt stop all subsequent mutation (309ms)
  ✓   6 [chromium] › tests/browser/deposit.spec.ts:113:1 › DP-03 native two-tab lock and credential propagation stop pending bind signature (682ms)
  ✓   7 [chromium] › tests/browser/deposit.spec.ts:127:50 › DP-04 delayed authorize reply cannot succeed after credential rotation (656ms)
  ✓   8 [chromium] › tests/browser/deposit.spec.ts:127:50 › DP-04 delayed onchain reply cannot succeed after credential rotation (657ms)
  ✓   9 [chromium] › tests/browser/deposit.spec.ts:138:1 › DP-05 unknown wallet send survives reload and refuses duplicate transfer (369ms)
  ✓  10 [chromium] › tests/browser/deposit.spec.ts:152:1 › DP-06 unknown credit response resumes recorded transaction after reload (507ms)
  ✓  11 [chromium] › tests/browser/deposit.spec.ts:166:66 › DP-07 missing credit receipt retains journal and retries only original transaction (414ms)
  ✓  12 [chromium] › tests/browser/deposit.spec.ts:166:66 › DP-07 unknown credit receipt retains journal and retries only original transaction (448ms)
  ✓  13 [chromium] › tests/browser/deposit.spec.ts:166:66 › DP-07 zero credit receipt retains journal and retries only original transaction (437ms)
  ✓  14 [chromium] › tests/browser/deposit.spec.ts:166:66 › DP-07 wrongAmount credit receipt retains journal and retries only original transaction (434ms)
  ✓  15 [chromium] › tests/browser/deposit.spec.ts:186:1 › DP-08 status-only reconciliation after same-owner credential rotation retains the original hash (676ms)
  ✓  16 [chromium] › tests/browser/deposit.spec.ts:205:1 › DP-09 original market must be restored before checking the recorded deposit (542ms)
  ✓  17 [chromium] › tests/browser/deposit.spec.ts:220:1 › DP-10 pending and reverted status checks preserve the original operation without sends (554ms)
  ✓  18 [chromium] › tests/browser/deposit.spec.ts:236:1 › DP-11 finalized failure is saved without sending, survives reload, and retries only the failed deposit (784ms)
  ✓  19 [chromium] › tests/browser/deposit.spec.ts:265:1 › DP-12 an unfinalized revert retains its journal and cannot unlock a retry (529ms)
  ✓  20 [chromium] › tests/browser/deposit.spec.ts:278:1 › DP-13 another tab cannot resolve or resume while finality verification holds the native lock (807ms)
  ✓  21 [chromium] › tests/browser/local.spec.ts:87:1 › BR-01 real same-origin tabs serialize recovery and adopt storage generation (653ms)
  ✓  22 [chromium] › tests/browser/local.spec.ts:104:1 › BR-01 closing tab holding native Web Lock releases recovery for sibling (504ms)
  ✓  23 [chromium] › tests/browser/local.spec.ts:112:1 › BR-04 wallet rejection and absent Web Locks both fail before POST (277ms)
  ✓  24 [chromium] › tests/browser/local.spec.ts:120:1 › BR-05 storage quota failure retains new key in memory and warns after confirmed rotation (318ms)
  ✓  25 [chromium] › tests/browser/local.spec.ts:132:64 › BR-06 legacy record never transmits old key or registers replacement (112ms)
  ✓  26 [chromium] › tests/browser/local.spec.ts:132:64 › BR-06 mismatch record never transmits old key or registers replacement (103ms)
  ✓  27 [chromium] › tests/browser/local.spec.ts:132:64 › BR-06 corrupt record never transmits old key or registers replacement (107ms)
  ✓  28 [chromium] › tests/browser/local.spec.ts:143:1 › BR-08 withdrawal retains signed market when selection changes during wallet prompt (216ms)
  ✓  29 [chromium] › tests/browser/local.spec.ts:152:1 › BR-07 cancel response after recovery cannot emit success into new credential context (337ms)
  ✓  30 [chromium] › tests/browser/local.spec.ts:161:1 › S2-04 CSP blocks inline script and external connect; errors render only text (349ms)
  ✓  31 [chromium] › tests/browser/local.spec.ts:179:1 › BR-03 real HTTP body stall is bounded and preserves saved credential (46.1s)
  ✓  32 [chromium] › tests/browser/local.spec.ts:188:1 › BR-08 cross-tab rotation while withdrawal signature waits aborts old mutation (518ms)
  ✓  33 [chromium] › tests/browser/local.spec.ts:199:1 › BR-07 stale withdrawal proof response is discarded after rotation (352ms)
  ✓  34 [chromium] › tests/browser/local.spec.ts:207:1 › BR-01 metadata and storage-write barriers retain one recovery lock across tabs (792ms)
  ✓  35 [chromium] › tests/browser/local.spec.ts:222:1 › BR-02 obsolete socket callbacks cannot close current native browser socket (273ms)
  ✓  36 [chromium] › tests/browser/local.spec.ts:239:1 › BR-07 old refresh held across rotation cannot install stale balance (367ms)
  ✓  37 [chromium] › tests/browser/local.spec.ts:256:1 › BR-05 session-only warning survives leaving and returning to recovery panel (325ms)
  ✓  38 [chromium] › tests/browser/local.spec.ts:265:1 › S2-02 disabled storage does not crash application shell (162ms)
  ✓  39 [chromium] › tests/browser/local.spec.ts:272:1 › BR-05 session-only warning remains during and after rejected second recovery (492ms)
(node:83574) Warning: The 'NO_COLOR' env is ignored due to the 'FORCE_COLOR' env being set.
(Use `node --trace-warnings ...` to show where the warning was created)
(node:83574) Warning: The 'NO_COLOR' env is ignored due to the 'FORCE_COLOR' env being set.
(Use `node --trace-warnings ...` to show where the warning was created)
  ✓  40 [webkit] › tests/browser/deposit.spec.ts:88:1 › DP-01 full synthetic wallet pipeline retains exact calldata and scoped HTTP intent (1.1s)
  ✓  41 [webkit] › tests/browser/deposit.spec.ts:101:66 › DP-02 market changes during mint prompt stop all subsequent mutation (260ms)
  ✓  42 [webkit] › tests/browser/deposit.spec.ts:101:66 › DP-02 market changes during approve prompt stop all subsequent mutation (303ms)
  ✓  43 [webkit] › tests/browser/deposit.spec.ts:101:66 › DP-02 market changes during signature prompt stop all subsequent mutation (247ms)
  ✓  44 [webkit] › tests/browser/deposit.spec.ts:101:66 › DP-02 market changes during deposit prompt stop all subsequent mutation (337ms)
  ✓  45 [webkit] › tests/browser/deposit.spec.ts:113:1 › DP-03 native two-tab lock and credential propagation stop pending bind signature (570ms)
  ✓  46 [webkit] › tests/browser/deposit.spec.ts:127:50 › DP-04 delayed authorize reply cannot succeed after credential rotation (757ms)
  ✓  47 [webkit] › tests/browser/deposit.spec.ts:127:50 › DP-04 delayed onchain reply cannot succeed after credential rotation (569ms)
  ✓  48 [webkit] › tests/browser/deposit.spec.ts:138:1 › DP-05 unknown wallet send survives reload and refuses duplicate transfer (417ms)
  ✓  49 [webkit] › tests/browser/deposit.spec.ts:152:1 › DP-06 unknown credit response resumes recorded transaction after reload (549ms)
  ✓  50 [webkit] › tests/browser/deposit.spec.ts:166:66 › DP-07 missing credit receipt retains journal and retries only original transaction (462ms)
  ✓  51 [webkit] › tests/browser/deposit.spec.ts:166:66 › DP-07 unknown credit receipt retains journal and retries only original transaction (493ms)
  ✓  52 [webkit] › tests/browser/deposit.spec.ts:166:66 › DP-07 zero credit receipt retains journal and retries only original transaction (469ms)
  ✓  53 [webkit] › tests/browser/deposit.spec.ts:166:66 › DP-07 wrongAmount credit receipt retains journal and retries only original transaction (466ms)
  ✓  54 [webkit] › tests/browser/deposit.spec.ts:186:1 › DP-08 status-only reconciliation after same-owner credential rotation retains the original hash (689ms)
  ✓  55 [webkit] › tests/browser/deposit.spec.ts:205:1 › DP-09 original market must be restored before checking the recorded deposit (500ms)
  ✓  56 [webkit] › tests/browser/deposit.spec.ts:220:1 › DP-10 pending and reverted status checks preserve the original operation without sends (381ms)
  ✓  57 [webkit] › tests/browser/deposit.spec.ts:236:1 › DP-11 finalized failure is saved without sending, survives reload, and retries only the failed deposit (595ms)
  ✓  58 [webkit] › tests/browser/deposit.spec.ts:265:1 › DP-12 an unfinalized revert retains its journal and cannot unlock a retry (379ms)
  ✓  59 [webkit] › tests/browser/deposit.spec.ts:278:1 › DP-13 another tab cannot resolve or resume while finality verification holds the native lock (613ms)
  ✓  60 [webkit] › tests/browser/local.spec.ts:87:1 › BR-01 real same-origin tabs serialize recovery and adopt storage generation (681ms)
  ✓  61 [webkit] › tests/browser/local.spec.ts:104:1 › BR-01 closing tab holding native Web Lock releases recovery for sibling (622ms)
  ✓  62 [webkit] › tests/browser/local.spec.ts:112:1 › BR-04 wallet rejection and absent Web Locks both fail before POST (351ms)
  ✓  63 [webkit] › tests/browser/local.spec.ts:120:1 › BR-05 storage quota failure retains new key in memory and warns after confirmed rotation (381ms)
  ✓  64 [webkit] › tests/browser/local.spec.ts:132:64 › BR-06 legacy record never transmits old key or registers replacement (167ms)
  ✓  65 [webkit] › tests/browser/local.spec.ts:132:64 › BR-06 mismatch record never transmits old key or registers replacement (163ms)
  ✓  66 [webkit] › tests/browser/local.spec.ts:132:64 › BR-06 corrupt record never transmits old key or registers replacement (167ms)
  ✓  67 [webkit] › tests/browser/local.spec.ts:143:1 › BR-08 withdrawal retains signed market when selection changes during wallet prompt (286ms)
  ✓  68 [webkit] › tests/browser/local.spec.ts:152:1 › BR-07 cancel response after recovery cannot emit success into new credential context (416ms)
  ✓  69 [webkit] › tests/browser/local.spec.ts:161:1 › S2-04 CSP blocks inline script and external connect; errors render only text (344ms)
  ✓  70 [webkit] › tests/browser/local.spec.ts:179:1 › BR-03 real HTTP body stall is bounded and preserves saved credential (45.2s)
  ✓  71 [webkit] › tests/browser/local.spec.ts:188:1 › BR-08 cross-tab rotation while withdrawal signature waits aborts old mutation (633ms)
  ✓  72 [webkit] › tests/browser/local.spec.ts:199:1 › BR-07 stale withdrawal proof response is discarded after rotation (325ms)
  ✓  73 [webkit] › tests/browser/local.spec.ts:207:1 › BR-01 metadata and storage-write barriers retain one recovery lock across tabs (662ms)
  ✓  74 [webkit] › tests/browser/local.spec.ts:222:1 › BR-02 obsolete socket callbacks cannot close current native browser socket (328ms)
  ✓  75 [webkit] › tests/browser/local.spec.ts:239:1 › BR-07 old refresh held across rotation cannot install stale balance (410ms)
  ✓  76 [webkit] › tests/browser/local.spec.ts:256:1 › BR-05 session-only warning survives leaving and returning to recovery panel (362ms)
  ✓  77 [webkit] › tests/browser/local.spec.ts:265:1 › S2-02 disabled storage does not crash application shell (227ms)
  ✓  78 [webkit] › tests/browser/local.spec.ts:272:1 › BR-05 session-only warning remains during and after rejected second recovery (557ms)

  78 passed (2.1m)
