warning: use of deprecated method `sha2::digest::generic_array::GenericArray::<T, N>::as_slice`: please upgrade to generic-array 1.x
   --> <repo>/crates/attestation/src/vtpm.rs:239:32
    |
239 |     if Sha256::digest(runtime).as_slice() != &td.report_data[..32] {
    |                                ^^^^^^^^
    |
    = note: `#[warn(deprecated)]` on by default

warning: use of deprecated method `sha2::digest::generic_array::GenericArray::<T, N>::as_slice`: please upgrade to generic-array 1.x
   --> <repo>/crates/attestation/src/vtpm.rs:270:21
    |
270 |     if h.finalize().as_slice() != q.pcr_digest {
    |                     ^^^^^^^^

warning: `dark-perp-attestation` (lib) generated 2 warnings
warning: prover-service@0.0.0: Build skipped for perp-core-guest at 2026-09-28 16:53:18 due to SP1_SKIP_PROGRAM_BUILD flag
   Compiling prover-service v0.0.0 (<repo>/crates/prover-service)
    Finished `release` profile [optimized] target(s) in 5.85s
     Running unittests src/main.rs (/tmp/arcora-prover-service-target/release/deps/prover_service-cbeeb1073c540dc6)

running 9 tests
test shutdown_tests::owned_shutdown_child ... ignored, owned subprocess fixture; launched by the SIGTERM parent tests
test admission::tests::token_and_configuration_boundaries_fail_closed ... ok

thread 'tokio-rt-worker' (2276725) panicked at src/admission.rs:401:30:
injected worker failure
note: run with `RUST_BACKTRACE=1` environment variable to display a backtrace
test admission::tests::overload_is_rejected_before_body_polling_and_shutdown_stays_closed ... ok
test admission::tests::cancelling_waiter_does_not_release_a_running_blocking_worker_slot ... ok
test admission::tests::worker_panic_remains_an_error_and_does_not_strand_shutdown ... ok
test admission::tests::authentication_precedes_body_polling_and_json_errors ... ok
test admission::tests::admitted_stalled_body_times_out_and_releases_its_slot ... ok
PROVER_PROCESS_DRAIN {"cancelledHttpClient":false,"handlerCancelledBeforeWorkerRelease":false,"signal":"SIGTERM","listenerClosedBeforeWorkerRelease":true,"slotRetainedAfterClientDisconnect":false,"admissionClosed":true,"postDrainAdmissionStatus":503,"workerCompletedBeforeExit":true,"processExit":0,"elapsedAfterSignalMs":133,"realProof":false}
test shutdown_tests::sigterm_drains_accepted_request_before_owned_process_exit ... ok
PROVER_PROCESS_DRAIN {"cancelledHttpClient":true,"handlerCancelledBeforeWorkerRelease":true,"signal":"SIGTERM","listenerClosedBeforeWorkerRelease":true,"slotRetainedAfterClientDisconnect":true,"admissionClosed":true,"postDrainAdmissionStatus":503,"workerCompletedBeforeExit":true,"processExit":0,"elapsedAfterSignalMs":134,"realProof":false}
test shutdown_tests::sigterm_after_http_cancellation_keeps_owned_worker_until_completion ... ok

test result: ok. 8 passed; 0 failed; 1 ignored; 0 measured; 0 filtered out; finished in 0.16s

     Running unittests src/bin/seal-client.rs (/tmp/arcora-prover-service-target/release/deps/seal_client-5f2c10bbdceee314)

running 0 tests

test result: ok. 0 passed; 0 failed; 0 ignored; 0 measured; 0 filtered out; finished in 0.00s

