Warning: This is a nightly build of Foundry. It is recommended to use the latest stable version. To mute this warning set `FOUNDRY_DISABLE_NIGHTLY_WARNING` in your environment. 

warning[unsafe-typecast]: typecasts that can truncate values should be checked
   ╭▸ contracts/vendor/sp1-contracts/src/v6.1.0/SP1VerifierGroth16.sol:57:35
   │
57 │         bytes4 expectedSelector = bytes4(VERIFIER_HASH());
   │                                   ━━━━━━━━━━━━━━━━━━━━━━━
   │
   ├ note: consider disabling this lint if you're certain the cast is safe
   │       
   │       // casting to 'bytes4' is safe because [explain why]
   │       // forge-lint: disable-next-line(unsafe-typecast)
   │       
   │       
   ╰ help: https://getfoundry.sh/forge/linting/unsafe-typecast

warning[unsafe-typecast]: typecasts that can truncate values should be checked
   ╭▸ contracts/vendor/sp1-contracts/src/SP1VerifierGateway.sol:38:27
   │
38 │         bytes4 selector = bytes4(ISP1VerifierWithHash(verifier).VERIFIER_HASH());
   │                           ━━━━━━━━━━━━━━━━━━━━━━━━━━━━━━━━━━━━━━━━━━━━━━━━━━━━━━
   │
   ├ note: consider disabling this lint if you're certain the cast is safe
   │       
   │       // casting to 'bytes4' is safe because [explain why]
   │       // forge-lint: disable-next-line(unsafe-typecast)
   │       
   │       
   ╰ help: https://getfoundry.sh/forge/linting/unsafe-typecast

